<html>
<body>
<pre>
<h1>µVision Build Log</h1>
<h2>Tool Versions:</h2>
IDE-Version: ¦ÌVision V5.37.0.0
Copyright (C) 2022 ARM Ltd and ARM Germany GmbH. All rights reserved.
License Information: CaoXiang,  , LIC=NQQMA-1915S-2ZWW4-F7RWG-XURX7-SK4R0
 
Tool Versions:
Toolchain:       MDK-ARM Plus  Version: 5.37.0.0
Toolchain Path:  F:\ProgramFiles\Keil_v5\ARM\ARM_Compiler_5.06u7\Bin
C Compiler:      Armcc.exe V5.06 update 7 (build 960)
Assembler:       Armasm.exe V5.06 update 7 (build 960)
Linker/Locator:  ArmLink.exe V5.06 update 7 (build 960)
Library Manager: ArmAr.exe V5.06 update 7 (build 960)
Hex Converter:   FromElf.exe V5.06 update 7 (build 960)
CPU DLL:         SARMCM3.DLL V5.37.0.0
Dialog DLL:      DCM.DLL V1.17.5.0
Target DLL:      STLink\ST-LINKIII-KEIL_SWO.dll V3.0.9.0
Dialog DLL:      TCM.DLL V1.56.1.0
 
<h2>Project:</h2>
e:\Project\KeilProject\Templete2\project.uvprojx
Project File Date:  05/08/2026

<h2>Output:</h2>
*** Using Compiler 'V5.06 update 7 (build 960)', folder: 'F:\ProgramFiles\Keil_v5\ARM\ARM_Compiler_5.06u7\Bin'
Rebuild target 'Target 1'
compiling stm32f10x_it.c...
.\User\stm32f10x_conf.h(20): warning:  #1-D: last line of file ends without a newline
  #endif
User\stm32f10x_it.c: 1 warning, 0 errors
compiling main.c...
.\User\stm32f10x_conf.h(20): warning:  #1-D: last line of file ends without a newline
  #endif
.\Hardware\key.h(18): warning:  #1-D: last line of file ends without a newline
  #endif
.\Hardware\pwm.h(11): warning:  #1-D: last line of file ends without a newline
  #endif
.\Hardware\adc.h(9): warning:  #1-D: last line of file ends without a newline
  #endif
User\main.c: 4 warnings, 0 errors
compiling assert.c...
.\User\stm32f10x_conf.h(20): warning:  #1-D: last line of file ends without a newline
  #endif
User\assert.c(8): warning:  #1-D: last line of file ends without a newline
  }
User\assert.c: 2 warnings, 0 errors
compiling stm32f10x_exti.c...
.\User\stm32f10x_conf.h(20): warning:  #1-D: last line of file ends without a newline
  #endif
Library\stm32f10x_exti.c: 1 warning, 0 errors
compiling misc.c...
.\User\stm32f10x_conf.h(20): warning:  #1-D: last line of file ends without a newline
  #endif
Library\misc.c: 1 warning, 0 errors
compiling stm32f10x_cec.c...
.\User\stm32f10x_conf.h(20): warning:  #1-D: last line of file ends without a newline
  #endif
Library\stm32f10x_cec.c: 1 warning, 0 errors
compiling stm32f10x_bkp.c...
.\User\stm32f10x_conf.h(20): warning:  #1-D: last line of file ends without a newline
  #endif
Library\stm32f10x_bkp.c: 1 warning, 0 errors
compiling stm32f10x_crc.c...
.\User\stm32f10x_conf.h(20): warning:  #1-D: last line of file ends without a newline
  #endif
Library\stm32f10x_crc.c: 1 warning, 0 errors
compiling stm32f10x_dbgmcu.c...
.\User\stm32f10x_conf.h(20): warning:  #1-D: last line of file ends without a newline
  #endif
Library\stm32f10x_dbgmcu.c: 1 warning, 0 errors
compiling stm32f10x_dac.c...
.\User\stm32f10x_conf.h(20): warning:  #1-D: last line of file ends without a newline
  #endif
Library\stm32f10x_dac.c: 1 warning, 0 errors
compiling stm32f10x_adc.c...
.\User\stm32f10x_conf.h(20): warning:  #1-D: last line of file ends without a newline
  #endif
Library\stm32f10x_adc.c: 1 warning, 0 errors
compiling stm32f10x_dma.c...
.\User\stm32f10x_conf.h(20): warning:  #1-D: last line of file ends without a newline
  #endif
Library\stm32f10x_dma.c: 1 warning, 0 errors
compiling stm32f10x_can.c...
.\User\stm32f10x_conf.h(20): warning:  #1-D: last line of file ends without a newline
  #endif
Library\stm32f10x_can.c: 1 warning, 0 errors
compiling stm32f10x_flash.c...
.\User\stm32f10x_conf.h(20): warning:  #1-D: last line of file ends without a newline
  #endif
Library\stm32f10x_flash.c: 1 warning, 0 errors
compiling stm32f10x_fsmc.c...
.\User\stm32f10x_conf.h(20): warning:  #1-D: last line of file ends without a newline
  #endif
Library\stm32f10x_fsmc.c: 1 warning, 0 errors
compiling stm32f10x_gpio.c...
.\User\stm32f10x_conf.h(20): warning:  #1-D: last line of file ends without a newline
  #endif
Library\stm32f10x_gpio.c: 1 warning, 0 errors
compiling stm32f10x_i2c.c...
.\User\stm32f10x_conf.h(20): warning:  #1-D: last line of file ends without a newline
  #endif
Library\stm32f10x_i2c.c: 1 warning, 0 errors
compiling stm32f10x_iwdg.c...
.\User\stm32f10x_conf.h(20): warning:  #1-D: last line of file ends without a newline
  #endif
Library\stm32f10x_iwdg.c: 1 warning, 0 errors
compiling stm32f10x_pwr.c...
.\User\stm32f10x_conf.h(20): warning:  #1-D: last line of file ends without a newline
  #endif
Library\stm32f10x_pwr.c: 1 warning, 0 errors
compiling stm32f10x_rtc.c...
.\User\stm32f10x_conf.h(20): warning:  #1-D: last line of file ends without a newline
  #endif
Library\stm32f10x_rtc.c: 1 warning, 0 errors
compiling stm32f10x_rcc.c...
.\User\stm32f10x_conf.h(20): warning:  #1-D: last line of file ends without a newline
  #endif
Library\stm32f10x_rcc.c: 1 warning, 0 errors
compiling stm32f10x_sdio.c...
.\User\stm32f10x_conf.h(20): warning:  #1-D: last line of file ends without a newline
  #endif
Library\stm32f10x_sdio.c: 1 warning, 0 errors
compiling stm32f10x_spi.c...
.\User\stm32f10x_conf.h(20): warning:  #1-D: last line of file ends without a newline
  #endif
Library\stm32f10x_spi.c: 1 warning, 0 errors
assembling startup_stm32f10x_md.s...
compiling stm32f10x_wwdg.c...
.\User\stm32f10x_conf.h(20): warning:  #1-D: last line of file ends without a newline
  #endif
Library\stm32f10x_wwdg.c: 1 warning, 0 errors
compiling stm32f10x_usart.c...
.\User\stm32f10x_conf.h(20): warning:  #1-D: last line of file ends without a newline
  #endif
Library\stm32f10x_usart.c: 1 warning, 0 errors
compiling system_stm32f10x.c...
.\User\stm32f10x_conf.h(20): warning:  #1-D: last line of file ends without a newline
  #endif
Startup\system_stm32f10x.c: 1 warning, 0 errors
compiling font.c...
.\User\stm32f10x_conf.h(20): warning:  #1-D: last line of file ends without a newline
  #endif
Hardware\font.c: 1 warning, 0 errors
compiling adc.c...
.\User\stm32f10x_conf.h(20): warning:  #1-D: last line of file ends without a newline
  #endif
Hardware\adc.h(9): warning:  #1-D: last line of file ends without a newline
  #endif
Hardware\adc.c(44): warning:  #1-D: last line of file ends without a newline
  }
Hardware\adc.c: 3 warnings, 0 errors
compiling key.c...
.\User\stm32f10x_conf.h(20): warning:  #1-D: last line of file ends without a newline
  #endif
Hardware\key.h(18): warning:  #1-D: last line of file ends without a newline
  #endif
Hardware\key.c(64): warning:  #1-D: last line of file ends without a newline
  }
Hardware\key.c: 3 warnings, 0 errors
compiling core_cm3.c...
compiling pwm.c...
.\User\stm32f10x_conf.h(20): warning:  #1-D: last line of file ends without a newline
  #endif
Hardware\pwm.h(11): warning:  #1-D: last line of file ends without a newline
  #endif
Hardware\pwm.c: 2 warnings, 0 errors
compiling oled.c...
.\User\stm32f10x_conf.h(20): warning:  #1-D: last line of file ends without a newline
  #endif
Hardware\oled.c: 1 warning, 0 errors
compiling stm32f10x_tim.c...
.\User\stm32f10x_conf.h(20): warning:  #1-D: last line of file ends without a newline
  #endif
Library\stm32f10x_tim.c: 1 warning, 0 errors
compiling encoder.c...
.\User\stm32f10x_conf.h(20): warning:  #1-D: last line of file ends without a newline
  #endif
Hardware\encoder.c: 1 warning, 0 errors
compiling mcp4131.c...
.\User\stm32f10x_conf.h(20): warning:  #1-D: last line of file ends without a newline
  #endif
Hardware\mcp4131.c: 1 warning, 0 errors
linking...
Program Size: Code=8974 RO-data=1790 RW-data=548 ZI-data=2660  
".\Objects\project.axf" - 0 Error(s), 43 Warning(s).

<h2>Software Packages used:</h2>

Package Vendor: Keil
                https://www.keil.com/pack/Keil.STM32F1xx_DFP.2.4.1.pack
                Keil.STM32F1xx_DFP.2.4.1
                STMicroelectronics STM32F1 Series Device Support, Drivers and Examples

<h2>Collection of Component include folders:</h2>
  F:/ProgramFiles/Arm/Packs/Keil/STM32F1xx_DFP/2.4.1/Device/Include

<h2>Collection of Component Files used:</h2>
Build Time Elapsed:  00:00:01
</pre>
</body>
</html>
