Component: ARM Compiler 5.06 update 7 (build 960) Tool: armlink [4d3601]

==============================================================================

Section Cross References

    main.o(i.main) refers to oled.o(i.OLED_Init) for OLED_Init
    main.o(i.main) refers to key.o(i.KEY_Init) for KEY_Init
    main.o(i.main) refers to pwm.o(i.PWM_Init) for PWM_Init
    main.o(i.main) refers to mcp4131.o(i.MCP4131_Init) for MCP4131_Init
    main.o(i.main) refers to adc.o(i.MYADC_Init) for MYADC_Init
    main.o(i.main) refers to mcp4131.o(i.MCP4131_GetLevel) for MCP4131_GetLevel
    main.o(i.main) refers to pwm.o(i.PWM_GetFrequency) for PWM_GetFrequency
    main.o(i.main) refers to oled.o(i.OLED_Clear) for OLED_Clear
    main.o(i.main) refers to oled.o(i.OLED_ShowChinese) for OLED_ShowChinese
    main.o(i.main) refers to oled.o(i.OLED_ShowNum) for OLED_ShowNum
    main.o(i.main) refers to oled.o(i.OLED_ShowString) for OLED_ShowString
    main.o(i.main) refers to adc.o(i.MYADC_GetVoltage) for MYADC_GetVoltage
    main.o(i.main) refers to fmul.o(x$fpl$fmul) for __aeabi_fmul
    main.o(i.main) refers to faddsub_clz.o(x$fpl$fadd) for __aeabi_fadd
    main.o(i.main) refers to ffixu.o(x$fpl$ffixu) for __aeabi_f2uiz
    main.o(i.main) refers to oled.o(i.OLED_ShowChar) for OLED_ShowChar
    main.o(i.main) refers to oled.o(i.OLED_Refresh) for OLED_Refresh
    main.o(i.main) refers to key.o(i.KEY_Scan) for KEY_Scan
    main.o(i.main) refers to mcp4131.o(i.MCP4131_Increase) for MCP4131_Increase
    main.o(i.main) refers to mcp4131.o(i.MCP4131_Decrease) for MCP4131_Decrease
    main.o(i.main) refers to pwm.o(i.PWM_SetFrequency) for PWM_SetFrequency
    misc.o(i.NVIC_Init) refers to assert.o(i.assert_failed) for assert_failed
    misc.o(i.NVIC_PriorityGroupConfig) refers to assert.o(i.assert_failed) for assert_failed
    misc.o(i.NVIC_SetVectorTable) refers to assert.o(i.assert_failed) for assert_failed
    misc.o(i.NVIC_SystemLPConfig) refers to assert.o(i.assert_failed) for assert_failed
    misc.o(i.SysTick_CLKSourceConfig) refers to assert.o(i.assert_failed) for assert_failed
    stm32f10x_adc.o(i.ADC_AnalogWatchdogCmd) refers to assert.o(i.assert_failed) for assert_failed
    stm32f10x_adc.o(i.ADC_AnalogWatchdogSingleChannelConfig) refers to assert.o(i.assert_failed) for assert_failed
    stm32f10x_adc.o(i.ADC_AnalogWatchdogThresholdsConfig) refers to assert.o(i.assert_failed) for assert_failed
    stm32f10x_adc.o(i.ADC_AutoInjectedConvCmd) refers to assert.o(i.assert_failed) for assert_failed
    stm32f10x_adc.o(i.ADC_ClearFlag) refers to assert.o(i.assert_failed) for assert_failed
    stm32f10x_adc.o(i.ADC_ClearITPendingBit) refers to assert.o(i.assert_failed) for assert_failed
    stm32f10x_adc.o(i.ADC_Cmd) refers to assert.o(i.assert_failed) for assert_failed
    stm32f10x_adc.o(i.ADC_DMACmd) refers to assert.o(i.assert_failed) for assert_failed
    stm32f10x_adc.o(i.ADC_DeInit) refers to assert.o(i.assert_failed) for assert_failed
    stm32f10x_adc.o(i.ADC_DeInit) refers to stm32f10x_rcc.o(i.RCC_APB2PeriphResetCmd) for RCC_APB2PeriphResetCmd
    stm32f10x_adc.o(i.ADC_DiscModeChannelCountConfig) refers to assert.o(i.assert_failed) for assert_failed
    stm32f10x_adc.o(i.ADC_DiscModeCmd) refers to assert.o(i.assert_failed) for assert_failed
    stm32f10x_adc.o(i.ADC_ExternalTrigConvCmd) refers to assert.o(i.assert_failed) for assert_failed
    stm32f10x_adc.o(i.ADC_ExternalTrigInjectedConvCmd) refers to assert.o(i.assert_failed) for assert_failed
    stm32f10x_adc.o(i.ADC_ExternalTrigInjectedConvConfig) refers to assert.o(i.assert_failed) for assert_failed
    stm32f10x_adc.o(i.ADC_GetCalibrationStatus) refers to assert.o(i.assert_failed) for assert_failed
    stm32f10x_adc.o(i.ADC_GetConversionValue) refers to assert.o(i.assert_failed) for assert_failed
    stm32f10x_adc.o(i.ADC_GetFlagStatus) refers to assert.o(i.assert_failed) for assert_failed
    stm32f10x_adc.o(i.ADC_GetITStatus) refers to assert.o(i.assert_failed) for assert_failed
    stm32f10x_adc.o(i.ADC_GetInjectedConversionValue) refers to assert.o(i.assert_failed) for assert_failed
    stm32f10x_adc.o(i.ADC_GetResetCalibrationStatus) refers to assert.o(i.assert_failed) for assert_failed
    stm32f10x_adc.o(i.ADC_GetSoftwareStartConvStatus) refers to assert.o(i.assert_failed) for assert_failed
    stm32f10x_adc.o(i.ADC_GetSoftwareStartInjectedConvCmdStatus) refers to assert.o(i.assert_failed) for assert_failed
    stm32f10x_adc.o(i.ADC_ITConfig) refers to assert.o(i.assert_failed) for assert_failed
    stm32f10x_adc.o(i.ADC_Init) refers to assert.o(i.assert_failed) for assert_failed
    stm32f10x_adc.o(i.ADC_InjectedChannelConfig) refers to assert.o(i.assert_failed) for assert_failed
    stm32f10x_adc.o(i.ADC_InjectedDiscModeCmd) refers to assert.o(i.assert_failed) for assert_failed
    stm32f10x_adc.o(i.ADC_InjectedSequencerLengthConfig) refers to assert.o(i.assert_failed) for assert_failed
[...]
    Removing stm32f10x_dac.o(i.DAC_DeInit), (22 bytes).
    Removing stm32f10x_dac.o(i.DAC_DualSoftwareTriggerCmd), (80 bytes).
    Removing stm32f10x_dac.o(i.DAC_GetDataOutputValue), (80 bytes).
    Removing stm32f10x_dac.o(i.DAC_Init), (388 bytes).
    Removing stm32f10x_dac.o(i.DAC_SetChannel1Data), (100 bytes).
    Removing stm32f10x_dac.o(i.DAC_SetChannel2Data), (100 bytes).
    Removing stm32f10x_dac.o(i.DAC_SetDualChannelData), (136 bytes).
    Removing stm32f10x_dac.o(i.DAC_SoftwareTriggerCmd), (108 bytes).
    Removing stm32f10x_dac.o(i.DAC_StructInit), (12 bytes).
    Removing stm32f10x_dac.o(i.DAC_WaveGenerationCmd), (128 bytes).
    Removing stm32f10x_dbgmcu.o(i.DBGMCU_Config), (104 bytes).
    Removing stm32f10x_dbgmcu.o(i.DBGMCU_GetDEVID), (16 bytes).
    Removing stm32f10x_dbgmcu.o(i.DBGMCU_GetREVID), (12 bytes).
    Removing stm32f10x_dma.o(i.DMA_ClearFlag), (84 bytes).
    Removing stm32f10x_dma.o(i.DMA_ClearITPendingBit), (84 bytes).
    Removing stm32f10x_dma.o(i.DMA_Cmd), (184 bytes).
    Removing stm32f10x_dma.o(i.DMA_DeInit), (464 bytes).
    Removing stm32f10x_dma.o(i.DMA_GetCurrDataCounter), (148 bytes).
    Removing stm32f10x_dma.o(i.DMA_GetFlagStatus), (412 bytes).
    Removing stm32f10x_dma.o(i.DMA_GetITStatus), (412 bytes).
    Removing stm32f10x_dma.o(i.DMA_ITConfig), (200 bytes).
    Removing stm32f10x_dma.o(i.DMA_Init), (420 bytes).
    Removing stm32f10x_dma.o(i.DMA_SetCurrDataCounter), (148 bytes).
    Removing stm32f10x_dma.o(i.DMA_StructInit), (26 bytes).
    Removing stm32f10x_exti.o(i.EXTI_ClearFlag), (60 bytes).
    Removing stm32f10x_exti.o(i.EXTI_ClearITPendingBit), (60 bytes).
    Removing stm32f10x_exti.o(i.EXTI_DeInit), (36 bytes).
    Removing stm32f10x_exti.o(i.EXTI_GenerateSWInterrupt), (68 bytes).
    Removing stm32f10x_exti.o(i.EXTI_GetFlagStatus), (172 bytes).
    Removing stm32f10x_exti.o(i.EXTI_GetITStatus), (184 bytes).
    Removing stm32f10x_exti.o(i.EXTI_Init), (268 bytes).
    Removing stm32f10x_exti.o(i.EXTI_StructInit), (16 bytes).
    Removing stm32f10x_flash.o(i.FLASH_ClearFlag), (64 bytes).
    Removing stm32f10x_flash.o(i.FLASH_EnableWriteProtection), (240 bytes).
    Removing stm32f10x_flash.o(i.FLASH_EraseAllBank1Pages), (72 bytes).
    Removing stm32f10x_flash.o(i.FLASH_EraseAllPages), (72 bytes).
    Removing stm32f10x_flash.o(i.FLASH_EraseOptionBytes), (168 bytes).
    Removing stm32f10x_flash.o(i.FLASH_ErasePage), (132 bytes).
    Removing stm32f10x_flash.o(i.FLASH_GetBank1Status), (52 bytes).
    Removing stm32f10x_flash.o(i.FLASH_GetFlagStatus), (128 bytes).
    Removing stm32f10x_flash.o(i.FLASH_GetPrefetchBufferStatus), (24 bytes).
    Removing stm32f10x_flash.o(i.FLASH_GetReadOutProtectionStatus), (24 bytes).
    Removing stm32f10x_flash.o(i.FLASH_GetStatus), (52 bytes).
    Removing stm32f10x_flash.o(i.FLASH_GetUserOptionByte), (12 bytes).
    Removing stm32f10x_flash.o(i.FLASH_GetWriteProtectionOptionByte), (12 bytes).
    Removing stm32f10x_flash.o(i.FLASH_HalfCycleAccessCmd), (76 bytes).
    Removing stm32f10x_flash.o(i.FLASH_ITConfig), (104 bytes).
    Removing stm32f10x_flash.o(i.FLASH_Lock), (20 bytes).
    Removing stm32f10x_flash.o(i.FLASH_LockBank1), (20 bytes).
    Removing stm32f10x_flash.o(i.FLASH_PrefetchBufferCmd), (76 bytes).
    Removing stm32f10x_flash.o(i.FLASH_ProgramHalfWord), (124 bytes).
    Removing stm32f10x_flash.o(i.FLASH_ProgramOptionByteData), (144 bytes).
    Removing stm32f10x_flash.o(i.FLASH_ProgramWord), (164 bytes).
    Removing stm32f10x_flash.o(i.FLASH_ReadOutProtection), (220 bytes).
    Removing stm32f10x_flash.o(i.FLASH_SetLatency), (76 bytes).
    Removing stm32f10x_flash.o(i.FLASH_Unlock), (24 bytes).
    Removing stm32f10x_flash.o(i.FLASH_UnlockBank1), (24 bytes).
    Removing stm32f10x_flash.o(i.FLASH_UserOptionByteConfig), (192 bytes).
    Removing stm32f10x_flash.o(i.FLASH_WaitForLastBank1Operation), (38 bytes).
    Removing stm32f10x_flash.o(i.FLASH_WaitForLastOperation), (38 bytes).
    Removing stm32f10x_fsmc.o(i.FSMC_ClearFlag), (148 bytes).
    Removing stm32f10x_fsmc.o(i.FSMC_ClearITPendingBit), (152 bytes).
    Removing stm32f10x_fsmc.o(i.FSMC_GetECC), (28 bytes).
    Removing stm32f10x_fsmc.o(i.FSMC_GetFlagStatus), (148 bytes).
    Removing stm32f10x_fsmc.o(i.FSMC_GetITStatus), (164 bytes).
    Removing stm32f10x_fsmc.o(i.FSMC_ITConfig), (228 bytes).
    Removing stm32f10x_fsmc.o(i.FSMC_NANDCmd), (164 bytes).
    Removing stm32f10x_fsmc.o(i.FSMC_NANDDeInit), (120 bytes).
    Removing stm32f10x_fsmc.o(i.FSMC_NANDECCCmd), (164 bytes).
    Removing stm32f10x_fsmc.o(i.FSMC_NANDInit), (516 bytes).
    Removing stm32f10x_fsmc.o(i.FSMC_NANDStructInit), (54 bytes).
    Removing stm32f10x_fsmc.o(i.FSMC_NORSRAMCmd), (128 bytes).
    Removing stm32f10x_fsmc.o(i.FSMC_NORSRAMDeInit), (112 bytes).
    Removing stm32f10x_fsmc.o(i.FSMC_NORSRAMInit), (860 bytes).
    Removing stm32f10x_fsmc.o(i.FSMC_NORSRAMStructInit), (114 bytes).
    Removing stm32f10x_fsmc.o(i.FSMC_PCCARDCmd), (96 bytes).
    Removing stm32f10x_fsmc.o(i.FSMC_PCCARDDeInit), (40 bytes).
    Removing stm32f10x_fsmc.o(i.FSMC_PCCARDInit), (464 bytes).
    Removing stm32f10x_fsmc.o(i.FSMC_PCCARDStructInit), (60 bytes).
    Removing stm32f10x_gpio.o(i.GPIO_AFIODeInit), (20 bytes).
    Removing stm32f10x_gpio.o(i.GPIO_DeInit), (280 bytes).
    Removing stm32f10x_gpio.o(i.GPIO_ETH_MediaInterfaceConfig), (60 bytes).
    Removing stm32f10x_gpio.o(i.GPIO_EXTILineConfig), (208 bytes).
    Removing stm32f10x_gpio.o(i.GPIO_EventOutputCmd), (60 bytes).
    Removing stm32f10x_gpio.o(i.GPIO_EventOutputConfig), (168 bytes).
    Removing stm32f10x_gpio.o(i.GPIO_PinLockConfig), (152 bytes).
    Removing stm32f10x_gpio.o(i.GPIO_PinRemapConfig), (564 bytes).
    Removing stm32f10x_gpio.o(i.GPIO_ReadInputData), (120 bytes).
    Removing stm32f10x_gpio.o(i.GPIO_ReadOutputData), (120 bytes).
    Removing stm32f10x_gpio.o(i.GPIO_ReadOutputDataBit), (228 bytes).
    Removing stm32f10x_gpio.o(i.GPIO_StructInit), (16 bytes).
    Removing stm32f10x_gpio.o(i.GPIO_Write), (120 bytes).
    Removing stm32f10x_gpio.o(i.GPIO_WriteBit), (240 bytes).
    Removing stm32f10x_i2c.o(i.I2C_ARPCmd), (104 bytes).
    Removing stm32f10x_i2c.o(i.I2C_AcknowledgeConfig), (104 bytes).
    Removing stm32f10x_i2c.o(i.I2C_CalculatePEC), (104 bytes).
    Removing stm32f10x_i2c.o(i.I2C_CheckEvent), (288 bytes).
    Removing stm32f10x_i2c.o(i.I2C_ClearFlag), (96 bytes).
    Removing stm32f10x_i2c.o(i.I2C_ClearITPendingBit), (96 bytes).
    Removing stm32f10x_i2c.o(i.I2C_Cmd), (104 bytes).
    Removing stm32f10x_i2c.o(i.I2C_DMACmd), (104 bytes).
    Removing stm32f10x_i2c.o(i.I2C_DMALastTransferCmd), (104 bytes).
    Removing stm32f10x_i2c.o(i.I2C_DeInit), (104 bytes).
    Removing stm32f10x_i2c.o(i.I2C_DualAddressCmd), (104 bytes).
    Removing stm32f10x_i2c.o(i.I2C_FastModeDutyCycleConfig), (116 bytes).
    Removing stm32f10x_i2c.o(i.I2C_GeneralCallCmd), (104 bytes).
    Removing stm32f10x_i2c.o(i.I2C_GenerateSTART), (104 bytes).
    Removing stm32f10x_i2c.o(i.I2C_GenerateSTOP), (104 bytes).
    Removing stm32f10x_i2c.o(i.I2C_GetFlagStatus), (288 bytes).
    Removing stm32f10x_i2c.o(i.I2C_GetITStatus), (236 bytes).
    Removing stm32f10x_i2c.o(i.I2C_GetLastEvent), (88 bytes).
    Removing stm32f10x_i2c.o(i.I2C_GetPEC), (68 bytes).
    Removing stm32f10x_i2c.o(i.I2C_ITConfig), (124 bytes).
    Removing stm32f10x_i2c.o(i.I2C_Init), (436 bytes).
    Removing stm32f10x_i2c.o(i.I2C_NACKPositionConfig), (116 bytes).
    Removing stm32f10x_i2c.o(i.I2C_OwnAddress2Config), (84 bytes).
    Removing stm32f10x_i2c.o(i.I2C_PECPositionConfig), (116 bytes).
    Removing stm32f10x_i2c.o(i.I2C_ReadRegister), (128 bytes).
    Removing stm32f10x_i2c.o(i.I2C_ReceiveData), (68 bytes).
    Removing stm32f10x_i2c.o(i.I2C_SMBusAlertConfig), (116 bytes).
    Removing stm32f10x_i2c.o(i.I2C_Send7bitAddress), (100 bytes).
    Removing stm32f10x_i2c.o(i.I2C_SendData), (68 bytes).
    Removing stm32f10x_i2c.o(i.I2C_SoftwareResetCmd), (104 bytes).
    Removing stm32f10x_i2c.o(i.I2C_StretchClockCmd), (104 bytes).
    Removing stm32f10x_i2c.o(i.I2C_StructInit), (30 bytes).
    Removing stm32f10x_i2c.o(i.I2C_TransmitPEC), (104 bytes).
    Removing stm32f10x_iwdg.o(i.IWDG_Enable), (16 bytes).
    Removing stm32f10x_iwdg.o(i.IWDG_GetFlagStatus), (76 bytes).
    Removing stm32f10x_iwdg.o(i.IWDG_ReloadCounter), (16 bytes).
    Removing stm32f10x_iwdg.o(i.IWDG_SetPrescaler), (80 bytes).
    Removing stm32f10x_iwdg.o(i.IWDG_SetReload), (60 bytes).
    Removing stm32f10x_iwdg.o(i.IWDG_WriteAccessCmd), (64 bytes).
    Removing stm32f10x_pwr.o(i.PWR_BackupAccessCmd), (56 bytes).
    Removing stm32f10x_pwr.o(i.PWR_ClearFlag), (68 bytes).
    Removing stm32f10x_pwr.o(i.PWR_DeInit), (22 bytes).
    Removing stm32f10x_pwr.o(i.PWR_EnterSTANDBYMode), (52 bytes).
    Removing stm32f10x_pwr.o(i.PWR_EnterSTOPMode), (124 bytes).
    Removing stm32f10x_pwr.o(i.PWR_GetFlagStatus), (76 bytes).
    Removing stm32f10x_pwr.o(i.PWR_PVDCmd), (56 bytes).
    Removing stm32f10x_pwr.o(i.PWR_PVDLevelConfig), (88 bytes).
    Removing stm32f10x_pwr.o(i.PWR_WakeUpPinCmd), (56 bytes).
    Removing stm32f10x_rcc.o(i.RCC_AHBPeriphClockCmd), (104 bytes).
    Removing stm32f10x_rcc.o(i.RCC_APB1PeriphResetCmd), (104 bytes).
    Removing stm32f10x_rcc.o(i.RCC_APB2PeriphResetCmd), (104 bytes).
    Removing stm32f10x_rcc.o(i.RCC_AdjustHSICalibrationValue), (68 bytes).
    Removing stm32f10x_rcc.o(i.RCC_BackupResetCmd), (56 bytes).
    Removing stm32f10x_rcc.o(i.RCC_ClearFlag), (20 bytes).
    Removing stm32f10x_rcc.o(i.RCC_ClearITPendingBit), (60 bytes).
    Removing stm32f10x_rcc.o(i.RCC_ClockSecuritySystemCmd), (56 bytes).
    Removing stm32f10x_rcc.o(i.RCC_DeInit), (76 bytes).
    Removing stm32f10x_rcc.o(i.RCC_GetClocksFreq), (212 bytes).
    Removing stm32f10x_rcc.o(i.RCC_GetFlagStatus), (148 bytes).
    Removing stm32f10x_rcc.o(i.RCC_GetITStatus), (88 bytes).
    Removing stm32f10x_rcc.o(i.RCC_GetSYSCLKSource), (16 bytes).
    Removing stm32f10x_rcc.o(i.RCC_HCLKConfig), (96 bytes).
    Removing stm32f10x_rcc.o(i.RCC_HSEConfig), (128 bytes).
    Removing stm32f10x_rcc.o(i.RCC_HSICmd), (56 bytes).
    Removing stm32f10x_rcc.o(i.RCC_ITConfig), (100 bytes).
    Removing stm32f10x_rcc.o(i.RCC_LSEConfig), (100 bytes).
    Removing stm32f10x_rcc.o(i.RCC_LSICmd), (56 bytes).
    Removing stm32f10x_rcc.o(i.RCC_MCOConfig), (68 bytes).
    Removing stm32f10x_rcc.o(i.RCC_PCLK1Config), (88 bytes).
    Removing stm32f10x_rcc.o(i.RCC_PCLK2Config), (88 bytes).
    Removing stm32f10x_rcc.o(i.RCC_PLLCmd), (56 bytes).
    Removing stm32f10x_rcc.o(i.RCC_PLLConfig), (180 bytes).
    Removing stm32f10x_rcc.o(i.RCC_RTCCLKCmd), (56 bytes).
    Removing stm32f10x_rcc.o(i.RCC_RTCCLKConfig), (76 bytes).
    Removing stm32f10x_rcc.o(i.RCC_SYSCLKConfig), (72 bytes).
    Removing stm32f10x_rcc.o(i.RCC_USBCLKConfig), (56 bytes).
    Removing stm32f10x_rcc.o(i.RCC_WaitForHSEStartUp), (56 bytes).
    Removing stm32f10x_rcc.o(.data), (20 bytes).
    Removing stm32f10x_rtc.o(i.RTC_ClearFlag), (68 bytes).
    Removing stm32f10x_rtc.o(i.RTC_ClearITPendingBit), (68 bytes).
    Removing stm32f10x_rtc.o(i.RTC_EnterConfigMode), (20 bytes).
    Removing stm32f10x_rtc.o(i.RTC_ExitConfigMode), (20 bytes).
    Removing stm32f10x_rtc.o(i.RTC_GetCounter), (20 bytes).
    Removing stm32f10x_rtc.o(i.RTC_GetDivider), (24 bytes).
    Removing stm32f10x_rtc.o(i.RTC_GetFlagStatus), (84 bytes).
    Removing stm32f10x_rtc.o(i.RTC_GetITStatus), (88 bytes).
    Removing stm32f10x_rtc.o(i.RTC_ITConfig), (96 bytes).
    Removing stm32f10x_rtc.o(i.RTC_SetAlarm), (28 bytes).
    Removing stm32f10x_rtc.o(i.RTC_SetCounter), (28 bytes).
    Removing stm32f10x_rtc.o(i.RTC_SetPrescaler), (72 bytes).
    Removing stm32f10x_rtc.o(i.RTC_WaitForLastTask), (20 bytes).
    Removing stm32f10x_rtc.o(i.RTC_WaitForSynchro), (36 bytes).
    Removing stm32f10x_sdio.o(i.SDIO_CEATAITCmd), (64 bytes).
    Removing stm32f10x_sdio.o(i.SDIO_ClearFlag), (68 bytes).
    Removing stm32f10x_sdio.o(i.SDIO_ClearITPendingBit), (68 bytes).
    Removing stm32f10x_sdio.o(i.SDIO_ClockCmd), (60 bytes).
    Removing stm32f10x_sdio.o(i.SDIO_CmdStructInit), (14 bytes).
    Removing stm32f10x_sdio.o(i.SDIO_CommandCompletionCmd), (60 bytes).
    Removing stm32f10x_sdio.o(i.SDIO_DMACmd), (60 bytes).
    Removing stm32f10x_sdio.o(i.SDIO_DataConfig), (264 bytes).
    Removing stm32f10x_sdio.o(i.SDIO_DataStructInit), (20 bytes).
    Removing stm32f10x_sdio.o(i.SDIO_DeInit), (36 bytes).
    Removing stm32f10x_sdio.o(i.SDIO_GetCommandResponse), (12 bytes).
    Removing stm32f10x_sdio.o(i.SDIO_GetDataCounter), (12 bytes).
    Removing stm32f10x_sdio.o(i.SDIO_GetFIFOCount), (12 bytes).
    Removing stm32f10x_sdio.o(i.SDIO_GetFlagStatus), (196 bytes).
    Removing stm32f10x_sdio.o(i.SDIO_GetITStatus), (196 bytes).
    Removing stm32f10x_sdio.o(i.SDIO_GetPowerState), (16 bytes).
    Removing stm32f10x_sdio.o(i.SDIO_GetResponse), (80 bytes).
    Removing stm32f10x_sdio.o(i.SDIO_ITConfig), (104 bytes).
    Removing stm32f10x_sdio.o(i.SDIO_Init), (196 bytes).
    Removing stm32f10x_sdio.o(i.SDIO_ReadData), (12 bytes).
    Removing stm32f10x_sdio.o(i.SDIO_SendCEATACmd), (60 bytes).
    Removing stm32f10x_sdio.o(i.SDIO_SendCommand), (176 bytes).
    Removing stm32f10x_sdio.o(i.SDIO_SendSDIOSuspendCmd), (60 bytes).
    Removing stm32f10x_sdio.o(i.SDIO_SetPowerState), (76 bytes).
    Removing stm32f10x_sdio.o(i.SDIO_SetSDIOOperation), (60 bytes).
    Removing stm32f10x_sdio.o(i.SDIO_SetSDIOReadWaitMode), (60 bytes).
    Removing stm32f10x_sdio.o(i.SDIO_StartSDIOReadWait), (60 bytes).
    Removing stm32f10x_sdio.o(i.SDIO_StopSDIOReadWait), (60 bytes).
    Removing stm32f10x_sdio.o(i.SDIO_StructInit), (16 bytes).
    Removing stm32f10x_sdio.o(i.SDIO_WriteData), (12 bytes).
    Removing stm32f10x_spi.o(i.I2S_Cmd), (104 bytes).
    Removing stm32f10x_spi.o(i.I2S_Init), (472 bytes).
    Removing stm32f10x_spi.o(i.I2S_StructInit), (20 bytes).
    Removing stm32f10x_spi.o(i.SPI_BiDirectionalLineConfig), (128 bytes).
    Removing stm32f10x_spi.o(i.SPI_CalculateCRC), (116 bytes).
    Removing stm32f10x_spi.o(i.SPI_Cmd), (116 bytes).
    Removing stm32f10x_spi.o(i.SPI_DataSizeConfig), (112 bytes).
    Removing stm32f10x_spi.o(i.SPI_GetCRC), (108 bytes).
    Removing stm32f10x_spi.o(i.SPI_GetCRCPolynomial), (76 bytes).
    Removing stm32f10x_spi.o(i.SPI_I2S_ClearFlag), (96 bytes).
    Removing stm32f10x_spi.o(i.SPI_I2S_ClearITPendingBit), (108 bytes).
    Removing stm32f10x_spi.o(i.SPI_I2S_DMACmd), (132 bytes).
    Removing stm32f10x_spi.o(i.SPI_I2S_DeInit), (140 bytes).
    Removing stm32f10x_spi.o(i.SPI_I2S_GetFlagStatus), (136 bytes).
    Removing stm32f10x_spi.o(i.SPI_I2S_GetITStatus), (172 bytes).
    Removing stm32f10x_spi.o(i.SPI_I2S_ITConfig), (156 bytes).
    Removing stm32f10x_spi.o(i.SPI_I2S_ReceiveData), (76 bytes).
    Removing stm32f10x_spi.o(i.SPI_I2S_SendData), (76 bytes).
    Removing stm32f10x_spi.o(i.SPI_Init), (364 bytes).
    Removing stm32f10x_spi.o(i.SPI_NSSInternalSoftwareConfig), (128 bytes).
    Removing stm32f10x_spi.o(i.SPI_SSOutputCmd), (116 bytes).
    Removing stm32f10x_spi.o(i.SPI_StructInit), (24 bytes).
    Removing stm32f10x_spi.o(i.SPI_TransmitCRC), (80 bytes).
    Removing stm32f10x_tim.o(i.TI1_Config), (128 bytes).
    Removing stm32f10x_tim.o(i.TI2_Config), (152 bytes).
    Removing stm32f10x_tim.o(i.TI3_Config), (144 bytes).
    Removing stm32f10x_tim.o(i.TI4_Config), (152 bytes).
    Removing stm32f10x_tim.o(i.TIM_ARRPreloadConfig), (252 bytes).
    Removing stm32f10x_tim.o(i.TIM_BDTRConfig), (284 bytes).
    Removing stm32f10x_tim.o(i.TIM_BDTRStructInit), (18 bytes).
    Removing stm32f10x_tim.o(i.TIM_CCPreloadControl), (152 bytes).
    Removing stm32f10x_tim.o(i.TIM_CCxCmd), (268 bytes).
    Removing stm32f10x_tim.o(i.TIM_CCxNCmd), (168 bytes).
    Removing stm32f10x_tim.o(i.TIM_ClearFlag), (236 bytes).
    Removing stm32f10x_tim.o(i.TIM_ClearITPendingBit), (236 bytes).
    Removing stm32f10x_tim.o(i.TIM_ClearOC1Ref), (132 bytes).
    Removing stm32f10x_tim.o(i.TIM_ClearOC2Ref), (140 bytes).
    Removing stm32f10x_tim.o(i.TIM_ClearOC3Ref), (132 bytes).
    Removing stm32f10x_tim.o(i.TIM_ClearOC4Ref), (140 bytes).
    Removing stm32f10x_tim.o(i.TIM_CounterModeConfig), (144 bytes).
    Removing stm32f10x_tim.o(i.TIM_CtrlPWMOutputs), (140 bytes).
    Removing stm32f10x_tim.o(i.TIM_DMACmd), (208 bytes).
    Removing stm32f10x_tim.o(i.TIM_DMAConfig), (344 bytes).
    Removing stm32f10x_tim.o(i.TIM_DeInit), (624 bytes).
    Removing stm32f10x_tim.o(i.TIM_ETRClockMode1Config), (216 bytes).
    Removing stm32f10x_tim.o(i.TIM_ETRClockMode2Config), (196 bytes).
    Removing stm32f10x_tim.o(i.TIM_ETRConfig), (208 bytes).
    Removing stm32f10x_tim.o(i.TIM_EncoderInterfaceConfig), (260 bytes).
    Removing stm32f10x_tim.o(i.TIM_ForcedOC1Config), (224 bytes).
    Removing stm32f10x_tim.o(i.TIM_ForcedOC2Config), (172 bytes).
    Removing stm32f10x_tim.o(i.TIM_ForcedOC3Config), (136 bytes).
    Removing stm32f10x_tim.o(i.TIM_ForcedOC4Config), (144 bytes).
    Removing stm32f10x_tim.o(i.TIM_GenerateEvent), (232 bytes).
    Removing stm32f10x_tim.o(i.TIM_GetCapture1), (192 bytes).
    Removing stm32f10x_tim.o(i.TIM_GetCapture2), (132 bytes).
    Removing stm32f10x_tim.o(i.TIM_GetCapture3), (100 bytes).
    Removing stm32f10x_tim.o(i.TIM_GetCapture4), (104 bytes).
    Removing stm32f10x_tim.o(i.TIM_GetCounter), (212 bytes).
    Removing stm32f10x_tim.o(i.TIM_GetFlagStatus), (296 bytes).
    Removing stm32f10x_tim.o(i.TIM_GetITStatus), (292 bytes).
    Removing stm32f10x_tim.o(i.TIM_GetPrescaler), (212 bytes).
    Removing stm32f10x_tim.o(i.TIM_ICInit), (660 bytes).
    Removing stm32f10x_tim.o(i.TIM_ICStructInit), (18 bytes).
    Removing stm32f10x_tim.o(i.TIM_ITConfig), (268 bytes).
    Removing stm32f10x_tim.o(i.TIM_ITRxExternalClockConfig), (172 bytes).
    Removing stm32f10x_tim.o(i.TIM_InternalClockConfig), (140 bytes).
    Removing stm32f10x_tim.o(i.TIM_OC1FastConfig), (224 bytes).
    Removing stm32f10x_tim.o(i.TIM_OC1NPolarityConfig), (128 bytes).
    Removing stm32f10x_tim.o(i.TIM_OC1PolarityConfig), (224 bytes).
    Removing stm32f10x_tim.o(i.TIM_OC1PreloadConfig), (224 bytes).
    Removing stm32f10x_tim.o(i.TIM_OC2FastConfig), (172 bytes).
    Removing stm32f10x_tim.o(i.TIM_OC2Init), (480 bytes).
    Removing stm32f10x_tim.o(i.TIM_OC2NPolarityConfig), (104 bytes).
    Removing stm32f10x_tim.o(i.TIM_OC2PolarityConfig), (172 bytes).
    Removing stm32f10x_tim.o(i.TIM_OC2PreloadConfig), (172 bytes).
    Removing stm32f10x_tim.o(i.TIM_OC3FastConfig), (132 bytes).
    Removing stm32f10x_tim.o(i.TIM_OC3Init), (444 bytes).
    Removing stm32f10x_tim.o(i.TIM_OC3NPolarityConfig), (104 bytes).
    Removing stm32f10x_tim.o(i.TIM_OC3PolarityConfig), (140 bytes).
    Removing stm32f10x_tim.o(i.TIM_OC3PreloadConfig), (132 bytes).
    Removing stm32f10x_tim.o(i.TIM_OC4FastConfig), (140 bytes).
    Removing stm32f10x_tim.o(i.TIM_OC4Init), (336 bytes).
    Removing stm32f10x_tim.o(i.TIM_OC4PolarityConfig), (140 bytes).
    Removing stm32f10x_tim.o(i.TIM_OC4PreloadConfig), (140 bytes).
    Removing stm32f10x_tim.o(i.TIM_OCStructInit), (20 bytes).
    Removing stm32f10x_tim.o(i.TIM_PWMIConfig), (248 bytes).
    Removing stm32f10x_tim.o(i.TIM_PrescalerConfig), (236 bytes).
    Removing stm32f10x_tim.o(i.TIM_SelectCCDMA), (172 bytes).
    Removing stm32f10x_tim.o(i.TIM_SelectCOM), (136 bytes).
    Removing stm32f10x_tim.o(i.TIM_SelectHallSensor), (172 bytes).
    Removing stm32f10x_tim.o(i.TIM_SelectInputTrigger), (188 bytes).
    Removing stm32f10x_tim.o(i.TIM_SelectMasterSlaveMode), (164 bytes).
    Removing stm32f10x_tim.o(i.TIM_SelectOCxM), (344 bytes).
    Removing stm32f10x_tim.o(i.TIM_SelectOnePulseMode), (244 bytes).
    Removing stm32f10x_tim.o(i.TIM_SelectOutputTrigger), (208 bytes).
    Removing stm32f10x_tim.o(i.TIM_SelectSlaveMode), (176 bytes).
    Removing stm32f10x_tim.o(i.TIM_SetAutoreload), (212 bytes).
    Removing stm32f10x_tim.o(i.TIM_SetClockDivision), (232 bytes).
    Removing stm32f10x_tim.o(i.TIM_SetCompare1), (192 bytes).
    Removing stm32f10x_tim.o(i.TIM_SetCompare2), (132 bytes).
    Removing stm32f10x_tim.o(i.TIM_SetCompare3), (104 bytes).
    Removing stm32f10x_tim.o(i.TIM_SetCompare4), (104 bytes).
    Removing stm32f10x_tim.o(i.TIM_SetCounter), (212 bytes).
    Removing stm32f10x_tim.o(i.TIM_SetIC1Prescaler), (232 bytes).
    Removing stm32f10x_tim.o(i.TIM_SetIC2Prescaler), (180 bytes).
    Removing stm32f10x_tim.o(i.TIM_SetIC3Prescaler), (144 bytes).
    Removing stm32f10x_tim.o(i.TIM_SetIC4Prescaler), (152 bytes).
    Removing stm32f10x_tim.o(i.TIM_TIxExternalClockConfig), (244 bytes).
    Removing stm32f10x_tim.o(i.TIM_TimeBaseStructInit), (18 bytes).
    Removing stm32f10x_tim.o(i.TIM_UpdateDisableConfig), (252 bytes).
    Removing stm32f10x_tim.o(i.TIM_UpdateRequestConfig), (252 bytes).
    Removing stm32f10x_usart.o(i.USART_ClearFlag), (164 bytes).
    Removing stm32f10x_usart.o(i.USART_ClearITPendingBit), (200 bytes).
    Removing stm32f10x_usart.o(i.USART_ClockInit), (204 bytes).
    Removing stm32f10x_usart.o(i.USART_ClockStructInit), (12 bytes).
    Removing stm32f10x_usart.o(i.USART_Cmd), (140 bytes).
    Removing stm32f10x_usart.o(i.USART_DMACmd), (156 bytes).
    Removing stm32f10x_usart.o(i.USART_DeInit), (224 bytes).
    Removing stm32f10x_usart.o(i.USART_GetFlagStatus), (208 bytes).
    Removing stm32f10x_usart.o(i.USART_GetITStatus), (300 bytes).
    Removing stm32f10x_usart.o(i.USART_HalfDuplexCmd), (140 bytes).
    Removing stm32f10x_usart.o(i.USART_ITConfig), (296 bytes).
    Removing stm32f10x_usart.o(i.USART_Init), (504 bytes).
    Removing stm32f10x_usart.o(i.USART_IrDACmd), (140 bytes).
    Removing stm32f10x_usart.o(i.USART_IrDAConfig), (132 bytes).
    Removing stm32f10x_usart.o(i.USART_LINBreakDetectLengthConfig), (132 bytes).
    Removing stm32f10x_usart.o(i.USART_LINCmd), (140 bytes).
    Removing stm32f10x_usart.o(i.USART_OneBitMethodCmd), (140 bytes).
    Removing stm32f10x_usart.o(i.USART_OverSampling8Cmd), (136 bytes).
    Removing stm32f10x_usart.o(i.USART_ReceiveData), (104 bytes).
    Removing stm32f10x_usart.o(i.USART_ReceiverWakeUpCmd), (140 bytes).
    Removing stm32f10x_usart.o(i.USART_SendBreak), (104 bytes).
    Removing stm32f10x_usart.o(i.USART_SendData), (124 bytes).
    Removing stm32f10x_usart.o(i.USART_SetAddress), (132 bytes).
    Removing stm32f10x_usart.o(i.USART_SetGuardTime), (92 bytes).
    Removing stm32f10x_usart.o(i.USART_SetPrescaler), (112 bytes).
    Removing stm32f10x_usart.o(i.USART_SmartCardCmd), (120 bytes).
    Removing stm32f10x_usart.o(i.USART_SmartCardNACKCmd), (120 bytes).
    Removing stm32f10x_usart.o(i.USART_StructInit), (24 bytes).
    Removing stm32f10x_usart.o(i.USART_WakeUpConfig), (136 bytes).
    Removing stm32f10x_wwdg.o(i.WWDG_ClearFlag), (12 bytes).
    Removing stm32f10x_wwdg.o(i.WWDG_DeInit), (22 bytes).
    Removing stm32f10x_wwdg.o(i.WWDG_Enable), (64 bytes).
    Removing stm32f10x_wwdg.o(i.WWDG_EnableIT), (12 bytes).
    Removing stm32f10x_wwdg.o(i.WWDG_GetFlagStatus), (12 bytes).
    Removing stm32f10x_wwdg.o(i.WWDG_SetCounter), (64 bytes).
    Removing stm32f10x_wwdg.o(i.WWDG_SetPrescaler), (84 bytes).
    Removing stm32f10x_wwdg.o(i.WWDG_SetWindowValue), (84 bytes).
    Removing core_cm3.o(.emb_text), (32 bytes).
    Removing system_stm32f10x.o(i.SystemCoreClockUpdate), (164 bytes).
    Removing system_stm32f10x.o(.data), (20 bytes).
    Removing oled.o(i.OLED_SetCursor), (32 bytes).
    Removing pwm.o(i.PWM_SetAmplitude), (2 bytes).
    Removing encoder.o(i.Encoder_GetDelta), (128 bytes).
    Removing encoder.o(i.Encoder_Init), (72 bytes).
    Removing encoder.o(i.Encoder_Reset), (12 bytes).
    Removing encoder.o(.data), (3 bytes).
    Removing mcp4131.o(i.MCP4131_GetVoltageVpp), (24 bytes).

463 unused section(s) (total 60201 bytes) removed from the image.

==============================================================================

Image Symbol Table

    Local Symbols

    Symbol Name                              Value     Ov Type        Size  Object(Section)

    ../clib/angel/boardlib.s                 0x00000000   Number         0  boardinit3.o ABSOLUTE
    ../clib/angel/boardlib.s                 0x00000000   Number         0  boardinit2.o ABSOLUTE
    ../clib/angel/boardlib.s                 0x00000000   Number         0  boardinit1.o ABSOLUTE
    ../clib/angel/boardlib.s                 0x00000000   Number         0  boardshut.o ABSOLUTE
    ../clib/angel/dclz77c.s                  0x00000000   Number         0  __dclz77c.o ABSOLUTE
    ../clib/angel/handlers.s                 0x00000000   Number         0  __scatter_zi.o ABSOLUTE
    ../clib/angel/kernel.s                   0x00000000   Number         0  __rtentry4.o ABSOLUTE
    ../clib/angel/kernel.s                   0x00000000   Number         0  __rtentry2.o ABSOLUTE
    ../clib/angel/kernel.s                   0x00000000   Number         0  rtexit.o ABSOLUTE
    ../clib/angel/kernel.s                   0x00000000   Number         0  rtexit2.o ABSOLUTE
    ../clib/angel/kernel.s                   0x00000000   Number         0  __rtentry.o ABSOLUTE
    ../clib/angel/rt.s                       0x00000000   Number         0  rt_raise.o ABSOLUTE
    ../clib/angel/scatter.s                  0x00000000   Number         0  __scatter.o ABSOLUTE
    ../clib/angel/startup.s                  0x00000000   Number         0  __main.o ABSOLUTE
    ../clib/angel/sys.s                      0x00000000   Number         0  libspace.o ABSOLUTE
    ../clib/angel/sys.s                      0x00000000   Number         0  sys_stackheap_outer.o ABSOLUTE
    ../clib/angel/sys.s                      0x00000000   Number         0  use_no_semi.o ABSOLUTE
    ../clib/angel/sys.s                      0x00000000   Number         0  indicate_semi.o ABSOLUTE
    ../clib/angel/sysapp.c                   0x00000000   Number         0  sys_command.o ABSOLUTE
    ../clib/angel/sysapp.c                   0x00000000   Number         0  sys_wrch.o ABSOLUTE
    ../clib/angel/sysapp.c                   0x00000000   Number         0  sys_exit.o ABSOLUTE
    ../clib/armsys.c                         0x00000000   Number         0  argv_veneer.o ABSOLUTE
    ../clib/armsys.c                         0x00000000   Number         0  no_argv.o ABSOLUTE
    ../clib/armsys.c                         0x00000000   Number         0  _get_argv_nomalloc.o ABSOLUTE
    ../clib/armsys.c                         0x00000000   Number         0  argv_veneer.o ABSOLUTE
    ../clib/heapalloc.c                      0x00000000   Number         0  hrguard.o ABSOLUTE
    ../clib/heapaux.c                        0x00000000   Number         0  heapauxi.o ABSOLUTE
    ../clib/libinit.s                        0x00000000   Number         0  libshutdown.o ABSOLUTE
    ../clib/libinit.s                        0x00000000   Number         0  libshutdown2.o ABSOLUTE
    ../clib/libinit.s                        0x00000000   Number         0  libinit.o ABSOLUTE
    ../clib/libinit.s                        0x00000000   Number         0  libinit2.o ABSOLUTE
    ../clib/signal.c                         0x00000000   Number         0  defsig_segv_inner.o ABSOLUTE
    ../clib/signal.c                         0x00000000   Number         0  defsig_rtred_inner.o ABSOLUTE
    ../clib/signal.c                         0x00000000   Number         0  defsig_general.o ABSOLUTE
    ../clib/signal.c                         0x00000000   Number         0  defsig_pvfn_inner.o ABSOLUTE
    ../clib/signal.c                         0x00000000   Number         0  defsig_cppl_inner.o ABSOLUTE
    ../clib/signal.c                         0x00000000   Number         0  defsig_abrt_inner.o ABSOLUTE
    ../clib/signal.c                         0x00000000   Number         0  defsig_fpe_inner.o ABSOLUTE
    ../clib/signal.c                         0x00000000   Number         0  defsig_other.o ABSOLUTE
    ../clib/signal.c                         0x00000000   Number         0  defsig_exit.o ABSOLUTE
    ../clib/signal.c                         0x00000000   Number         0  defsig_rtmem_inner.o ABSOLUTE
    ../clib/signal.c                         0x00000000   Number         0  __raise.o ABSOLUTE
    ../clib/signal.c                         0x00000000   Number         0  defsig_rtmem_outer.o ABSOLUTE
    ../clib/signal.c                         0x00000000   Number         0  defsig_rtmem_formal.o ABSOLUTE
    ../clib/signal.c                         0x00000000   Number         0  defsig_stak_inner.o ABSOLUTE
    ../clib/signal.s                         0x00000000   Number         0  defsig.o ABSOLUTE
    ../clib/stdlib.c                         0x00000000   Number         0  exit.o ABSOLUTE
    ../fplib/faddsub.s                       0x00000000   Number         0  faddsub_clz.o ABSOLUTE
    ../fplib/fdiv.s                          0x00000000   Number         0  fdiv.o ABSOLUTE
    ../fplib/ffixu.s                         0x00000000   Number         0  ffixu.o ABSOLUTE
    ../fplib/fflt.s                          0x00000000   Number         0  fflt_clz.o ABSOLUTE
    ../fplib/fmul.s                          0x00000000   Number         0  fmul.o ABSOLUTE
    ../fplib/fnaninf.s                       0x00000000   Number         0  fnaninf.o ABSOLUTE
    ../fplib/fpinit.s                        0x00000000   Number         0  fpinit.o ABSOLUTE
    ../fplib/fretinf.s                       0x00000000   Number         0  fretinf.o ABSOLUTE
    ../fplib/usenofp.s                       0x00000000   Number         0  usenofp.o ABSOLUTE
    Hardware\adc.c                           0x00000000   Number         0  adc.o ABSOLUTE
    Hardware\encoder.c                       0x00000000   Number         0  encoder.o ABSOLUTE
    Hardware\font.c                          0x00000000   Number         0  font.o ABSOLUTE
    Hardware\key.c                           0x00000000   Number         0  key.o ABSOLUTE
    Hardware\mcp4131.c                       0x00000000   Number         0  mcp4131.o ABSOLUTE
    Hardware\oled.c                          0x00000000   Number         0  oled.o ABSOLUTE
    Hardware\pwm.c                           0x00000000   Number         0  pwm.o ABSOLUTE
    Library\misc.c                           0x00000000   Number         0  misc.o ABSOLUTE
    Library\stm32f10x_adc.c                  0x00000000   Number         0  stm32f10x_adc.o ABSOLUTE
    Library\stm32f10x_bkp.c                  0x00000000   Number         0  stm32f10x_bkp.o ABSOLUTE
    Library\stm32f10x_can.c                  0x00000000   Number         0  stm32f10x_can.o ABSOLUTE
    Library\stm32f10x_cec.c                  0x00000000   Number         0  stm32f10x_cec.o ABSOLUTE
    Library\stm32f10x_crc.c                  0x00000000   Number         0  stm32f10x_crc.o ABSOLUTE
    Library\stm32f10x_dac.c                  0x00000000   Number         0  stm32f10x_dac.o ABSOLUTE
    Library\stm32f10x_dbgmcu.c               0x00000000   Number         0  stm32f10x_dbgmcu.o ABSOLUTE
    Library\stm32f10x_dma.c                  0x00000000   Number         0  stm32f10x_dma.o ABSOLUTE
    Library\stm32f10x_exti.c                 0x00000000   Number         0  stm32f10x_exti.o ABSOLUTE
    Library\stm32f10x_flash.c                0x00000000   Number         0  stm32f10x_flash.o ABSOLUTE
    Library\stm32f10x_fsmc.c                 0x00000000   Number         0  stm32f10x_fsmc.o ABSOLUTE
    Library\stm32f10x_gpio.c                 0x00000000   Number         0  stm32f10x_gpio.o ABSOLUTE
    Library\stm32f10x_i2c.c                  0x00000000   Number         0  stm32f10x_i2c.o ABSOLUTE
    Library\stm32f10x_iwdg.c                 0x00000000   Number         0  stm32f10x_iwdg.o ABSOLUTE
    Library\stm32f10x_pwr.c                  0x00000000   Number         0  stm32f10x_pwr.o ABSOLUTE
    Library\stm32f10x_rcc.c                  0x00000000   Number         0  stm32f10x_rcc.o ABSOLUTE
    Library\stm32f10x_rtc.c                  0x00000000   Number         0  stm32f10x_rtc.o ABSOLUTE
    Library\stm32f10x_sdio.c                 0x00000000   Number         0  stm32f10x_sdio.o ABSOLUTE
    Library\stm32f10x_spi.c                  0x00000000   Number         0  stm32f10x_spi.o ABSOLUTE
    Library\stm32f10x_tim.c                  0x00000000   Number         0  stm32f10x_tim.o ABSOLUTE
    Library\stm32f10x_usart.c                0x00000000   Number         0  stm32f10x_usart.o ABSOLUTE
    Library\stm32f10x_wwdg.c                 0x00000000   Number         0  stm32f10x_wwdg.o ABSOLUTE
    Startup\\core_cm3.c                      0x00000000   Number         0  core_cm3.o ABSOLUTE
    Startup\core_cm3.c                       0x00000000   Number         0  core_cm3.o ABSOLUTE
    Startup\startup_stm32f10x_md.s           0x00000000   Number         0  startup_stm32f10x_md.o ABSOLUTE
    Startup\system_stm32f10x.c               0x00000000   Number         0  system_stm32f10x.o ABSOLUTE
    User\assert.c                            0x00000000   Number         0  assert.o ABSOLUTE
    User\main.c                              0x00000000   Number         0  main.o ABSOLUTE
    User\stm32f10x_it.c                      0x00000000   Number         0  stm32f10x_it.o ABSOLUTE
    dc.s                                     0x00000000   Number         0  dc.o ABSOLUTE
    RESET                                    0x08000000   Section      236  startup_stm32f10x_md.o(RESET)
    !!!main                                  0x080000ec   Section        8  __main.o(!!!main)
    !!!scatter                               0x080000f4   Section       52  __scatter.o(!!!scatter)
    !!dclz77c                                0x08000128   Section      100  __dclz77c.o(!!dclz77c)
    !!handler_zi                             0x0800018c   Section       28  __scatter_zi.o(!!handler_zi)
    .ARM.Collect$$libinit$$00000000          0x080001a8   Section        2  libinit.o(.ARM.Collect$$libinit$$00000000)
    .ARM.Collect$$libinit$$00000002          0x080001aa   Section        0  libinit2.o(.ARM.Collect$$libinit$$00000002)
    .ARM.Collect$$libinit$$00000004          0x080001aa   Section        0  libinit2.o(.ARM.Collect$$libinit$$00000004)
    .ARM.Collect$$libinit$$0000000A          0x080001aa   Section        0  libinit2.o(.ARM.Collect$$libinit$$0000000A)
    .ARM.Collect$$libinit$$0000000C          0x080001aa   Section        0  libinit2.o(.ARM.Collect$$libinit$$0000000C)
    .ARM.Collect$$libinit$$0000000E          0x080001aa   Section        0  libinit2.o(.ARM.Collect$$libinit$$0000000E)
    .ARM.Collect$$libinit$$00000011          0x080001aa   Section        0  libinit2.o(.ARM.Collect$$libinit$$00000011)
    .ARM.Collect$$libinit$$00000013          0x080001aa   Section        0  libinit2.o(.ARM.Collect$$libinit$$00000013)
    .ARM.Collect$$libinit$$00000015          0x080001aa   Section        0  libinit2.o(.ARM.Collect$$libinit$$00000015)
    .ARM.Collect$$libinit$$00000017          0x080001aa   Section        0  libinit2.o(.ARM.Collect$$libinit$$00000017)
    .ARM.Collect$$libinit$$00000019          0x080001aa   Section        0  libinit2.o(.ARM.Collect$$libinit$$00000019)
    .ARM.Collect$$libinit$$0000001B          0x080001aa   Section        0  libinit2.o(.ARM.Collect$$libinit$$0000001B)
    .ARM.Collect$$libinit$$0000001D          0x080001aa   Section        0  libinit2.o(.ARM.Collect$$libinit$$0000001D)
    .ARM.Collect$$libinit$$0000001F          0x080001aa   Section        0  libinit2.o(.ARM.Collect$$libinit$$0000001F)
    .ARM.Collect$$libinit$$00000021          0x080001aa   Section        0  libinit2.o(.ARM.Collect$$libinit$$00000021)
    .ARM.Collect$$libinit$$00000023          0x080001aa   Section        0  libinit2.o(.ARM.Collect$$libinit$$00000023)
    .ARM.Collect$$libinit$$00000025          0x080001aa   Section        0  libinit2.o(.ARM.Collect$$libinit$$00000025)
    .ARM.Collect$$libinit$$0000002C          0x080001aa   Section        0  libinit2.o(.ARM.Collect$$libinit$$0000002C)
    .ARM.Collect$$libinit$$0000002E          0x080001aa   Section        0  libinit2.o(.ARM.Collect$$libinit$$0000002E)
    .ARM.Collect$$libinit$$00000030          0x080001aa   Section        0  libinit2.o(.ARM.Collect$$libinit$$00000030)
    .ARM.Collect$$libinit$$00000032          0x080001aa   Section        0  libinit2.o(.ARM.Collect$$libinit$$00000032)
    .ARM.Collect$$libinit$$00000033          0x080001aa   Section        2  libinit2.o(.ARM.Collect$$libinit$$00000033)
    .ARM.Collect$$libshutdown$$00000000      0x080001ac   Section        2  libshutdown.o(.ARM.Collect$$libshutdown$$00000000)
    .ARM.Collect$$libshutdown$$00000002      0x080001ae   Section        0  libshutdown2.o(.ARM.Collect$$libshutdown$$00000002)
    .ARM.Collect$$libshutdown$$00000004      0x080001ae   Section        0  libshutdown2.o(.ARM.Collect$$libshutdown$$00000004)
    .ARM.Collect$$libshutdown$$00000006      0x080001ae   Section        0  libshutdown2.o(.ARM.Collect$$libshutdown$$00000006)
    .ARM.Collect$$libshutdown$$00000009      0x080001ae   Section        0  libshutdown2.o(.ARM.Collect$$libshutdown$$00000009)
    .ARM.Collect$$libshutdown$$0000000C      0x080001ae   Section        0  libshutdown2.o(.ARM.Collect$$libshutdown$$0000000C)
    .ARM.Collect$$libshutdown$$0000000E      0x080001ae   Section        0  libshutdown2.o(.ARM.Collect$$libshutdown$$0000000E)
    .ARM.Collect$$libshutdown$$00000011      0x080001ae   Section        0  libshutdown2.o(.ARM.Collect$$libshutdown$$00000011)
    .ARM.Collect$$libshutdown$$00000012      0x080001ae   Section        2  libshutdown2.o(.ARM.Collect$$libshutdown$$00000012)
    .ARM.Collect$$rtentry$$00000000          0x080001b0   Section        0  __rtentry.o(.ARM.Collect$$rtentry$$00000000)
    .ARM.Collect$$rtentry$$00000002          0x080001b0   Section        0  __rtentry2.o(.ARM.Collect$$rtentry$$00000002)
    .ARM.Collect$$rtentry$$00000004          0x080001b0   Section        6  __rtentry4.o(.ARM.Collect$$rtentry$$00000004)
    .ARM.Collect$$rtentry$$00000009          0x080001b6   Section        0  __rtentry2.o(.ARM.Collect$$rtentry$$00000009)
    .ARM.Collect$$rtentry$$0000000A          0x080001b6   Section        4  __rtentry2.o(.ARM.Collect$$rtentry$$0000000A)
    .ARM.Collect$$rtentry$$0000000C          0x080001ba   Section        0  __rtentry2.o(.ARM.Collect$$rtentry$$0000000C)
    .ARM.Collect$$rtentry$$0000000D          0x080001ba   Section        8  __rtentry2.o(.ARM.Collect$$rtentry$$0000000D)
    .ARM.Collect$$rtexit$$00000000           0x080001c2   Section        2  rtexit.o(.ARM.Collect$$rtexit$$00000000)
    .ARM.Collect$$rtexit$$00000002           0x080001c4   Section        0  rtexit2.o(.ARM.Collect$$rtexit$$00000002)
    .ARM.Collect$$rtexit$$00000003           0x080001c4   Section        4  rtexit2.o(.ARM.Collect$$rtexit$$00000003)
    .ARM.Collect$$rtexit$$00000004           0x080001c8   Section        6  rtexit2.o(.ARM.Collect$$rtexit$$00000004)
    .text                                    0x080001d0   Section       64  startup_stm32f10x_md.o(.text)
    .text                                    0x08000210   Section        0  heapauxi.o(.text)
    .text                                    0x08000216   Section       74  sys_stackheap_outer.o(.text)
    .text                                    0x08000260   Section        0  exit.o(.text)
    .text                                    0x08000274   Section        8  libspace.o(.text)
    .text                                    0x0800027c   Section        0  sys_exit.o(.text)
    .text                                    0x08000288   Section        2  use_no_semi.o(.text)
    .text                                    0x0800028a   Section        0  indicate_semi.o(.text)
    i.ADC_Cmd                                0x0800028c   Section        0  stm32f10x_adc.o(i.ADC_Cmd)
    i.ADC_GetCalibrationStatus               0x080002fc   Section        0  stm32f10x_adc.o(i.ADC_GetCalibrationStatus)
    i.ADC_GetConversionValue                 0x08000358   Section        0  stm32f10x_adc.o(i.ADC_GetConversionValue)
    i.ADC_GetFlagStatus                      0x080003a4   Section        0  stm32f10x_adc.o(i.ADC_GetFlagStatus)
    i.ADC_GetResetCalibrationStatus          0x08000420   Section        0  stm32f10x_adc.o(i.ADC_GetResetCalibrationStatus)
    i.ADC_Init                               0x0800047c   Section        0  stm32f10x_adc.o(i.ADC_Init)
    i.ADC_RegularChannelConfig               0x0800062c   Section        0  stm32f10x_adc.o(i.ADC_RegularChannelConfig)
    i.ADC_ResetCalibration                   0x080007e4   Section        0  stm32f10x_adc.o(i.ADC_ResetCalibration)
    i.ADC_SoftwareStartConvCmd               0x08000834   Section        0  stm32f10x_adc.o(i.ADC_SoftwareStartConvCmd)
    i.ADC_StartCalibration                   0x080008a4   Section        0  stm32f10x_adc.o(i.ADC_StartCalibration)
    i.BusFault_Handler                       0x080008f4   Section        0  stm32f10x_it.o(i.BusFault_Handler)
    i.DebugMon_Handler                       0x080008f8   Section        0  stm32f10x_it.o(i.DebugMon_Handler)
    i.GPIO_Init                              0x080008fc   Section        0  stm32f10x_gpio.o(i.GPIO_Init)
    i.GPIO_ReadInputDataBit                  0x08000ab0   Section        0  stm32f10x_gpio.o(i.GPIO_ReadInputDataBit)
    i.GPIO_ResetBits                         0x08000b94   Section        0  stm32f10x_gpio.o(i.GPIO_ResetBits)
    i.GPIO_SetBits                           0x08000c20   Section        0  stm32f10x_gpio.o(i.GPIO_SetBits)
    i.HardFault_Handler                      0x08000cac   Section        0  stm32f10x_it.o(i.HardFault_Handler)
    i.I2C_Delay                              0x08000cb0   Section        0  oled.o(i.I2C_Delay)
    i.I2C_SendByte                           0x08000cbc   Section        0  oled.o(i.I2C_SendByte)
    i.I2C_Start                              0x08000cfa   Section        0  oled.o(i.I2C_Start)
    i.I2C_Stop                               0x08000d0e   Section        0  oled.o(i.I2C_Stop)
    i.KEY_Init                               0x08000d24   Section        0  key.o(i.KEY_Init)
    i.KEY_Scan                               0x08000d50   Section        0  key.o(i.KEY_Scan)
    i.Key_DelayMs                            0x08000e38   Section        0  key.o(i.Key_DelayMs)
    i.MCP4131_Decrease                       0x08000e4c   Section        0  mcp4131.o(i.MCP4131_Decrease)
    i.MCP4131_GetLevel                       0x08000e68   Section        0  mcp4131.o(i.MCP4131_GetLevel)
    i.MCP4131_Increase                       0x08000e74   Section        0  mcp4131.o(i.MCP4131_Increase)
    i.MCP4131_Init                           0x08000e90   Section        0  mcp4131.o(i.MCP4131_Init)
    i.MCP4131_SetLevel                       0x08000ed8   Section        0  mcp4131.o(i.MCP4131_SetLevel)
    i.MCP4131_WriteByte                      0x08000f14   Section        0  mcp4131.o(i.MCP4131_WriteByte)
    MCP4131_WriteByte                        0x08000f15   Thumb Code    62  mcp4131.o(i.MCP4131_WriteByte)
    i.MYADC_GetVoltage                       0x08000f58   Section        0  adc.o(i.MYADC_GetVoltage)
    i.MYADC_Init                             0x08000f94   Section        0  adc.o(i.MYADC_Init)
    i.MemManage_Handler                      0x08001030   Section        0  stm32f10x_it.o(i.MemManage_Handler)
    i.NMI_Handler                            0x08001034   Section        0  stm32f10x_it.o(i.NMI_Handler)
    i.OLED_Clear                             0x08001038   Section        0  oled.o(i.OLED_Clear)
    i.OLED_Init                              0x08001060   Section        0  oled.o(i.OLED_Init)
    i.OLED_Refresh                           0x08001184   Section        0  oled.o(i.OLED_Refresh)
    i.OLED_SCL_Clr                           0x080011c8   Section        0  oled.o(i.OLED_SCL_Clr)
    i.OLED_SCL_Set                           0x080011e0   Section        0  oled.o(i.OLED_SCL_Set)
    i.OLED_SDA_Clr                           0x080011f8   Section        0  oled.o(i.OLED_SDA_Clr)
    i.OLED_SDA_Set                           0x08001210   Section        0  oled.o(i.OLED_SDA_Set)
    i.OLED_ShowChar                          0x08001228   Section        0  oled.o(i.OLED_ShowChar)
    i.OLED_ShowChinese                       0x08001278   Section        0  oled.o(i.OLED_ShowChinese)
    i.OLED_ShowNum                           0x080012bc   Section        0  oled.o(i.OLED_ShowNum)
    i.OLED_ShowString                        0x08001314   Section        0  oled.o(i.OLED_ShowString)
    i.OLED_WriteCmd                          0x08001338   Section        0  oled.o(i.OLED_WriteCmd)
    i.OLED_WriteData                         0x08001358   Section        0  oled.o(i.OLED_WriteData)
    i.PWM_GetFrequency                       0x08001378   Section        0  pwm.o(i.PWM_GetFrequency)
    i.PWM_Init                               0x08001384   Section        0  pwm.o(i.PWM_Init)
    i.PWM_SetFrequency                       0x08001424   Section        0  pwm.o(i.PWM_SetFrequency)
    i.PendSV_Handler                         0x08001484   Section        0  stm32f10x_it.o(i.PendSV_Handler)
    i.RCC_ADCCLKConfig                       0x08001488   Section        0  stm32f10x_rcc.o(i.RCC_ADCCLKConfig)
    i.RCC_APB1PeriphClockCmd                 0x080014d8   Section        0  stm32f10x_rcc.o(i.RCC_APB1PeriphClockCmd)
    i.RCC_APB2PeriphClockCmd                 0x08001540   Section        0  stm32f10x_rcc.o(i.RCC_APB2PeriphClockCmd)
    i.SVC_Handler                            0x080015a8   Section        0  stm32f10x_it.o(i.SVC_Handler)
    i.SetSysClock                            0x080015aa   Section        0  system_stm32f10x.o(i.SetSysClock)
    SetSysClock                              0x080015ab   Thumb Code     8  system_stm32f10x.o(i.SetSysClock)
    i.SetSysClockTo72                        0x080015b4   Section        0  system_stm32f10x.o(i.SetSysClockTo72)
    SetSysClockTo72                          0x080015b5   Thumb Code   214  system_stm32f10x.o(i.SetSysClockTo72)
    i.SysTick_Handler                        0x08001694   Section        0  stm32f10x_it.o(i.SysTick_Handler)
    i.SystemInit                             0x08001698   Section        0  system_stm32f10x.o(i.SystemInit)
    i.TIM_Cmd                                0x080016f8   Section        0  stm32f10x_tim.o(i.TIM_Cmd)
    i.TIM_OC1Init                            0x080017f4   Section        0  stm32f10x_tim.o(i.TIM_OC1Init)
    i.TIM_TimeBaseInit                       0x080019f8   Section        0  stm32f10x_tim.o(i.TIM_TimeBaseInit)
    i.UsageFault_Handler                     0x08001b84   Section        0  stm32f10x_it.o(i.UsageFault_Handler)
    i.assert_failed                          0x08001b88   Section        0  assert.o(i.assert_failed)
    i.main                                   0x08001b8c   Section        0  main.o(i.main)
    x$fpl$fadd                               0x08001ec8   Section      196  faddsub_clz.o(x$fpl$fadd)
    _fadd1                                   0x08001ed7   Thumb Code     0  faddsub_clz.o(x$fpl$fadd)
    x$fpl$fdiv                               0x08001f8c   Section      388  fdiv.o(x$fpl$fdiv)
    _fdiv1                                   0x08001f8d   Thumb Code     0  fdiv.o(x$fpl$fdiv)
    x$fpl$ffixu                              0x08002110   Section       62  ffixu.o(x$fpl$ffixu)
    x$fpl$ffltu                              0x08002150   Section       38  fflt_clz.o(x$fpl$ffltu)
    x$fpl$fmul                               0x08002178   Section      258  fmul.o(x$fpl$fmul)
    x$fpl$fnaninf                            0x0800227a   Section      140  fnaninf.o(x$fpl$fnaninf)
    x$fpl$fretinf                            0x08002306   Section       10  fretinf.o(x$fpl$fretinf)
    x$fpl$fsub                               0x08002310   Section      234  faddsub_clz.o(x$fpl$fsub)
    _fsub1                                   0x0800231f   Thumb Code     0  faddsub_clz.o(x$fpl$fsub)
    .constdata                               0x080023fa   Section     1520  font.o(.constdata)
    x$fpl$usenofp                            0x080023fa   Section        0  usenofp.o(x$fpl$usenofp)
    .data                                    0x20000000   Section      544  font.o(.data)
    .data                                    0x20000220   Section        2  pwm.o(.data)
    .data                                    0x20000222   Section        1  mcp4131.o(.data)
    current_level                            0x20000222   Data           1  mcp4131.o(.data)
    .bss                                     0x20000224   Section     1024  oled.o(.bss)
    oled_buffer                              0x20000224   Data        1024  oled.o(.bss)
    .bss                                     0x20000624   Section       96  libspace.o(.bss)
    HEAP                                     0x20000688   Section      512  startup_stm32f10x_md.o(HEAP)
    Heap_Mem                                 0x20000688   Data         512  startup_stm32f10x_md.o(HEAP)
    STACK                                    0x20000888   Section     1024  startup_stm32f10x_md.o(STACK)
    Stack_Mem                                0x20000888   Data        1024  startup_stm32f10x_md.o(STACK)
    __initial_sp                             0x20000c88   Data           0  startup_stm32f10x_md.o(STACK)

    Global Symbols

    Symbol Name                              Value     Ov Type        Size  Object(Section)

    BuildAttributes$$THM_ISAv4$P$D$K$B$S$PE$A:L22UL41UL21$X:L11$S22US41US21$IEEE1$IW$USESV6$~STKCKD$USESV7$~SHL$OSPACE$ROPI$EBA8$UX$STANDARDLIB$REQ8$PRES8$EABIv2 0x00000000   Number         0  anon$$obj.o ABSOLUTE
    __ARM_use_no_argv                        0x00000000   Number         0  main.o ABSOLUTE
    __ARM_exceptions_init                     - Undefined Weak Reference
    __alloca_initialize                       - Undefined Weak Reference
    __arm_fini_                               - Undefined Weak Reference
    __arm_preinit_                            - Undefined Weak Reference
    __cpp_initialize__aeabi_                  - Undefined Weak Reference
    __cxa_finalize                            - Undefined Weak Reference
    __rt_locale                               - Undefined Weak Reference
    __sigvec_lookup                           - Undefined Weak Reference
    _atexit_init                              - Undefined Weak Reference
    _call_atexit_fns                          - Undefined Weak Reference
    _clock_init                               - Undefined Weak Reference
    _fp_trap_init                             - Undefined Weak Reference
    _fp_trap_shutdown                         - Undefined Weak Reference
    _get_lc_collate                           - Undefined Weak Reference
    _get_lc_ctype                             - Undefined Weak Reference
    _get_lc_monetary                          - Undefined Weak Reference
    _get_lc_numeric                           - Undefined Weak Reference
    _get_lc_time                              - Undefined Weak Reference
    _getenv_init                              - Undefined Weak Reference
    _handle_redirection                       - Undefined Weak Reference
    _init_alloc                               - Undefined Weak Reference
    _init_user_alloc                          - Undefined Weak Reference
    _initio                                   - Undefined Weak Reference
    _rand_init                                - Undefined Weak Reference
    _signal_finish                            - Undefined Weak Reference
    _signal_init                              - Undefined Weak Reference
    _terminate_alloc                          - Undefined Weak Reference
    _terminate_user_alloc                     - Undefined Weak Reference
    _terminateio                              - Undefined Weak Reference
    __Vectors_Size                           0x000000ec   Number         0  startup_stm32f10x_md.o ABSOLUTE
    __Vectors                                0x08000000   Data           4  startup_stm32f10x_md.o(RESET)
    __Vectors_End                            0x080000ec   Data           0  startup_stm32f10x_md.o(RESET)
    __main                                   0x080000ed   Thumb Code     8  __main.o(!!!main)
    __scatterload                            0x080000f5   Thumb Code     0  __scatter.o(!!!scatter)
    __scatterload_rt2                        0x080000f5   Thumb Code    44  __scatter.o(!!!scatter)
    __scatterload_rt2_thumb_only             0x080000f5   Thumb Code     0  __scatter.o(!!!scatter)
    __scatterload_null                       0x08000103   Thumb Code     0  __scatter.o(!!!scatter)
    __decompress                             0x08000129   Thumb Code   100  __dclz77c.o(!!dclz77c)
    __decompress2                            0x08000129   Thumb Code     0  __dclz77c.o(!!dclz77c)
    __scatterload_zeroinit                   0x0800018d   Thumb Code    28  __scatter_zi.o(!!handler_zi)
    __rt_lib_init                            0x080001a9   Thumb Code     0  libinit.o(.ARM.Collect$$libinit$$00000000)
    __rt_lib_init_alloca_1                   0x080001ab   Thumb Code     0  libinit2.o(.ARM.Collect$$libinit$$0000002E)
    __rt_lib_init_argv_1                     0x080001ab   Thumb Code     0  libinit2.o(.ARM.Collect$$libinit$$0000002C)
    __rt_lib_init_atexit_1                   0x080001ab   Thumb Code     0  libinit2.o(.ARM.Collect$$libinit$$0000001B)
    __rt_lib_init_clock_1                    0x080001ab   Thumb Code     0  libinit2.o(.ARM.Collect$$libinit$$00000021)
    __rt_lib_init_cpp_1                      0x080001ab   Thumb Code     0  libinit2.o(.ARM.Collect$$libinit$$00000032)
    __rt_lib_init_exceptions_1               0x080001ab   Thumb Code     0  libinit2.o(.ARM.Collect$$libinit$$00000030)
    __rt_lib_init_fp_1                       0x080001ab   Thumb Code     0  libinit2.o(.ARM.Collect$$libinit$$00000002)
    __rt_lib_init_fp_trap_1                  0x080001ab   Thumb Code     0  libinit2.o(.ARM.Collect$$libinit$$0000001F)
    __rt_lib_init_getenv_1                   0x080001ab   Thumb Code     0  libinit2.o(.ARM.Collect$$libinit$$00000023)
    __rt_lib_init_heap_1                     0x080001ab   Thumb Code     0  libinit2.o(.ARM.Collect$$libinit$$0000000A)
    __rt_lib_init_lc_collate_1               0x080001ab   Thumb Code     0  libinit2.o(.ARM.Collect$$libinit$$00000011)
    __rt_lib_init_lc_ctype_1                 0x080001ab   Thumb Code     0  libinit2.o(.ARM.Collect$$libinit$$00000013)
    __rt_lib_init_lc_monetary_1              0x080001ab   Thumb Code     0  libinit2.o(.ARM.Collect$$libinit$$00000015)
    __rt_lib_init_lc_numeric_1               0x080001ab   Thumb Code     0  libinit2.o(.ARM.Collect$$libinit$$00000017)
    __rt_lib_init_lc_time_1                  0x080001ab   Thumb Code     0  libinit2.o(.ARM.Collect$$libinit$$00000019)
    __rt_lib_init_preinit_1                  0x080001ab   Thumb Code     0  libinit2.o(.ARM.Collect$$libinit$$00000004)
    __rt_lib_init_rand_1                     0x080001ab   Thumb Code     0  libinit2.o(.ARM.Collect$$libinit$$0000000E)
    __rt_lib_init_return                     0x080001ab   Thumb Code     0  libinit2.o(.ARM.Collect$$libinit$$00000033)
    __rt_lib_init_signal_1                   0x080001ab   Thumb Code     0  libinit2.o(.ARM.Collect$$libinit$$0000001D)
    __rt_lib_init_stdio_1                    0x080001ab   Thumb Code     0  libinit2.o(.ARM.Collect$$libinit$$00000025)
    __rt_lib_init_user_alloc_1               0x080001ab   Thumb Code     0  libinit2.o(.ARM.Collect$$libinit$$0000000C)
    __rt_lib_shutdown                        0x080001ad   Thumb Code     0  libshutdown.o(.ARM.Collect$$libshutdown$$00000000)
    __rt_lib_shutdown_cpp_1                  0x080001af   Thumb Code     0  libshutdown2.o(.ARM.Collect$$libshutdown$$00000004)
    __rt_lib_shutdown_fini_1                 0x080001af   Thumb Code     0  libshutdown2.o(.ARM.Collect$$libshutdown$$00000002)
    __rt_lib_shutdown_fp_trap_1              0x080001af   Thumb Code     0  libshutdown2.o(.ARM.Collect$$libshutdown$$00000009)
    __rt_lib_shutdown_heap_1                 0x080001af   Thumb Code     0  libshutdown2.o(.ARM.Collect$$libshutdown$$00000011)
    __rt_lib_shutdown_return                 0x080001af   Thumb Code     0  libshutdown2.o(.ARM.Collect$$libshutdown$$00000012)
    __rt_lib_shutdown_signal_1               0x080001af   Thumb Code     0  libshutdown2.o(.ARM.Collect$$libshutdown$$0000000C)
    __rt_lib_shutdown_stdio_1                0x080001af   Thumb Code     0  libshutdown2.o(.ARM.Collect$$libshutdown$$00000006)
    __rt_lib_shutdown_user_alloc_1           0x080001af   Thumb Code     0  libshutdown2.o(.ARM.Collect$$libshutdown$$0000000E)
    __rt_entry                               0x080001b1   Thumb Code     0  __rtentry.o(.ARM.Collect$$rtentry$$00000000)
    __rt_entry_presh_1                       0x080001b1   Thumb Code     0  __rtentry2.o(.ARM.Collect$$rtentry$$00000002)
    __rt_entry_sh                            0x080001b1   Thumb Code     0  __rtentry4.o(.ARM.Collect$$rtentry$$00000004)
    __rt_entry_li                            0x080001b7   Thumb Code     0  __rtentry2.o(.ARM.Collect$$rtentry$$0000000A)
    __rt_entry_postsh_1                      0x080001b7   Thumb Code     0  __rtentry2.o(.ARM.Collect$$rtentry$$00000009)
    __rt_entry_main                          0x080001bb   Thumb Code     0  __rtentry2.o(.ARM.Collect$$rtentry$$0000000D)
    __rt_entry_postli_1                      0x080001bb   Thumb Code     0  __rtentry2.o(.ARM.Collect$$rtentry$$0000000C)
    __rt_exit                                0x080001c3   Thumb Code     0  rtexit.o(.ARM.Collect$$rtexit$$00000000)
    __rt_exit_ls                             0x080001c5   Thumb Code     0  rtexit2.o(.ARM.Collect$$rtexit$$00000003)
    __rt_exit_prels_1                        0x080001c5   Thumb Code     0  rtexit2.o(.ARM.Collect$$rtexit$$00000002)
    __rt_exit_exit                           0x080001c9   Thumb Code     0  rtexit2.o(.ARM.Collect$$rtexit$$00000004)
    Reset_Handler                            0x080001d1   Thumb Code     8  startup_stm32f10x_md.o(.text)
    ADC1_2_IRQHandler                        0x080001eb   Thumb Code     0  startup_stm32f10x_md.o(.text)
    CAN1_RX1_IRQHandler                      0x080001eb   Thumb Code     0  startup_stm32f10x_md.o(.text)
    CAN1_SCE_IRQHandler                      0x080001eb   Thumb Code     0  startup_stm32f10x_md.o(.text)
    DMA1_Channel1_IRQHandler                 0x080001eb   Thumb Code     0  startup_stm32f10x_md.o(.text)
    DMA1_Channel2_IRQHandler                 0x080001eb   Thumb Code     0  startup_stm32f10x_md.o(.text)
    DMA1_Channel3_IRQHandler                 0x080001eb   Thumb Code     0  startup_stm32f10x_md.o(.text)
    DMA1_Channel4_IRQHandler                 0x080001eb   Thumb Code     0  startup_stm32f10x_md.o(.text)
    DMA1_Channel5_IRQHandler                 0x080001eb   Thumb Code     0  startup_stm32f10x_md.o(.text)
    DMA1_Channel6_IRQHandler                 0x080001eb   Thumb Code     0  startup_stm32f10x_md.o(.text)
    DMA1_Channel7_IRQHandler                 0x080001eb   Thumb Code     0  startup_stm32f10x_md.o(.text)
    EXTI0_IRQHandler                         0x080001eb   Thumb Code     0  startup_stm32f10x_md.o(.text)
    EXTI15_10_IRQHandler                     0x080001eb   Thumb Code     0  startup_stm32f10x_md.o(.text)
    EXTI1_IRQHandler                         0x080001eb   Thumb Code     0  startup_stm32f10x_md.o(.text)
    EXTI2_IRQHandler                         0x080001eb   Thumb Code     0  startup_stm32f10x_md.o(.text)
    EXTI3_IRQHandler                         0x080001eb   Thumb Code     0  startup_stm32f10x_md.o(.text)
    EXTI4_IRQHandler                         0x080001eb   Thumb Code     0  startup_stm32f10x_md.o(.text)
    EXTI9_5_IRQHandler                       0x080001eb   Thumb Code     0  startup_stm32f10x_md.o(.text)
    FLASH_IRQHandler                         0x080001eb   Thumb Code     0  startup_stm32f10x_md.o(.text)
    I2C1_ER_IRQHandler                       0x080001eb   Thumb Code     0  startup_stm32f10x_md.o(.text)
    I2C1_EV_IRQHandler                       0x080001eb   Thumb Code     0  startup_stm32f10x_md.o(.text)
    I2C2_ER_IRQHandler                       0x080001eb   Thumb Code     0  startup_stm32f10x_md.o(.text)
    I2C2_EV_IRQHandler                       0x080001eb   Thumb Code     0  startup_stm32f10x_md.o(.text)
    PVD_IRQHandler                           0x080001eb   Thumb Code     0  startup_stm32f10x_md.o(.text)
    RCC_IRQHandler                           0x080001eb   Thumb Code     0  startup_stm32f10x_md.o(.text)
    RTCAlarm_IRQHandler                      0x080001eb   Thumb Code     0  startup_stm32f10x_md.o(.text)
    RTC_IRQHandler                           0x080001eb   Thumb Code     0  startup_stm32f10x_md.o(.text)
    SPI1_IRQHandler                          0x080001eb   Thumb Code     0  startup_stm32f10x_md.o(.text)
    SPI2_IRQHandler                          0x080001eb   Thumb Code     0  startup_stm32f10x_md.o(.text)
    TAMPER_IRQHandler                        0x080001eb   Thumb Code     0  startup_stm32f10x_md.o(.text)
    TIM1_BRK_IRQHandler                      0x080001eb   Thumb Code     0  startup_stm32f10x_md.o(.text)
    TIM1_CC_IRQHandler                       0x080001eb   Thumb Code     0  startup_stm32f10x_md.o(.text)
    TIM1_TRG_COM_IRQHandler                  0x080001eb   Thumb Code     0  startup_stm32f10x_md.o(.text)
    TIM1_UP_IRQHandler                       0x080001eb   Thumb Code     0  startup_stm32f10x_md.o(.text)
    TIM2_IRQHandler                          0x080001eb   Thumb Code     0  startup_stm32f10x_md.o(.text)
    TIM3_IRQHandler                          0x080001eb   Thumb Code     0  startup_stm32f10x_md.o(.text)
    TIM4_IRQHandler                          0x080001eb   Thumb Code     0  startup_stm32f10x_md.o(.text)
    USART1_IRQHandler                        0x080001eb   Thumb Code     0  startup_stm32f10x_md.o(.text)
    USART2_IRQHandler                        0x080001eb   Thumb Code     0  startup_stm32f10x_md.o(.text)
    USART3_IRQHandler                        0x080001eb   Thumb Code     0  startup_stm32f10x_md.o(.text)
    USBWakeUp_IRQHandler                     0x080001eb   Thumb Code     0  startup_stm32f10x_md.o(.text)
    USB_HP_CAN1_TX_IRQHandler                0x080001eb   Thumb Code     0  startup_stm32f10x_md.o(.text)
    USB_LP_CAN1_RX0_IRQHandler               0x080001eb   Thumb Code     0  startup_stm32f10x_md.o(.text)
    WWDG_IRQHandler                          0x080001eb   Thumb Code     0  startup_stm32f10x_md.o(.text)
    __user_initial_stackheap                 0x080001ed   Thumb Code     0  startup_stm32f10x_md.o(.text)
    __use_two_region_memory                  0x08000211   Thumb Code     2  heapauxi.o(.text)
    __rt_heap_escrow$2region                 0x08000213   Thumb Code     2  heapauxi.o(.text)
    __rt_heap_expand$2region                 0x08000215   Thumb Code     2  heapauxi.o(.text)
    __user_setup_stackheap                   0x08000217   Thumb Code    74  sys_stackheap_outer.o(.text)
    exit                                     0x08000261   Thumb Code    18  exit.o(.text)
    __user_libspace                          0x08000275   Thumb Code     8  libspace.o(.text)
    __user_perproc_libspace                  0x08000275   Thumb Code     0  libspace.o(.text)
    __user_perthread_libspace                0x08000275   Thumb Code     0  libspace.o(.text)
    _sys_exit                                0x0800027d   Thumb Code     8  sys_exit.o(.text)
    __I$use$semihosting                      0x08000289   Thumb Code     0  use_no_semi.o(.text)
    __use_no_semihosting_swi                 0x08000289   Thumb Code     2  use_no_semi.o(.text)
    __semihosting_library_function           0x0800028b   Thumb Code     0  indicate_semi.o(.text)
    ADC_Cmd                                  0x0800028d   Thumb Code    76  stm32f10x_adc.o(i.ADC_Cmd)
    ADC_GetCalibrationStatus                 0x080002fd   Thumb Code    54  stm32f10x_adc.o(i.ADC_GetCalibrationStatus)
    ADC_GetConversionValue                   0x08000359   Thumb Code    40  stm32f10x_adc.o(i.ADC_GetConversionValue)
    ADC_GetFlagStatus                        0x080003a5   Thumb Code    86  stm32f10x_adc.o(i.ADC_GetFlagStatus)
    ADC_GetResetCalibrationStatus            0x08000421   Thumb Code    54  stm32f10x_adc.o(i.ADC_GetResetCalibrationStatus)
    ADC_Init                                 0x0800047d   Thumb Code   388  stm32f10x_adc.o(i.ADC_Init)
    ADC_RegularChannelConfig                 0x0800062d   Thumb Code   404  stm32f10x_adc.o(i.ADC_RegularChannelConfig)
    ADC_ResetCalibration                     0x080007e5   Thumb Code    44  stm32f10x_adc.o(i.ADC_ResetCalibration)
    ADC_SoftwareStartConvCmd                 0x08000835   Thumb Code    76  stm32f10x_adc.o(i.ADC_SoftwareStartConvCmd)
    ADC_StartCalibration                     0x080008a5   Thumb Code    44  stm32f10x_adc.o(i.ADC_StartCalibration)
    BusFault_Handler                         0x080008f5   Thumb Code     4  stm32f10x_it.o(i.BusFault_Handler)
    DebugMon_Handler                         0x080008f9   Thumb Code     2  stm32f10x_it.o(i.DebugMon_Handler)
    GPIO_Init                                0x080008fd   Thumb Code   378  stm32f10x_gpio.o(i.GPIO_Init)
    GPIO_ReadInputDataBit                    0x08000ab1   Thumb Code   170  stm32f10x_gpio.o(i.GPIO_ReadInputDataBit)
    GPIO_ResetBits                           0x08000b95   Thumb Code    82  stm32f10x_gpio.o(i.GPIO_ResetBits)
    GPIO_SetBits                             0x08000c21   Thumb Code    82  stm32f10x_gpio.o(i.GPIO_SetBits)
    HardFault_Handler                        0x08000cad   Thumb Code     4  stm32f10x_it.o(i.HardFault_Handler)
    I2C_Delay                                0x08000cb1   Thumb Code    12  oled.o(i.I2C_Delay)
    I2C_SendByte                             0x08000cbd   Thumb Code    62  oled.o(i.I2C_SendByte)
    I2C_Start                                0x08000cfb   Thumb Code    20  oled.o(i.I2C_Start)
    I2C_Stop                                 0x08000d0f   Thumb Code    20  oled.o(i.I2C_Stop)
    KEY_Init                                 0x08000d25   Thumb Code    40  key.o(i.KEY_Init)
    KEY_Scan                                 0x08000d51   Thumb Code   226  key.o(i.KEY_Scan)
    Key_DelayMs                              0x08000e39   Thumb Code    20  key.o(i.Key_DelayMs)
    MCP4131_Decrease                         0x08000e4d   Thumb Code    24  mcp4131.o(i.MCP4131_Decrease)
    MCP4131_GetLevel                         0x08000e69   Thumb Code     6  mcp4131.o(i.MCP4131_GetLevel)
    MCP4131_Increase                         0x08000e75   Thumb Code    24  mcp4131.o(i.MCP4131_Increase)
    MCP4131_Init                             0x08000e91   Thumb Code    68  mcp4131.o(i.MCP4131_Init)
    MCP4131_SetLevel                         0x08000ed9   Thumb Code    50  mcp4131.o(i.MCP4131_SetLevel)
    MYADC_GetVoltage                         0x08000f59   Thumb Code    48  adc.o(i.MYADC_GetVoltage)
    MYADC_Init                               0x08000f95   Thumb Code   148  adc.o(i.MYADC_Init)
    MemManage_Handler                        0x08001031   Thumb Code     4  stm32f10x_it.o(i.MemManage_Handler)
    NMI_Handler                              0x08001035   Thumb Code     2  stm32f10x_it.o(i.NMI_Handler)
    OLED_Clear                               0x08001039   Thumb Code    36  oled.o(i.OLED_Clear)
    OLED_Init                                0x08001061   Thumb Code   282  oled.o(i.OLED_Init)
    OLED_Refresh                             0x08001185   Thumb Code    62  oled.o(i.OLED_Refresh)
    OLED_SCL_Clr                             0x080011c9   Thumb Code    18  oled.o(i.OLED_SCL_Clr)
    OLED_SCL_Set                             0x080011e1   Thumb Code    18  oled.o(i.OLED_SCL_Set)
    OLED_SDA_Clr                             0x080011f9   Thumb Code    18  oled.o(i.OLED_SDA_Clr)
    OLED_SDA_Set                             0x08001211   Thumb Code    18  oled.o(i.OLED_SDA_Set)
    OLED_ShowChar                            0x08001229   Thumb Code    72  oled.o(i.OLED_ShowChar)
    OLED_ShowChinese                         0x08001279   Thumb Code    58  oled.o(i.OLED_ShowChinese)
    OLED_ShowNum                             0x080012bd   Thumb Code    88  oled.o(i.OLED_ShowNum)
    OLED_ShowString                          0x08001315   Thumb Code    36  oled.o(i.OLED_ShowString)
    OLED_WriteCmd                            0x08001339   Thumb Code    32  oled.o(i.OLED_WriteCmd)
    OLED_WriteData                           0x08001359   Thumb Code    32  oled.o(i.OLED_WriteData)
    PWM_GetFrequency                         0x08001379   Thumb Code     6  pwm.o(i.PWM_GetFrequency)
    PWM_Init                                 0x08001385   Thumb Code   146  pwm.o(i.PWM_Init)
    PWM_SetFrequency                         0x08001425   Thumb Code    88  pwm.o(i.PWM_SetFrequency)
    PendSV_Handler                           0x08001485   Thumb Code     2  stm32f10x_it.o(i.PendSV_Handler)
    RCC_ADCCLKConfig                         0x08001489   Thumb Code    52  stm32f10x_rcc.o(i.RCC_ADCCLKConfig)
    RCC_APB1PeriphClockCmd                   0x080014d9   Thumb Code    70  stm32f10x_rcc.o(i.RCC_APB1PeriphClockCmd)
    RCC_APB2PeriphClockCmd                   0x08001541   Thumb Code    70  stm32f10x_rcc.o(i.RCC_APB2PeriphClockCmd)
    SVC_Handler                              0x080015a9   Thumb Code     2  stm32f10x_it.o(i.SVC_Handler)
    SysTick_Handler                          0x08001695   Thumb Code     2  stm32f10x_it.o(i.SysTick_Handler)
    SystemInit                               0x08001699   Thumb Code    78  system_stm32f10x.o(i.SystemInit)
    TIM_Cmd                                  0x080016f9   Thumb Code   162  stm32f10x_tim.o(i.TIM_Cmd)
    TIM_OC1Init                              0x080017f5   Thumb Code   436  stm32f10x_tim.o(i.TIM_OC1Init)
    TIM_TimeBaseInit                         0x080019f9   Thumb Code   308  stm32f10x_tim.o(i.TIM_TimeBaseInit)
    UsageFault_Handler                       0x08001b85   Thumb Code     4  stm32f10x_it.o(i.UsageFault_Handler)
    assert_failed                            0x08001b89   Thumb Code     4  assert.o(i.assert_failed)
    main                                     0x08001b8d   Thumb Code   814  main.o(i.main)
    __aeabi_fadd                             0x08001ec9   Thumb Code     0  faddsub_clz.o(x$fpl$fadd)
    _fadd                                    0x08001ec9   Thumb Code   196  faddsub_clz.o(x$fpl$fadd)
    __aeabi_fdiv                             0x08001f8d   Thumb Code     0  fdiv.o(x$fpl$fdiv)
    _fdiv                                    0x08001f8d   Thumb Code   384  fdiv.o(x$fpl$fdiv)
    __aeabi_f2uiz                            0x08002111   Thumb Code     0  ffixu.o(x$fpl$ffixu)
    _ffixu                                   0x08002111   Thumb Code    62  ffixu.o(x$fpl$ffixu)
    __aeabi_ui2f                             0x08002151   Thumb Code     0  fflt_clz.o(x$fpl$ffltu)
    _ffltu                                   0x08002151   Thumb Code    38  fflt_clz.o(x$fpl$ffltu)
    __aeabi_fmul                             0x08002179   Thumb Code     0  fmul.o(x$fpl$fmul)
    _fmul                                    0x08002179   Thumb Code   258  fmul.o(x$fpl$fmul)
    __fpl_fnaninf                            0x0800227b   Thumb Code   140  fnaninf.o(x$fpl$fnaninf)
    __fpl_fretinf                            0x08002307   Thumb Code    10  fretinf.o(x$fpl$fretinf)
    __aeabi_fsub                             0x08002311   Thumb Code     0  faddsub_clz.o(x$fpl$fsub)
    _fsub                                    0x08002311   Thumb Code   234  faddsub_clz.o(x$fpl$fsub)
    OLED_F8x16                               0x080023fa   Data        1520  font.o(.constdata)
    __I$use$fp                               0x080023fa   Number         0  usenofp.o(x$fpl$usenofp)
    Region$$Table$$Base                      0x080029ec   Number         0  anon$$obj.o(Region$$Table)
    Region$$Table$$Limit                     0x08002a0c   Number         0  anon$$obj.o(Region$$Table)
    ChineseFont                              0x20000000   Data         544  font.o(.data)
    current_frequency                        0x20000220   Data           2  pwm.o(.data)
    __libspace_start                         0x20000624   Data          96  libspace.o(.bss)
    __temporary_stack_top$libspace           0x20000684   Data           0  libspace.o(.bss)



==============================================================================

Memory Map of the image

  Image Entry point : 0x080000ed

  Load Region LR_IROM1 (Base: 0x08000000, Size: 0x00002c30, Max: 0x00010000, ABSOLUTE, COMPRESSED[0x00002b88])

    Execution Region ER_IROM1 (Exec base: 0x08000000, Load base: 0x08000000, Size: 0x00002a0c, Max: 0x00010000, ABSOLUTE)

    Exec Addr    Load Addr    Size         Type   Attr      Idx    E Section Name        Object

    0x08000000   0x08000000   0x000000ec   Data   RO         3274    RESET               startup_stm32f10x_md.o
    0x080000ec   0x080000ec   0x00000008   Code   RO         3584  * !!!main             c_w.l(__main.o)
    0x080000f4   0x080000f4   0x00000034   Code   RO         3772    !!!scatter          c_w.l(__scatter.o)
    0x08000128   0x08000128   0x00000064   Code   RO         3770    !!dclz77c           c_w.l(__dclz77c.o)
    0x0800018c   0x0800018c   0x0000001c   Code   RO         3774    !!handler_zi        c_w.l(__scatter_zi.o)
    0x080001a8   0x080001a8   0x00000002   Code   RO         3638    .ARM.Collect$$libinit$$00000000  c_w.l(libinit.o)
    0x080001aa   0x080001aa   0x00000000   Code   RO         3645    .ARM.Collect$$libinit$$00000002  c_w.l(libinit2.o)
    0x080001aa   0x080001aa   0x00000000   Code   RO         3647    .ARM.Collect$$libinit$$00000004  c_w.l(libinit2.o)
    0x080001aa   0x080001aa   0x00000000   Code   RO         3650    .ARM.Collect$$libinit$$0000000A  c_w.l(libinit2.o)
    0x080001aa   0x080001aa   0x00000000   Code   RO         3652    .ARM.Collect$$libinit$$0000000C  c_w.l(libinit2.o)
    0x080001aa   0x080001aa   0x00000000   Code   RO         3654    .ARM.Collect$$libinit$$0000000E  c_w.l(libinit2.o)
    0x080001aa   0x080001aa   0x00000000   Code   RO         3657    .ARM.Collect$$libinit$$00000011  c_w.l(libinit2.o)
    0x080001aa   0x080001aa   0x00000000   Code   RO         3659    .ARM.Collect$$libinit$$00000013  c_w.l(libinit2.o)
    0x080001aa   0x080001aa   0x00000000   Code   RO         3661    .ARM.Collect$$libinit$$00000015  c_w.l(libinit2.o)
    0x080001aa   0x080001aa   0x00000000   Code   RO         3663    .ARM.Collect$$libinit$$00000017  c_w.l(libinit2.o)
    0x080001aa   0x080001aa   0x00000000   Code   RO         3665    .ARM.Collect$$libinit$$00000019  c_w.l(libinit2.o)
    0x080001aa   0x080001aa   0x00000000   Code   RO         3667    .ARM.Collect$$libinit$$0000001B  c_w.l(libinit2.o)
    0x080001aa   0x080001aa   0x00000000   Code   RO         3669    .ARM.Collect$$libinit$$0000001D  c_w.l(libinit2.o)
    0x080001aa   0x080001aa   0x00000000   Code   RO         3671    .ARM.Collect$$libinit$$0000001F  c_w.l(libinit2.o)
    0x080001aa   0x080001aa   0x00000000   Code   RO         3673    .ARM.Collect$$libinit$$00000021  c_w.l(libinit2.o)
    0x080001aa   0x080001aa   0x00000000   Code   RO         3675    .ARM.Collect$$libinit$$00000023  c_w.l(libinit2.o)
    0x080001aa   0x080001aa   0x00000000   Code   RO         3677    .ARM.Collect$$libinit$$00000025  c_w.l(libinit2.o)
    0x080001aa   0x080001aa   0x00000000   Code   RO         3681    .ARM.Collect$$libinit$$0000002C  c_w.l(libinit2.o)
    0x080001aa   0x080001aa   0x00000000   Code   RO         3683    .ARM.Collect$$libinit$$0000002E  c_w.l(libinit2.o)
    0x080001aa   0x080001aa   0x00000000   Code   RO         3685    .ARM.Collect$$libinit$$00000030  c_w.l(libinit2.o)
    0x080001aa   0x080001aa   0x00000000   Code   RO         3687    .ARM.Collect$$libinit$$00000032  c_w.l(libinit2.o)
    0x080001aa   0x080001aa   0x00000002   Code   RO         3688    .ARM.Collect$$libinit$$00000033  c_w.l(libinit2.o)
    0x080001ac   0x080001ac   0x00000002   Code   RO         3708    .ARM.Collect$$libshutdown$$00000000  c_w.l(libshutdown.o)
    0x080001ae   0x080001ae   0x00000000   Code   RO         3721    .ARM.Collect$$libshutdown$$00000002  c_w.l(libshutdown2.o)
    0x080001ae   0x080001ae   0x00000000   Code   RO         3723    .ARM.Collect$$libshutdown$$00000004  c_w.l(libshutdown2.o)
    0x080001ae   0x080001ae   0x00000000   Code   RO         3725    .ARM.Collect$$libshutdown$$00000006  c_w.l(libshutdown2.o)
    0x080001ae   0x080001ae   0x00000000   Code   RO         3728    .ARM.Collect$$libshutdown$$00000009  c_w.l(libshutdown2.o)
    0x080001ae   0x080001ae   0x00000000   Code   RO         3731    .ARM.Collect$$libshutdown$$0000000C  c_w.l(libshutdown2.o)
    0x080001ae   0x080001ae   0x00000000   Code   RO         3733    .ARM.Collect$$libshutdown$$0000000E  c_w.l(libshutdown2.o)
    0x080001ae   0x080001ae   0x00000000   Code   RO         3736    .ARM.Collect$$libshutdown$$00000011  c_w.l(libshutdown2.o)
    0x080001ae   0x080001ae   0x00000002   Code   RO         3737    .ARM.Collect$$libshutdown$$00000012  c_w.l(libshutdown2.o)
    0x080001b0   0x080001b0   0x00000000   Code   RO         3608    .ARM.Collect$$rtentry$$00000000  c_w.l(__rtentry.o)
    0x080001b0   0x080001b0   0x00000000   Code   RO         3615    .ARM.Collect$$rtentry$$00000002  c_w.l(__rtentry2.o)
    0x080001b0   0x080001b0   0x00000006   Code   RO         3627    .ARM.Collect$$rtentry$$00000004  c_w.l(__rtentry4.o)
    0x080001b6   0x080001b6   0x00000000   Code   RO         3617    .ARM.Collect$$rtentry$$00000009  c_w.l(__rtentry2.o)
    0x080001b6   0x080001b6   0x00000004   Code   RO         3618    .ARM.Collect$$rtentry$$0000000A  c_w.l(__rtentry2.o)
    0x080001ba   0x080001ba   0x00000000   Code   RO         3620    .ARM.Collect$$rtentry$$0000000C  c_w.l(__rtentry2.o)
    0x080001ba   0x080001ba   0x00000008   Code   RO         3621    .ARM.Collect$$rtentry$$0000000D  c_w.l(__rtentry2.o)
    0x080001c2   0x080001c2   0x00000002   Code   RO         3642    .ARM.Collect$$rtexit$$00000000  c_w.l(rtexit.o)
    0x080001c4   0x080001c4   0x00000000   Code   RO         3690    .ARM.Collect$$rtexit$$00000002  c_w.l(rtexit2.o)
    0x080001c4   0x080001c4   0x00000004   Code   RO         3691    .ARM.Collect$$rtexit$$00000003  c_w.l(rtexit2.o)
    0x080001c8   0x080001c8   0x00000006   Code   RO         3692    .ARM.Collect$$rtexit$$00000004  c_w.l(rtexit2.o)
    0x080001ce   0x080001ce   0x00000002   PAD
    0x080001d0   0x080001d0   0x00000040   Code   RO         3275    .text               startup_stm32f10x_md.o
    0x08000210   0x08000210   0x00000006   Code   RO         3582    .text               c_w.l(heapauxi.o)
    0x08000216   0x08000216   0x0000004a   Code   RO         3629    .text               c_w.l(sys_stackheap_outer.o)
    0x08000260   0x08000260   0x00000012   Code   RO         3631    .text               c_w.l(exit.o)
    0x08000272   0x08000272   0x00000002   PAD
    0x08000274   0x08000274   0x00000008   Code   RO         3639    .text               c_w.l(libspace.o)
    0x0800027c   0x0800027c   0x0000000c   Code   RO         3700    .text               c_w.l(sys_exit.o)
    0x08000288   0x08000288   0x00000002   Code   RO         3711    .text               c_w.l(use_no_semi.o)
    0x0800028a   0x0800028a   0x00000000   Code   RO         3713    .text               c_w.l(indicate_semi.o)
    0x0800028a   0x0800028a   0x00000002   PAD
    0x0800028c   0x0800028c   0x00000070   Code   RO          223    i.ADC_Cmd           stm32f10x_adc.o
    0x080002fc   0x080002fc   0x0000005c   Code   RO          231    i.ADC_GetCalibrationStatus  stm32f10x_adc.o
    0x08000358   0x08000358   0x0000004c   Code   RO          232    i.ADC_GetConversionValue  stm32f10x_adc.o
    0x080003a4   0x080003a4   0x0000007c   Code   RO          234    i.ADC_GetFlagStatus  stm32f10x_adc.o
    0x08000420   0x08000420   0x0000005c   Code   RO          237    i.ADC_GetResetCalibrationStatus  stm32f10x_adc.o
    0x0800047c   0x0800047c   0x000001b0   Code   RO          241    i.ADC_Init          stm32f10x_adc.o
    0x0800062c   0x0800062c   0x000001b8   Code   RO          245    i.ADC_RegularChannelConfig  stm32f10x_adc.o
    0x080007e4   0x080007e4   0x00000050   Code   RO          246    i.ADC_ResetCalibration  stm32f10x_adc.o
    0x08000834   0x08000834   0x00000070   Code   RO          248    i.ADC_SoftwareStartConvCmd  stm32f10x_adc.o
    0x080008a4   0x080008a4   0x00000050   Code   RO          250    i.ADC_StartCalibration  stm32f10x_adc.o
    0x080008f4   0x080008f4   0x00000004   Code   RO            1    i.BusFault_Handler  stm32f10x_it.o
    0x080008f8   0x080008f8   0x00000002   Code   RO            2    i.DebugMon_Handler  stm32f10x_it.o
    0x080008fa   0x080008fa   0x00000002   PAD
    0x080008fc   0x080008fc   0x000001b4   Code   RO         1365    i.GPIO_Init         stm32f10x_gpio.o
    0x08000ab0   0x08000ab0   0x000000e4   Code   RO         1369    i.GPIO_ReadInputDataBit  stm32f10x_gpio.o
    0x08000b94   0x08000b94   0x0000008c   Code   RO         1372    i.GPIO_ResetBits    stm32f10x_gpio.o
    0x08000c20   0x08000c20   0x0000008c   Code   RO         1373    i.GPIO_SetBits      stm32f10x_gpio.o
    0x08000cac   0x08000cac   0x00000004   Code   RO            3    i.HardFault_Handler  stm32f10x_it.o
    0x08000cb0   0x08000cb0   0x0000000c   Code   RO         3340    i.I2C_Delay         oled.o
    0x08000cbc   0x08000cbc   0x0000003e   Code   RO         3341    i.I2C_SendByte      oled.o
    0x08000cfa   0x08000cfa   0x00000014   Code   RO         3342    i.I2C_Start         oled.o
    0x08000d0e   0x08000d0e   0x00000014   Code   RO         3343    i.I2C_Stop          oled.o
    0x08000d22   0x08000d22   0x00000002   PAD
    0x08000d24   0x08000d24   0x0000002c   Code   RO         3313    i.KEY_Init          key.o
    0x08000d50   0x08000d50   0x000000e8   Code   RO         3314    i.KEY_Scan          key.o
    0x08000e38   0x08000e38   0x00000014   Code   RO         3315    i.Key_DelayMs       key.o
    0x08000e4c   0x08000e4c   0x0000001c   Code   RO         3528    i.MCP4131_Decrease  mcp4131.o
    0x08000e68   0x08000e68   0x0000000c   Code   RO         3529    i.MCP4131_GetLevel  mcp4131.o
    0x08000e74   0x08000e74   0x0000001c   Code   RO         3531    i.MCP4131_Increase  mcp4131.o
    0x08000e90   0x08000e90   0x00000048   Code   RO         3532    i.MCP4131_Init      mcp4131.o
    0x08000ed8   0x08000ed8   0x0000003c   Code   RO         3533    i.MCP4131_SetLevel  mcp4131.o
    0x08000f14   0x08000f14   0x00000044   Code   RO         3534    i.MCP4131_WriteByte  mcp4131.o
    0x08000f58   0x08000f58   0x0000003c   Code   RO         3279    i.MYADC_GetVoltage  adc.o
    0x08000f94   0x08000f94   0x0000009c   Code   RO         3280    i.MYADC_Init        adc.o
    0x08001030   0x08001030   0x00000004   Code   RO            4    i.MemManage_Handler  stm32f10x_it.o
    0x08001034   0x08001034   0x00000002   Code   RO            5    i.NMI_Handler       stm32f10x_it.o
    0x08001036   0x08001036   0x00000002   PAD
    0x08001038   0x08001038   0x00000028   Code   RO         3344    i.OLED_Clear        oled.o
    0x08001060   0x08001060   0x00000124   Code   RO         3345    i.OLED_Init         oled.o
    0x08001184   0x08001184   0x00000044   Code   RO         3346    i.OLED_Refresh      oled.o
    0x080011c8   0x080011c8   0x00000018   Code   RO         3347    i.OLED_SCL_Clr      oled.o
    0x080011e0   0x080011e0   0x00000018   Code   RO         3348    i.OLED_SCL_Set      oled.o
    0x080011f8   0x080011f8   0x00000018   Code   RO         3349    i.OLED_SDA_Clr      oled.o
    0x08001210   0x08001210   0x00000018   Code   RO         3350    i.OLED_SDA_Set      oled.o
    0x08001228   0x08001228   0x00000050   Code   RO         3352    i.OLED_ShowChar     oled.o
    0x08001278   0x08001278   0x00000044   Code   RO         3353    i.OLED_ShowChinese  oled.o
    0x080012bc   0x080012bc   0x00000058   Code   RO         3354    i.OLED_ShowNum      oled.o
    0x08001314   0x08001314   0x00000024   Code   RO         3355    i.OLED_ShowString   oled.o
    0x08001338   0x08001338   0x00000020   Code   RO         3356    i.OLED_WriteCmd     oled.o
    0x08001358   0x08001358   0x00000020   Code   RO         3357    i.OLED_WriteData    oled.o
    0x08001378   0x08001378   0x0000000c   Code   RO         3463    i.PWM_GetFrequency  pwm.o
    0x08001384   0x08001384   0x000000a0   Code   RO         3464    i.PWM_Init          pwm.o
    0x08001424   0x08001424   0x00000060   Code   RO         3466    i.PWM_SetFrequency  pwm.o
    0x08001484   0x08001484   0x00000002   Code   RO            6    i.PendSV_Handler    stm32f10x_it.o
    0x08001486   0x08001486   0x00000002   PAD
    0x08001488   0x08001488   0x00000050   Code   RO         1791    i.RCC_ADCCLKConfig  stm32f10x_rcc.o
    0x080014d8   0x080014d8   0x00000068   Code   RO         1793    i.RCC_APB1PeriphClockCmd  stm32f10x_rcc.o
    0x08001540   0x08001540   0x00000068   Code   RO         1795    i.RCC_APB2PeriphClockCmd  stm32f10x_rcc.o
    0x080015a8   0x080015a8   0x00000002   Code   RO            7    i.SVC_Handler       stm32f10x_it.o
    0x080015aa   0x080015aa   0x00000008   Code   RO         3225    i.SetSysClock       system_stm32f10x.o
    0x080015b2   0x080015b2   0x00000002   PAD
    0x080015b4   0x080015b4   0x000000e0   Code   RO         3226    i.SetSysClockTo72   system_stm32f10x.o
    0x08001694   0x08001694   0x00000002   Code   RO            8    i.SysTick_Handler   stm32f10x_it.o
    0x08001696   0x08001696   0x00000002   PAD
    0x08001698   0x08001698   0x00000060   Code   RO         3228    i.SystemInit        system_stm32f10x.o
    0x080016f8   0x080016f8   0x000000fc   Code   RO         2439    i.TIM_Cmd           stm32f10x_tim.o
    0x080017f4   0x080017f4   0x00000204   Code   RO         2468    i.TIM_OC1Init       stm32f10x_tim.o
    0x080019f8   0x080019f8   0x0000018c   Code   RO         2510    i.TIM_TimeBaseInit  stm32f10x_tim.o
    0x08001b84   0x08001b84   0x00000004   Code   RO            9    i.UsageFault_Handler  stm32f10x_it.o
    0x08001b88   0x08001b88   0x00000004   Code   RO          166    i.assert_failed     assert.o
    0x08001b8c   0x08001b8c   0x0000033c   Code   RO          101    i.main              main.o
    0x08001ec8   0x08001ec8   0x000000c4   Code   RO         3586    x$fpl$fadd          fz_ws.l(faddsub_clz.o)
    0x08001f8c   0x08001f8c   0x00000184   Code   RO         3593    x$fpl$fdiv          fz_ws.l(fdiv.o)
    0x08002110   0x08002110   0x0000003e   Code   RO         3596    x$fpl$ffixu         fz_ws.l(ffixu.o)
    0x0800214e   0x0800214e   0x00000002   PAD
    0x08002150   0x08002150   0x00000026   Code   RO         3600    x$fpl$ffltu         fz_ws.l(fflt_clz.o)
    0x08002176   0x08002176   0x00000002   PAD
    0x08002178   0x08002178   0x00000102   Code   RO         3606    x$fpl$fmul          fz_ws.l(fmul.o)
    0x0800227a   0x0800227a   0x0000008c   Code   RO         3609    x$fpl$fnaninf       fz_ws.l(fnaninf.o)
    0x08002306   0x08002306   0x0000000a   Code   RO         3611    x$fpl$fretinf       fz_ws.l(fretinf.o)
    0x08002310   0x08002310   0x000000ea   Code   RO         3588    x$fpl$fsub          fz_ws.l(faddsub_clz.o)
    0x080023fa   0x080023fa   0x00000000   Code   RO         3613    x$fpl$usenofp       fz_ws.l(usenofp.o)
    0x080023fa   0x080023fa   0x000005f0   Data   RO         3300    .constdata          font.o
    0x080029ea   0x080029ea   0x00000002   PAD
    0x080029ec   0x080029ec   0x00000020   Data   RO         3768    Region$$Table       anon$$obj.o


    Execution Region RW_IRAM1 (Exec base: 0x20000000, Load base: 0x08002a0c, Size: 0x00000c88, Max: 0x00005000, ABSOLUTE, COMPRESSED[0x0000017c])

    Exec Addr    Load Addr    Size         Type   Attr      Idx    E Section Name        Object

    0x20000000   COMPRESSED   0x00000220   Data   RW         3301    .data               font.o
    0x20000220   COMPRESSED   0x00000002   Data   RW         3467    .data               pwm.o
    0x20000222   COMPRESSED   0x00000001   Data   RW         3535    .data               mcp4131.o
    0x20000223   COMPRESSED   0x00000001   PAD
    0x20000224        -       0x00000400   Zero   RW         3358    .bss                oled.o
    0x20000624        -       0x00000060   Zero   RW         3640    .bss                c_w.l(libspace.o)
    0x20000684   COMPRESSED   0x00000004   PAD
    0x20000688        -       0x00000200   Zero   RW         3273    HEAP                startup_stm32f10x_md.o
    0x20000888        -       0x00000400   Zero   RW         3272    STACK               startup_stm32f10x_md.o


==============================================================================

Image component sizes


      Code (inc. data)   RO Data    RW Data    ZI Data      Debug   Object Name

       216         20          0          0          0       1040   adc.o
         4          0          0          0          0        632   assert.o
         0          0          0          0          0         32   core_cm3.o
         0          0       1520        544          0        509   font.o
       296         10          0          0          0       1836   key.o
       828         20          0          0          0      30331   main.o
       268         34          0          1          0       2919   mcp4131.o
       946         62          0          0       1024       8935   oled.o
       268         28          0          2          0       1945   pwm.o
        64         26        236          0       1536        772   startup_stm32f10x_md.o
      1640        374          0          0          0      17157   stm32f10x_adc.o
       944        232          0          0          0      12092   stm32f10x_gpio.o
        26          0          0          0          0     227058   stm32f10x_it.o
       288         96          0          0          0       1677   stm32f10x_rcc.o
      1164        258          0          0          0      22991   stm32f10x_tim.o
       328         28          0          0          0       1737   system_stm32f10x.o

    ----------------------------------------------------------------------
      7292       1188       1790        548       2560     331663   Object Totals
         0          0         32          0          0          0   (incl. Generated)
        12          0          2          1          0          0   (incl. Padding)

    ----------------------------------------------------------------------

      Code (inc. data)   RO Data    RW Data    ZI Data      Debug   Library Member Name

       100          0          0          0          0          0   __dclz77c.o
         8          0          0          0          0         68   __main.o
         0          0          0          0          0          0   __rtentry.o
        12          0          0          0          0          0   __rtentry2.o
         6          0          0          0          0          0   __rtentry4.o
        52          8          0          0          0          0   __scatter.o
        28          0          0          0          0          0   __scatter_zi.o
        18          0          0          0          0         80   exit.o
         6          0          0          0          0        152   heapauxi.o
         0          0          0          0          0          0   indicate_semi.o
         2          0          0          0          0          0   libinit.o
         2          0          0          0          0          0   libinit2.o
         2          0          0          0          0          0   libshutdown.o
         2          0          0          0          0          0   libshutdown2.o
         8          4          0          0         96         68   libspace.o
         2          0          0          0          0          0   rtexit.o
        10          0          0          0          0          0   rtexit2.o
        12          4          0          0          0         68   sys_exit.o
        74          0          0          0          0         80   sys_stackheap_outer.o
         2          0          0          0          0         68   use_no_semi.o
       430          8          0          0          0        168   faddsub_clz.o
       388         76          0          0          0         96   fdiv.o
        62          4          0          0          0         84   ffixu.o
        38          0          0          0          0         68   fflt_clz.o
       258          4          0          0          0         84   fmul.o
       140          4          0          0          0         84   fnaninf.o
        10          0          0          0          0         68   fretinf.o
         0          0          0          0          0          0   usenofp.o

    ----------------------------------------------------------------------
      1682        112          0          0        100       1236   Library Totals
        10          0          0          0          4          0   (incl. Padding)

    ----------------------------------------------------------------------

      Code (inc. data)   RO Data    RW Data    ZI Data      Debug   Library Name

       346         16          0          0         96        584   c_w.l
      1326         96          0          0          0        652   fz_ws.l

    ----------------------------------------------------------------------
      1682        112          0          0        100       1236   Library Totals

    ----------------------------------------------------------------------

==============================================================================


      Code (inc. data)   RO Data    RW Data    ZI Data      Debug   

      8974       1300       1790        548       2660     329203   Grand Totals
      8974       1300       1790        380       2660     329203   ELF Image Totals (compressed)
      8974       1300       1790        380          0          0   ROM Totals

==============================================================================

    Total RO  Size (Code + RO Data)                10764 (  10.51kB)
    Total RW  Size (RW Data + ZI Data)              3208 (   3.13kB)
    Total ROM Size (Code + RO Data + RW Data)      11144 (  10.88kB)

==============================================================================

