Component: ARM Compiler 5.06 update 7 (build 960) Tool: armlink [4d3601]

==============================================================================

Section Cross References

    main.o(i.main) refers to oled.o(i.OLED_Init) for OLED_Init
    main.o(i.main) refers to key.o(i.KEY_Init) for KEY_Init
    main.o(i.main) refers to oled.o(i.OLED_Clear) for OLED_Clear
    main.o(i.main) refers to oled.o(i.OLED_ShowChinese) for OLED_ShowChinese
    main.o(i.main) refers to oled.o(i.OLED_ShowNum) for OLED_ShowNum
    main.o(i.main) refers to oled.o(i.OLED_Refresh) for OLED_Refresh
    main.o(i.main) refers to key.o(i.KEY_Scan) for KEY_Scan
    main.o(i.main) refers to oled.o(i.OLED_ShowString) for OLED_ShowString
    misc.o(i.NVIC_Init) refers to assert.o(i.assert_failed) for assert_failed
    misc.o(i.NVIC_PriorityGroupConfig) refers to assert.o(i.assert_failed) for assert_failed
    misc.o(i.NVIC_SetVectorTable) refers to assert.o(i.assert_failed) for assert_failed
    misc.o(i.NVIC_SystemLPConfig) refers to assert.o(i.assert_failed) for assert_failed
    misc.o(i.SysTick_CLKSourceConfig) refers to assert.o(i.assert_failed) for assert_failed
    stm32f10x_adc.o(i.ADC_AnalogWatchdogCmd) refers to assert.o(i.assert_failed) for assert_failed
    stm32f10x_adc.o(i.ADC_AnalogWatchdogSingleChannelConfig) refers to assert.o(i.assert_failed) for assert_failed
    stm32f10x_adc.o(i.ADC_AnalogWatchdogThresholdsConfig) refers to assert.o(i.assert_failed) for assert_failed
    stm32f10x_adc.o(i.ADC_AutoInjectedConvCmd) refers to assert.o(i.assert_failed) for assert_failed
    stm32f10x_adc.o(i.ADC_ClearFlag) refers to assert.o(i.assert_failed) for assert_failed
    stm32f10x_adc.o(i.ADC_ClearITPendingBit) refers to assert.o(i.assert_failed) for assert_failed
    stm32f10x_adc.o(i.ADC_Cmd) refers to assert.o(i.assert_failed) for assert_failed
    stm32f10x_adc.o(i.ADC_DMACmd) refers to assert.o(i.assert_failed) for assert_failed
    stm32f10x_adc.o(i.ADC_DeInit) refers to assert.o(i.assert_failed) for assert_failed
    stm32f10x_adc.o(i.ADC_DeInit) refers to stm32f10x_rcc.o(i.RCC_APB2PeriphResetCmd) for RCC_APB2PeriphResetCmd
    stm32f10x_adc.o(i.ADC_DiscModeChannelCountConfig) refers to assert.o(i.assert_failed) for assert_failed
    stm32f10x_adc.o(i.ADC_DiscModeCmd) refers to assert.o(i.assert_failed) for assert_failed
    stm32f10x_adc.o(i.ADC_ExternalTrigConvCmd) refers to assert.o(i.assert_failed) for assert_failed
    stm32f10x_adc.o(i.ADC_ExternalTrigInjectedConvCmd) refers to assert.o(i.assert_failed) for assert_failed
    stm32f10x_adc.o(i.ADC_ExternalTrigInjectedConvConfig) refers to assert.o(i.assert_failed) for assert_failed
    stm32f10x_adc.o(i.ADC_GetCalibrationStatus) refers to assert.o(i.assert_failed) for assert_failed
    stm32f10x_adc.o(i.ADC_GetConversionValue) refers to assert.o(i.assert_failed) for assert_failed
    stm32f10x_adc.o(i.ADC_GetFlagStatus) refers to assert.o(i.assert_failed) for assert_failed
    stm32f10x_adc.o(i.ADC_GetITStatus) refers to assert.o(i.assert_failed) for assert_failed
    stm32f10x_adc.o(i.ADC_GetInjectedConversionValue) refers to assert.o(i.assert_failed) for assert_failed
    stm32f10x_adc.o(i.ADC_GetResetCalibrationStatus) refers to assert.o(i.assert_failed) for assert_failed
    stm32f10x_adc.o(i.ADC_GetSoftwareStartConvStatus) refers to assert.o(i.assert_failed) for assert_failed
    stm32f10x_adc.o(i.ADC_GetSoftwareStartInjectedConvCmdStatus) refers to assert.o(i.assert_failed) for assert_failed
    stm32f10x_adc.o(i.ADC_ITConfig) refers to assert.o(i.assert_failed) for assert_failed
    stm32f10x_adc.o(i.ADC_Init) refers to assert.o(i.assert_failed) for assert_failed
    stm32f10x_adc.o(i.ADC_InjectedChannelConfig) refers to assert.o(i.assert_failed) for assert_failed
    stm32f10x_adc.o(i.ADC_InjectedDiscModeCmd) refers to assert.o(i.assert_failed) for assert_failed
    stm32f10x_adc.o(i.ADC_InjectedSequencerLengthConfig) refers to assert.o(i.assert_failed) for assert_failed
    stm32f10x_adc.o(i.ADC_RegularChannelConfig) refers to assert.o(i.assert_failed) for assert_failed
    stm32f10x_adc.o(i.ADC_ResetCalibration) refers to assert.o(i.assert_failed) for assert_failed
    stm32f10x_adc.o(i.ADC_SetInjectedOffset) refers to assert.o(i.assert_failed) for assert_failed
    stm32f10x_adc.o(i.ADC_SoftwareStartConvCmd) refers to assert.o(i.assert_failed) for assert_failed
    stm32f10x_adc.o(i.ADC_SoftwareStartInjectedConvCmd) refers to assert.o(i.assert_failed) for assert_failed
    stm32f10x_adc.o(i.ADC_StartCalibration) refers to assert.o(i.assert_failed) for assert_failed
    stm32f10x_adc.o(i.ADC_TempSensorVrefintCmd) refers to assert.o(i.assert_failed) for assert_failed
    stm32f10x_bkp.o(i.BKP_DeInit) refers to stm32f10x_rcc.o(i.RCC_BackupResetCmd) for RCC_BackupResetCmd
    stm32f10x_bkp.o(i.BKP_ITConfig) refers to assert.o(i.assert_failed) for assert_failed
    stm32f10x_bkp.o(i.BKP_RTCOutputConfig) refers to assert.o(i.assert_failed) for assert_failed
[...]
    libinit.o(.ARM.Collect$$libinit$$00000000) refers (Special) to libinit2.o(.ARM.Collect$$libinit$$00000033) for __rt_lib_init_return
    libinit.o(.ARM.Collect$$libinit$$00000000) refers (Special) to libinit2.o(.ARM.Collect$$libinit$$0000001D) for __rt_lib_init_signal_1
    libinit.o(.ARM.Collect$$libinit$$00000000) refers (Special) to libinit2.o(.ARM.Collect$$libinit$$00000025) for __rt_lib_init_stdio_1
    libinit.o(.ARM.Collect$$libinit$$00000000) refers (Special) to libinit2.o(.ARM.Collect$$libinit$$0000000C) for __rt_lib_init_user_alloc_1
    libspace.o(.text) refers to libspace.o(.bss) for __libspace_start
    rtexit.o(.ARM.Collect$$rtexit$$00000000) refers (Special) to rtexit2.o(.ARM.Collect$$rtexit$$00000004) for __rt_exit_exit
    rtexit.o(.ARM.Collect$$rtexit$$00000000) refers (Special) to rtexit2.o(.ARM.Collect$$rtexit$$00000003) for __rt_exit_ls
    rtexit.o(.ARM.Collect$$rtexit$$00000000) refers (Special) to rtexit2.o(.ARM.Collect$$rtexit$$00000002) for __rt_exit_prels_1
    rtexit.o(.ARM.exidx) refers (Special) to rtexit2.o(.ARM.Collect$$rtexit$$00000004) for __rt_exit_exit
    rtexit.o(.ARM.exidx) refers (Special) to rtexit2.o(.ARM.Collect$$rtexit$$00000003) for __rt_exit_ls
    rtexit.o(.ARM.exidx) refers (Special) to rtexit2.o(.ARM.Collect$$rtexit$$00000002) for __rt_exit_prels_1
    rtexit.o(.ARM.exidx) refers to rtexit.o(.ARM.Collect$$rtexit$$00000000) for .ARM.Collect$$rtexit$$00000000
    libinit2.o(.ARM.Collect$$libinit$$00000010) refers to libinit2.o(.ARM.Collect$$libinit$$0000000F) for .ARM.Collect$$libinit$$0000000F
    libinit2.o(.ARM.Collect$$libinit$$00000012) refers to libinit2.o(.ARM.Collect$$libinit$$0000000F) for .ARM.Collect$$libinit$$0000000F
    libinit2.o(.ARM.Collect$$libinit$$00000014) refers to libinit2.o(.ARM.Collect$$libinit$$0000000F) for .ARM.Collect$$libinit$$0000000F
    libinit2.o(.ARM.Collect$$libinit$$00000016) refers to libinit2.o(.ARM.Collect$$libinit$$0000000F) for .ARM.Collect$$libinit$$0000000F
    libinit2.o(.ARM.Collect$$libinit$$00000018) refers to libinit2.o(.ARM.Collect$$libinit$$0000000F) for .ARM.Collect$$libinit$$0000000F
    libinit2.o(.ARM.Collect$$libinit$$00000026) refers to argv_veneer.o(.emb_text) for __ARM_argv_veneer
    libinit2.o(.ARM.Collect$$libinit$$00000027) refers to argv_veneer.o(.emb_text) for __ARM_argv_veneer
    rtexit2.o(.ARM.Collect$$rtexit$$00000003) refers to libshutdown.o(.ARM.Collect$$libshutdown$$00000000) for __rt_lib_shutdown
    rtexit2.o(.ARM.Collect$$rtexit$$00000004) refers to sys_exit.o(.text) for _sys_exit
    rtexit2.o(.ARM.exidx) refers to rtexit2.o(.ARM.Collect$$rtexit$$00000001) for .ARM.Collect$$rtexit$$00000001
    rtexit2.o(.ARM.exidx) refers to rtexit2.o(.ARM.Collect$$rtexit$$00000003) for .ARM.Collect$$rtexit$$00000003
    rtexit2.o(.ARM.exidx) refers to rtexit2.o(.ARM.Collect$$rtexit$$00000004) for .ARM.Collect$$rtexit$$00000004
    argv_veneer.o(.emb_text) refers to no_argv.o(.text) for __ARM_get_argv
    sys_exit.o(.text) refers (Special) to use_no_semi.o(.text) for __I$use$semihosting
    sys_exit.o(.text) refers (Special) to indicate_semi.o(.text) for __semihosting_library_function
    _get_argv_nomalloc.o(.text) refers (Special) to hrguard.o(.text) for __heap_region$guard
    _get_argv_nomalloc.o(.text) refers to defsig_rtmem_outer.o(.text) for __rt_SIGRTMEM
    _get_argv_nomalloc.o(.text) refers to sys_command.o(.text) for _sys_command_string
    libshutdown.o(.ARM.Collect$$libshutdown$$00000000) refers (Special) to libshutdown2.o(.ARM.Collect$$libshutdown$$00000004) for __rt_lib_shutdown_cpp_1
    libshutdown.o(.ARM.Collect$$libshutdown$$00000000) refers (Special) to libshutdown2.o(.ARM.Collect$$libshutdown$$00000002) for __rt_lib_shutdown_fini_1
    libshutdown.o(.ARM.Collect$$libshutdown$$00000000) refers (Special) to libshutdown2.o(.ARM.Collect$$libshutdown$$00000009) for __rt_lib_shutdown_fp_trap_1
    libshutdown.o(.ARM.Collect$$libshutdown$$00000000) refers (Special) to libshutdown2.o(.ARM.Collect$$libshutdown$$00000011) for __rt_lib_shutdown_heap_1
    libshutdown.o(.ARM.Collect$$libshutdown$$00000000) refers (Special) to libshutdown2.o(.ARM.Collect$$libshutdown$$00000012) for __rt_lib_shutdown_return
    libshutdown.o(.ARM.Collect$$libshutdown$$00000000) refers (Special) to libshutdown2.o(.ARM.Collect$$libshutdown$$0000000C) for __rt_lib_shutdown_signal_1
    libshutdown.o(.ARM.Collect$$libshutdown$$00000000) refers (Special) to libshutdown2.o(.ARM.Collect$$libshutdown$$00000006) for __rt_lib_shutdown_stdio_1
    libshutdown.o(.ARM.Collect$$libshutdown$$00000000) refers (Special) to libshutdown2.o(.ARM.Collect$$libshutdown$$0000000E) for __rt_lib_shutdown_user_alloc_1
    sys_command.o(.text) refers (Special) to use_no_semi.o(.text) for __I$use$semihosting
    sys_command.o(.text) refers (Special) to indicate_semi.o(.text) for __semihosting_library_function
    defsig_rtmem_outer.o(.text) refers to defsig_rtmem_inner.o(.text) for __rt_SIGRTMEM_inner
    defsig_rtmem_outer.o(.text) refers to defsig_exit.o(.text) for __sig_exit
    defsig_rtmem_formal.o(.text) refers to rt_raise.o(.text) for __rt_raise
    rt_raise.o(.text) refers to __raise.o(.text) for __raise
    rt_raise.o(.text) refers to sys_exit.o(.text) for _sys_exit
    defsig_exit.o(.text) refers to sys_exit.o(.text) for _sys_exit
    defsig_rtmem_inner.o(.text) refers to defsig_general.o(.text) for __default_signal_display
    __raise.o(.text) refers to defsig.o(CL$$defsig) for __default_signal_handler
    defsig_general.o(.text) refers to sys_wrch.o(.text) for _ttywrch
    sys_wrch.o(.text) refers (Special) to use_no_semi.o(.text) for __I$use$semihosting
    sys_wrch.o(.text) refers (Special) to indicate_semi.o(.text) for __semihosting_library_function
    defsig.o(CL$$defsig) refers to defsig_rtmem_inner.o(.text) for __rt_SIGRTMEM_inner
    defsig_abrt_inner.o(.text) refers to defsig_general.o(.text) for __default_signal_display
    defsig_fpe_inner.o(.text) refers to defsig_general.o(.text) for __default_signal_display
    defsig_rtred_inner.o(.text) refers to defsig_general.o(.text) for __default_signal_display
    defsig_stak_inner.o(.text) refers to defsig_general.o(.text) for __default_signal_display
    defsig_pvfn_inner.o(.text) refers to defsig_general.o(.text) for __default_signal_display
    defsig_cppl_inner.o(.text) refers to defsig_general.o(.text) for __default_signal_display
    defsig_segv_inner.o(.text) refers to defsig_general.o(.text) for __default_signal_display
    defsig_other.o(.text) refers to defsig_general.o(.text) for __default_signal_display


==============================================================================

Removing Unused input sections from the image.

    Removing misc.o(i.NVIC_Init), (188 bytes).
    Removing misc.o(i.NVIC_PriorityGroupConfig), (80 bytes).
    Removing misc.o(i.NVIC_SetVectorTable), (88 bytes).
    Removing misc.o(i.NVIC_SystemLPConfig), (92 bytes).
    Removing misc.o(i.SysTick_CLKSourceConfig), (80 bytes).
    Removing stm32f10x_adc.o(i.ADC_AnalogWatchdogCmd), (152 bytes).
    Removing stm32f10x_adc.o(i.ADC_AnalogWatchdogSingleChannelConfig), (168 bytes).
    Removing stm32f10x_adc.o(i.ADC_AnalogWatchdogThresholdsConfig), (116 bytes).
    Removing stm32f10x_adc.o(i.ADC_AutoInjectedConvCmd), (112 bytes).
    Removing stm32f10x_adc.o(i.ADC_ClearFlag), (100 bytes).
    Removing stm32f10x_adc.o(i.ADC_ClearITPendingBit), (104 bytes).
    Removing stm32f10x_adc.o(i.ADC_Cmd), (112 bytes).
    Removing stm32f10x_adc.o(i.ADC_DMACmd), (104 bytes).
    Removing stm32f10x_adc.o(i.ADC_DeInit), (144 bytes).
    Removing stm32f10x_adc.o(i.ADC_DiscModeChannelCountConfig), (116 bytes).
    Removing stm32f10x_adc.o(i.ADC_DiscModeCmd), (112 bytes).
    Removing stm32f10x_adc.o(i.ADC_ExternalTrigConvCmd), (112 bytes).
    Removing stm32f10x_adc.o(i.ADC_ExternalTrigInjectedConvCmd), (112 bytes).
    Removing stm32f10x_adc.o(i.ADC_ExternalTrigInjectedConvConfig), (172 bytes).
    Removing stm32f10x_adc.o(i.ADC_GetCalibrationStatus), (92 bytes).
    Removing stm32f10x_adc.o(i.ADC_GetConversionValue), (76 bytes).
    Removing stm32f10x_adc.o(i.ADC_GetDualModeConversionValue), (12 bytes).
    Removing stm32f10x_adc.o(i.ADC_GetFlagStatus), (124 bytes).
    Removing stm32f10x_adc.o(i.ADC_GetITStatus), (144 bytes).
    Removing stm32f10x_adc.o(i.ADC_GetInjectedConversionValue), (124 bytes).
    Removing stm32f10x_adc.o(i.ADC_GetResetCalibrationStatus), (92 bytes).
    Removing stm32f10x_adc.o(i.ADC_GetSoftwareStartConvStatus), (92 bytes).
    Removing stm32f10x_adc.o(i.ADC_GetSoftwareStartInjectedConvCmdStatus), (92 bytes).
    Removing stm32f10x_adc.o(i.ADC_ITConfig), (140 bytes).
    Removing stm32f10x_adc.o(i.ADC_Init), (432 bytes).
    Removing stm32f10x_adc.o(i.ADC_InjectedChannelConfig), (364 bytes).
    Removing stm32f10x_adc.o(i.ADC_InjectedDiscModeCmd), (112 bytes).
    Removing stm32f10x_adc.o(i.ADC_InjectedSequencerLengthConfig), (116 bytes).
    Removing stm32f10x_adc.o(i.ADC_RegularChannelConfig), (440 bytes).
    Removing stm32f10x_adc.o(i.ADC_ResetCalibration), (80 bytes).
    Removing stm32f10x_adc.o(i.ADC_SetInjectedOffset), (140 bytes).
    Removing stm32f10x_adc.o(i.ADC_SoftwareStartConvCmd), (112 bytes).
    Removing stm32f10x_adc.o(i.ADC_SoftwareStartInjectedConvCmd), (112 bytes).
    Removing stm32f10x_adc.o(i.ADC_StartCalibration), (80 bytes).
    Removing stm32f10x_adc.o(i.ADC_StructInit), (18 bytes).
    Removing stm32f10x_adc.o(i.ADC_TempSensorVrefintCmd), (80 bytes).
    Removing stm32f10x_bkp.o(i.BKP_ClearFlag), (20 bytes).
    Removing stm32f10x_bkp.o(i.BKP_ClearITPendingBit), (20 bytes).
    Removing stm32f10x_bkp.o(i.BKP_DeInit), (16 bytes).
    Removing stm32f10x_bkp.o(i.BKP_GetFlagStatus), (12 bytes).
    Removing stm32f10x_bkp.o(i.BKP_GetITStatus), (12 bytes).
    Removing stm32f10x_bkp.o(i.BKP_ITConfig), (56 bytes).
    Removing stm32f10x_bkp.o(i.BKP_RTCOutputConfig), (80 bytes).
    Removing stm32f10x_bkp.o(i.BKP_ReadBackupRegister), (232 bytes).
    Removing stm32f10x_bkp.o(i.BKP_SetRTCCalibrationValue), (68 bytes).
    Removing stm32f10x_bkp.o(i.BKP_TamperPinCmd), (56 bytes).
    Removing stm32f10x_bkp.o(i.BKP_TamperPinLevelConfig), (56 bytes).
    Removing stm32f10x_bkp.o(i.BKP_WriteBackupRegister), (232 bytes).
    Removing stm32f10x_can.o(i.CAN_CancelTransmit), (128 bytes).
    Removing stm32f10x_can.o(i.CAN_ClearFlag), (220 bytes).
    Removing stm32f10x_can.o(i.CAN_ClearITPendingBit), (304 bytes).
    Removing stm32f10x_can.o(i.CAN_DBGFreeze), (104 bytes).
    Removing stm32f10x_can.o(i.CAN_DeInit), (104 bytes).
    Removing stm32f10x_can.o(i.CAN_FIFORelease), (104 bytes).
    Removing stm32f10x_can.o(i.CAN_FilterInit), (396 bytes).
    Removing stm32f10x_can.o(i.CAN_GetFlagStatus), (328 bytes).
    Removing stm32f10x_can.o(i.CAN_GetITStatus), (428 bytes).
    Removing stm32f10x_can.o(i.CAN_GetLSBTransmitErrorCounter), (72 bytes).
    Removing stm32f10x_can.o(i.CAN_GetLastErrorCode), (72 bytes).
    Removing stm32f10x_can.o(i.CAN_GetReceiveErrorCounter), (72 bytes).
    Removing stm32f10x_can.o(i.CAN_ITConfig), (184 bytes).
    Removing stm32f10x_can.o(i.CAN_Init), (580 bytes).
    Removing stm32f10x_can.o(i.CAN_MessagePending), (112 bytes).
    Removing stm32f10x_can.o(i.CAN_OperatingModeRequest), (248 bytes).
    Removing stm32f10x_can.o(i.CAN_Receive), (320 bytes).
    Removing stm32f10x_can.o(i.CAN_SlaveStartBank), (100 bytes).
    Removing stm32f10x_can.o(i.CAN_Sleep), (92 bytes).
    Removing stm32f10x_can.o(i.CAN_StructInit), (32 bytes).
    Removing stm32f10x_can.o(i.CAN_TTComModeCmd), (184 bytes).
    Removing stm32f10x_can.o(i.CAN_Transmit), (464 bytes).
    Removing stm32f10x_can.o(i.CAN_TransmitStatus), (232 bytes).
    Removing stm32f10x_can.o(i.CAN_WakeUp), (108 bytes).
    Removing stm32f10x_can.o(i.CheckITStatus), (18 bytes).
    Removing stm32f10x_cec.o(i.CEC_ClearFlag), (84 bytes).
    Removing stm32f10x_cec.o(i.CEC_ClearITPendingBit), (92 bytes).
    Removing stm32f10x_cec.o(i.CEC_Cmd), (76 bytes).
    Removing stm32f10x_cec.o(i.CEC_DeInit), (22 bytes).
    Removing stm32f10x_cec.o(i.CEC_EndOfMessageCmd), (56 bytes).
    Removing stm32f10x_cec.o(i.CEC_GetFlagStatus), (180 bytes).
    Removing stm32f10x_cec.o(i.CEC_GetITStatus), (96 bytes).
    Removing stm32f10x_cec.o(i.CEC_ITConfig), (56 bytes).
    Removing stm32f10x_cec.o(i.CEC_Init), (100 bytes).
    Removing stm32f10x_cec.o(i.CEC_OwnAddressConfig), (52 bytes).
    Removing stm32f10x_cec.o(i.CEC_ReceiveDataByte), (12 bytes).
    Removing stm32f10x_cec.o(i.CEC_SendDataByte), (12 bytes).
    Removing stm32f10x_cec.o(i.CEC_SetPrescaler), (56 bytes).
    Removing stm32f10x_cec.o(i.CEC_StartOfMessage), (12 bytes).
    Removing stm32f10x_crc.o(i.CRC_CalcBlockCRC), (36 bytes).
    Removing stm32f10x_crc.o(i.CRC_CalcCRC), (16 bytes).
    Removing stm32f10x_crc.o(i.CRC_GetCRC), (12 bytes).
    Removing stm32f10x_crc.o(i.CRC_GetIDRegister), (12 bytes).
    Removing stm32f10x_crc.o(i.CRC_ResetDR), (12 bytes).
    Removing stm32f10x_crc.o(i.CRC_SetIDRegister), (12 bytes).
    Removing stm32f10x_dac.o(i.DAC_Cmd), (100 bytes).
    Removing stm32f10x_dac.o(i.DAC_DMACmd), (104 bytes).
    Removing stm32f10x_dac.o(i.DAC_DeInit), (22 bytes).
    Removing stm32f10x_dac.o(i.DAC_DualSoftwareTriggerCmd), (80 bytes).
    Removing stm32f10x_dac.o(i.DAC_GetDataOutputValue), (80 bytes).
    Removing stm32f10x_dac.o(i.DAC_Init), (388 bytes).
    Removing stm32f10x_dac.o(i.DAC_SetChannel1Data), (100 bytes).
    Removing stm32f10x_dac.o(i.DAC_SetChannel2Data), (100 bytes).
    Removing stm32f10x_dac.o(i.DAC_SetDualChannelData), (136 bytes).
    Removing stm32f10x_dac.o(i.DAC_SoftwareTriggerCmd), (108 bytes).
    Removing stm32f10x_dac.o(i.DAC_StructInit), (12 bytes).
    Removing stm32f10x_dac.o(i.DAC_WaveGenerationCmd), (128 bytes).
    Removing stm32f10x_dbgmcu.o(i.DBGMCU_Config), (104 bytes).
    Removing stm32f10x_dbgmcu.o(i.DBGMCU_GetDEVID), (16 bytes).
    Removing stm32f10x_dbgmcu.o(i.DBGMCU_GetREVID), (12 bytes).
    Removing stm32f10x_dma.o(i.DMA_ClearFlag), (84 bytes).
    Removing stm32f10x_dma.o(i.DMA_ClearITPendingBit), (84 bytes).
    Removing stm32f10x_dma.o(i.DMA_Cmd), (184 bytes).
    Removing stm32f10x_dma.o(i.DMA_DeInit), (464 bytes).
    Removing stm32f10x_dma.o(i.DMA_GetCurrDataCounter), (148 bytes).
    Removing stm32f10x_dma.o(i.DMA_GetFlagStatus), (412 bytes).
    Removing stm32f10x_dma.o(i.DMA_GetITStatus), (412 bytes).
    Removing stm32f10x_dma.o(i.DMA_ITConfig), (200 bytes).
    Removing stm32f10x_dma.o(i.DMA_Init), (420 bytes).
    Removing stm32f10x_dma.o(i.DMA_SetCurrDataCounter), (148 bytes).
    Removing stm32f10x_dma.o(i.DMA_StructInit), (26 bytes).
    Removing stm32f10x_exti.o(i.EXTI_ClearFlag), (60 bytes).
    Removing stm32f10x_exti.o(i.EXTI_ClearITPendingBit), (60 bytes).
    Removing stm32f10x_exti.o(i.EXTI_DeInit), (36 bytes).
    Removing stm32f10x_exti.o(i.EXTI_GenerateSWInterrupt), (68 bytes).
    Removing stm32f10x_exti.o(i.EXTI_GetFlagStatus), (172 bytes).
    Removing stm32f10x_exti.o(i.EXTI_GetITStatus), (184 bytes).
    Removing stm32f10x_exti.o(i.EXTI_Init), (268 bytes).
    Removing stm32f10x_exti.o(i.EXTI_StructInit), (16 bytes).
    Removing stm32f10x_flash.o(i.FLASH_ClearFlag), (64 bytes).
    Removing stm32f10x_flash.o(i.FLASH_EnableWriteProtection), (240 bytes).
    Removing stm32f10x_flash.o(i.FLASH_EraseAllBank1Pages), (72 bytes).
    Removing stm32f10x_flash.o(i.FLASH_EraseAllPages), (72 bytes).
    Removing stm32f10x_flash.o(i.FLASH_EraseOptionBytes), (168 bytes).
    Removing stm32f10x_flash.o(i.FLASH_ErasePage), (132 bytes).
    Removing stm32f10x_flash.o(i.FLASH_GetBank1Status), (52 bytes).
    Removing stm32f10x_flash.o(i.FLASH_GetFlagStatus), (128 bytes).
    Removing stm32f10x_flash.o(i.FLASH_GetPrefetchBufferStatus), (24 bytes).
    Removing stm32f10x_flash.o(i.FLASH_GetReadOutProtectionStatus), (24 bytes).
    Removing stm32f10x_flash.o(i.FLASH_GetStatus), (52 bytes).
    Removing stm32f10x_flash.o(i.FLASH_GetUserOptionByte), (12 bytes).
    Removing stm32f10x_flash.o(i.FLASH_GetWriteProtectionOptionByte), (12 bytes).
    Removing stm32f10x_flash.o(i.FLASH_HalfCycleAccessCmd), (76 bytes).
    Removing stm32f10x_flash.o(i.FLASH_ITConfig), (104 bytes).
    Removing stm32f10x_flash.o(i.FLASH_Lock), (20 bytes).
    Removing stm32f10x_flash.o(i.FLASH_LockBank1), (20 bytes).
    Removing stm32f10x_flash.o(i.FLASH_PrefetchBufferCmd), (76 bytes).
    Removing stm32f10x_flash.o(i.FLASH_ProgramHalfWord), (124 bytes).
    Removing stm32f10x_flash.o(i.FLASH_ProgramOptionByteData), (144 bytes).
    Removing stm32f10x_flash.o(i.FLASH_ProgramWord), (164 bytes).
    Removing stm32f10x_flash.o(i.FLASH_ReadOutProtection), (220 bytes).
    Removing stm32f10x_flash.o(i.FLASH_SetLatency), (76 bytes).
    Removing stm32f10x_flash.o(i.FLASH_Unlock), (24 bytes).
    Removing stm32f10x_flash.o(i.FLASH_UnlockBank1), (24 bytes).
    Removing stm32f10x_flash.o(i.FLASH_UserOptionByteConfig), (192 bytes).
    Removing stm32f10x_flash.o(i.FLASH_WaitForLastBank1Operation), (38 bytes).
    Removing stm32f10x_flash.o(i.FLASH_WaitForLastOperation), (38 bytes).
    Removing stm32f10x_fsmc.o(i.FSMC_ClearFlag), (148 bytes).
    Removing stm32f10x_fsmc.o(i.FSMC_ClearITPendingBit), (152 bytes).
    Removing stm32f10x_fsmc.o(i.FSMC_GetECC), (28 bytes).
    Removing stm32f10x_fsmc.o(i.FSMC_GetFlagStatus), (148 bytes).
    Removing stm32f10x_fsmc.o(i.FSMC_GetITStatus), (164 bytes).
    Removing stm32f10x_fsmc.o(i.FSMC_ITConfig), (228 bytes).
    Removing stm32f10x_fsmc.o(i.FSMC_NANDCmd), (164 bytes).
    Removing stm32f10x_fsmc.o(i.FSMC_NANDDeInit), (120 bytes).
    Removing stm32f10x_fsmc.o(i.FSMC_NANDECCCmd), (164 bytes).
    Removing stm32f10x_fsmc.o(i.FSMC_NANDInit), (516 bytes).
    Removing stm32f10x_fsmc.o(i.FSMC_NANDStructInit), (54 bytes).
    Removing stm32f10x_fsmc.o(i.FSMC_NORSRAMCmd), (128 bytes).
    Removing stm32f10x_fsmc.o(i.FSMC_NORSRAMDeInit), (112 bytes).
    Removing stm32f10x_fsmc.o(i.FSMC_NORSRAMInit), (860 bytes).
    Removing stm32f10x_fsmc.o(i.FSMC_NORSRAMStructInit), (114 bytes).
    Removing stm32f10x_fsmc.o(i.FSMC_PCCARDCmd), (96 bytes).
    Removing stm32f10x_fsmc.o(i.FSMC_PCCARDDeInit), (40 bytes).
    Removing stm32f10x_fsmc.o(i.FSMC_PCCARDInit), (464 bytes).
    Removing stm32f10x_fsmc.o(i.FSMC_PCCARDStructInit), (60 bytes).
    Removing stm32f10x_gpio.o(i.GPIO_AFIODeInit), (20 bytes).
    Removing stm32f10x_gpio.o(i.GPIO_DeInit), (280 bytes).
    Removing stm32f10x_gpio.o(i.GPIO_ETH_MediaInterfaceConfig), (60 bytes).
    Removing stm32f10x_gpio.o(i.GPIO_EXTILineConfig), (208 bytes).
    Removing stm32f10x_gpio.o(i.GPIO_EventOutputCmd), (60 bytes).
    Removing stm32f10x_gpio.o(i.GPIO_EventOutputConfig), (168 bytes).
    Removing stm32f10x_gpio.o(i.GPIO_PinLockConfig), (152 bytes).
    Removing stm32f10x_gpio.o(i.GPIO_PinRemapConfig), (564 bytes).
    Removing stm32f10x_gpio.o(i.GPIO_ReadInputData), (120 bytes).
    Removing stm32f10x_gpio.o(i.GPIO_ReadOutputData), (120 bytes).
    Removing stm32f10x_gpio.o(i.GPIO_ReadOutputDataBit), (228 bytes).
    Removing stm32f10x_gpio.o(i.GPIO_StructInit), (16 bytes).
    Removing stm32f10x_gpio.o(i.GPIO_Write), (120 bytes).
    Removing stm32f10x_gpio.o(i.GPIO_WriteBit), (240 bytes).
    Removing stm32f10x_i2c.o(i.I2C_ARPCmd), (104 bytes).
    Removing stm32f10x_i2c.o(i.I2C_AcknowledgeConfig), (104 bytes).
    Removing stm32f10x_i2c.o(i.I2C_CalculatePEC), (104 bytes).
    Removing stm32f10x_i2c.o(i.I2C_CheckEvent), (288 bytes).
    Removing stm32f10x_i2c.o(i.I2C_ClearFlag), (96 bytes).
    Removing stm32f10x_i2c.o(i.I2C_ClearITPendingBit), (96 bytes).
    Removing stm32f10x_i2c.o(i.I2C_Cmd), (104 bytes).
    Removing stm32f10x_i2c.o(i.I2C_DMACmd), (104 bytes).
    Removing stm32f10x_i2c.o(i.I2C_DMALastTransferCmd), (104 bytes).
    Removing stm32f10x_i2c.o(i.I2C_DeInit), (104 bytes).
    Removing stm32f10x_i2c.o(i.I2C_DualAddressCmd), (104 bytes).
    Removing stm32f10x_i2c.o(i.I2C_FastModeDutyCycleConfig), (116 bytes).
    Removing stm32f10x_i2c.o(i.I2C_GeneralCallCmd), (104 bytes).
    Removing stm32f10x_i2c.o(i.I2C_GenerateSTART), (104 bytes).
    Removing stm32f10x_i2c.o(i.I2C_GenerateSTOP), (104 bytes).
    Removing stm32f10x_i2c.o(i.I2C_GetFlagStatus), (288 bytes).
    Removing stm32f10x_i2c.o(i.I2C_GetITStatus), (236 bytes).
    Removing stm32f10x_i2c.o(i.I2C_GetLastEvent), (88 bytes).
    Removing stm32f10x_i2c.o(i.I2C_GetPEC), (68 bytes).
    Removing stm32f10x_i2c.o(i.I2C_ITConfig), (124 bytes).
    Removing stm32f10x_i2c.o(i.I2C_Init), (436 bytes).
    Removing stm32f10x_i2c.o(i.I2C_NACKPositionConfig), (116 bytes).
    Removing stm32f10x_i2c.o(i.I2C_OwnAddress2Config), (84 bytes).
    Removing stm32f10x_i2c.o(i.I2C_PECPositionConfig), (116 bytes).
    Removing stm32f10x_i2c.o(i.I2C_ReadRegister), (128 bytes).
    Removing stm32f10x_i2c.o(i.I2C_ReceiveData), (68 bytes).
    Removing stm32f10x_i2c.o(i.I2C_SMBusAlertConfig), (116 bytes).
    Removing stm32f10x_i2c.o(i.I2C_Send7bitAddress), (100 bytes).
    Removing stm32f10x_i2c.o(i.I2C_SendData), (68 bytes).
    Removing stm32f10x_i2c.o(i.I2C_SoftwareResetCmd), (104 bytes).
    Removing stm32f10x_i2c.o(i.I2C_StretchClockCmd), (104 bytes).
    Removing stm32f10x_i2c.o(i.I2C_StructInit), (30 bytes).
    Removing stm32f10x_i2c.o(i.I2C_TransmitPEC), (104 bytes).
    Removing stm32f10x_iwdg.o(i.IWDG_Enable), (16 bytes).
    Removing stm32f10x_iwdg.o(i.IWDG_GetFlagStatus), (76 bytes).
    Removing stm32f10x_iwdg.o(i.IWDG_ReloadCounter), (16 bytes).
    Removing stm32f10x_iwdg.o(i.IWDG_SetPrescaler), (80 bytes).
    Removing stm32f10x_iwdg.o(i.IWDG_SetReload), (60 bytes).
    Removing stm32f10x_iwdg.o(i.IWDG_WriteAccessCmd), (64 bytes).
    Removing stm32f10x_pwr.o(i.PWR_BackupAccessCmd), (56 bytes).
    Removing stm32f10x_pwr.o(i.PWR_ClearFlag), (68 bytes).
    Removing stm32f10x_pwr.o(i.PWR_DeInit), (22 bytes).
    Removing stm32f10x_pwr.o(i.PWR_EnterSTANDBYMode), (52 bytes).
    Removing stm32f10x_pwr.o(i.PWR_EnterSTOPMode), (124 bytes).
    Removing stm32f10x_pwr.o(i.PWR_GetFlagStatus), (76 bytes).
    Removing stm32f10x_pwr.o(i.PWR_PVDCmd), (56 bytes).
    Removing stm32f10x_pwr.o(i.PWR_PVDLevelConfig), (88 bytes).
    Removing stm32f10x_pwr.o(i.PWR_WakeUpPinCmd), (56 bytes).
    Removing stm32f10x_rcc.o(i.RCC_ADCCLKConfig), (80 bytes).
    Removing stm32f10x_rcc.o(i.RCC_AHBPeriphClockCmd), (104 bytes).
    Removing stm32f10x_rcc.o(i.RCC_APB1PeriphClockCmd), (104 bytes).
    Removing stm32f10x_rcc.o(i.RCC_APB1PeriphResetCmd), (104 bytes).
    Removing stm32f10x_rcc.o(i.RCC_APB2PeriphResetCmd), (104 bytes).
    Removing stm32f10x_rcc.o(i.RCC_AdjustHSICalibrationValue), (68 bytes).
    Removing stm32f10x_rcc.o(i.RCC_BackupResetCmd), (56 bytes).
    Removing stm32f10x_rcc.o(i.RCC_ClearFlag), (20 bytes).
    Removing stm32f10x_rcc.o(i.RCC_ClearITPendingBit), (60 bytes).
    Removing stm32f10x_rcc.o(i.RCC_ClockSecuritySystemCmd), (56 bytes).
    Removing stm32f10x_rcc.o(i.RCC_DeInit), (76 bytes).
    Removing stm32f10x_rcc.o(i.RCC_GetClocksFreq), (212 bytes).
    Removing stm32f10x_rcc.o(i.RCC_GetFlagStatus), (148 bytes).
    Removing stm32f10x_rcc.o(i.RCC_GetITStatus), (88 bytes).
    Removing stm32f10x_rcc.o(i.RCC_GetSYSCLKSource), (16 bytes).
    Removing stm32f10x_rcc.o(i.RCC_HCLKConfig), (96 bytes).
    Removing stm32f10x_rcc.o(i.RCC_HSEConfig), (128 bytes).
    Removing stm32f10x_rcc.o(i.RCC_HSICmd), (56 bytes).
    Removing stm32f10x_rcc.o(i.RCC_ITConfig), (100 bytes).
    Removing stm32f10x_rcc.o(i.RCC_LSEConfig), (100 bytes).
    Removing stm32f10x_rcc.o(i.RCC_LSICmd), (56 bytes).
    Removing stm32f10x_rcc.o(i.RCC_MCOConfig), (68 bytes).
    Removing stm32f10x_rcc.o(i.RCC_PCLK1Config), (88 bytes).
    Removing stm32f10x_rcc.o(i.RCC_PCLK2Config), (88 bytes).
    Removing stm32f10x_rcc.o(i.RCC_PLLCmd), (56 bytes).
    Removing stm32f10x_rcc.o(i.RCC_PLLConfig), (180 bytes).
    Removing stm32f10x_rcc.o(i.RCC_RTCCLKCmd), (56 bytes).
    Removing stm32f10x_rcc.o(i.RCC_RTCCLKConfig), (76 bytes).
    Removing stm32f10x_rcc.o(i.RCC_SYSCLKConfig), (72 bytes).
    Removing stm32f10x_rcc.o(i.RCC_USBCLKConfig), (56 bytes).
    Removing stm32f10x_rcc.o(i.RCC_WaitForHSEStartUp), (56 bytes).
    Removing stm32f10x_rcc.o(.data), (20 bytes).
    Removing stm32f10x_rtc.o(i.RTC_ClearFlag), (68 bytes).
    Removing stm32f10x_rtc.o(i.RTC_ClearITPendingBit), (68 bytes).
    Removing stm32f10x_rtc.o(i.RTC_EnterConfigMode), (20 bytes).
    Removing stm32f10x_rtc.o(i.RTC_ExitConfigMode), (20 bytes).
    Removing stm32f10x_rtc.o(i.RTC_GetCounter), (20 bytes).
    Removing stm32f10x_rtc.o(i.RTC_GetDivider), (24 bytes).
    Removing stm32f10x_rtc.o(i.RTC_GetFlagStatus), (84 bytes).
    Removing stm32f10x_rtc.o(i.RTC_GetITStatus), (88 bytes).
    Removing stm32f10x_rtc.o(i.RTC_ITConfig), (96 bytes).
    Removing stm32f10x_rtc.o(i.RTC_SetAlarm), (28 bytes).
    Removing stm32f10x_rtc.o(i.RTC_SetCounter), (28 bytes).
    Removing stm32f10x_rtc.o(i.RTC_SetPrescaler), (72 bytes).
    Removing stm32f10x_rtc.o(i.RTC_WaitForLastTask), (20 bytes).
    Removing stm32f10x_rtc.o(i.RTC_WaitForSynchro), (36 bytes).
    Removing stm32f10x_sdio.o(i.SDIO_CEATAITCmd), (64 bytes).
    Removing stm32f10x_sdio.o(i.SDIO_ClearFlag), (68 bytes).
    Removing stm32f10x_sdio.o(i.SDIO_ClearITPendingBit), (68 bytes).
    Removing stm32f10x_sdio.o(i.SDIO_ClockCmd), (60 bytes).
    Removing stm32f10x_sdio.o(i.SDIO_CmdStructInit), (14 bytes).
    Removing stm32f10x_sdio.o(i.SDIO_CommandCompletionCmd), (60 bytes).
    Removing stm32f10x_sdio.o(i.SDIO_DMACmd), (60 bytes).
    Removing stm32f10x_sdio.o(i.SDIO_DataConfig), (264 bytes).
    Removing stm32f10x_sdio.o(i.SDIO_DataStructInit), (20 bytes).
    Removing stm32f10x_sdio.o(i.SDIO_DeInit), (36 bytes).
    Removing stm32f10x_sdio.o(i.SDIO_GetCommandResponse), (12 bytes).
    Removing stm32f10x_sdio.o(i.SDIO_GetDataCounter), (12 bytes).
    Removing stm32f10x_sdio.o(i.SDIO_GetFIFOCount), (12 bytes).
    Removing stm32f10x_sdio.o(i.SDIO_GetFlagStatus), (196 bytes).
    Removing stm32f10x_sdio.o(i.SDIO_GetITStatus), (196 bytes).
    Removing stm32f10x_sdio.o(i.SDIO_GetPowerState), (16 bytes).
    Removing stm32f10x_sdio.o(i.SDIO_GetResponse), (80 bytes).
    Removing stm32f10x_sdio.o(i.SDIO_ITConfig), (104 bytes).
    Removing stm32f10x_sdio.o(i.SDIO_Init), (196 bytes).
    Removing stm32f10x_sdio.o(i.SDIO_ReadData), (12 bytes).
    Removing stm32f10x_sdio.o(i.SDIO_SendCEATACmd), (60 bytes).
    Removing stm32f10x_sdio.o(i.SDIO_SendCommand), (176 bytes).
    Removing stm32f10x_sdio.o(i.SDIO_SendSDIOSuspendCmd), (60 bytes).
    Removing stm32f10x_sdio.o(i.SDIO_SetPowerState), (76 bytes).
    Removing stm32f10x_sdio.o(i.SDIO_SetSDIOOperation), (60 bytes).
    Removing stm32f10x_sdio.o(i.SDIO_SetSDIOReadWaitMode), (60 bytes).
    Removing stm32f10x_sdio.o(i.SDIO_StartSDIOReadWait), (60 bytes).
    Removing stm32f10x_sdio.o(i.SDIO_StopSDIOReadWait), (60 bytes).
    Removing stm32f10x_sdio.o(i.SDIO_StructInit), (16 bytes).
    Removing stm32f10x_sdio.o(i.SDIO_WriteData), (12 bytes).
    Removing stm32f10x_spi.o(i.I2S_Cmd), (104 bytes).
    Removing stm32f10x_spi.o(i.I2S_Init), (472 bytes).
    Removing stm32f10x_spi.o(i.I2S_StructInit), (20 bytes).
    Removing stm32f10x_spi.o(i.SPI_BiDirectionalLineConfig), (128 bytes).
    Removing stm32f10x_spi.o(i.SPI_CalculateCRC), (116 bytes).
    Removing stm32f10x_spi.o(i.SPI_Cmd), (116 bytes).
    Removing stm32f10x_spi.o(i.SPI_DataSizeConfig), (112 bytes).
    Removing stm32f10x_spi.o(i.SPI_GetCRC), (108 bytes).
    Removing stm32f10x_spi.o(i.SPI_GetCRCPolynomial), (76 bytes).
    Removing stm32f10x_spi.o(i.SPI_I2S_ClearFlag), (96 bytes).
    Removing stm32f10x_spi.o(i.SPI_I2S_ClearITPendingBit), (108 bytes).
    Removing stm32f10x_spi.o(i.SPI_I2S_DMACmd), (132 bytes).
    Removing stm32f10x_spi.o(i.SPI_I2S_DeInit), (140 bytes).
    Removing stm32f10x_spi.o(i.SPI_I2S_GetFlagStatus), (136 bytes).
    Removing stm32f10x_spi.o(i.SPI_I2S_GetITStatus), (172 bytes).
    Removing stm32f10x_spi.o(i.SPI_I2S_ITConfig), (156 bytes).
    Removing stm32f10x_spi.o(i.SPI_I2S_ReceiveData), (76 bytes).
    Removing stm32f10x_spi.o(i.SPI_I2S_SendData), (76 bytes).
    Removing stm32f10x_spi.o(i.SPI_Init), (364 bytes).
    Removing stm32f10x_spi.o(i.SPI_NSSInternalSoftwareConfig), (128 bytes).
    Removing stm32f10x_spi.o(i.SPI_SSOutputCmd), (116 bytes).
    Removing stm32f10x_spi.o(i.SPI_StructInit), (24 bytes).
    Removing stm32f10x_spi.o(i.SPI_TransmitCRC), (80 bytes).
    Removing stm32f10x_tim.o(i.TI1_Config), (128 bytes).
    Removing stm32f10x_tim.o(i.TI2_Config), (152 bytes).
    Removing stm32f10x_tim.o(i.TI3_Config), (144 bytes).
    Removing stm32f10x_tim.o(i.TI4_Config), (152 bytes).
    Removing stm32f10x_tim.o(i.TIM_ARRPreloadConfig), (252 bytes).
    Removing stm32f10x_tim.o(i.TIM_BDTRConfig), (284 bytes).
    Removing stm32f10x_tim.o(i.TIM_BDTRStructInit), (18 bytes).
    Removing stm32f10x_tim.o(i.TIM_CCPreloadControl), (152 bytes).
    Removing stm32f10x_tim.o(i.TIM_CCxCmd), (268 bytes).
    Removing stm32f10x_tim.o(i.TIM_CCxNCmd), (168 bytes).
    Removing stm32f10x_tim.o(i.TIM_ClearFlag), (236 bytes).
    Removing stm32f10x_tim.o(i.TIM_ClearITPendingBit), (236 bytes).
    Removing stm32f10x_tim.o(i.TIM_ClearOC1Ref), (132 bytes).
    Removing stm32f10x_tim.o(i.TIM_ClearOC2Ref), (140 bytes).
    Removing stm32f10x_tim.o(i.TIM_ClearOC3Ref), (132 bytes).
    Removing stm32f10x_tim.o(i.TIM_ClearOC4Ref), (140 bytes).
    Removing stm32f10x_tim.o(i.TIM_Cmd), (252 bytes).
    Removing stm32f10x_tim.o(i.TIM_CounterModeConfig), (144 bytes).
    Removing stm32f10x_tim.o(i.TIM_CtrlPWMOutputs), (140 bytes).
    Removing stm32f10x_tim.o(i.TIM_DMACmd), (208 bytes).
    Removing stm32f10x_tim.o(i.TIM_DMAConfig), (344 bytes).
    Removing stm32f10x_tim.o(i.TIM_DeInit), (624 bytes).
    Removing stm32f10x_tim.o(i.TIM_ETRClockMode1Config), (216 bytes).
    Removing stm32f10x_tim.o(i.TIM_ETRClockMode2Config), (196 bytes).
    Removing stm32f10x_tim.o(i.TIM_ETRConfig), (208 bytes).
    Removing stm32f10x_tim.o(i.TIM_EncoderInterfaceConfig), (260 bytes).
    Removing stm32f10x_tim.o(i.TIM_ForcedOC1Config), (224 bytes).
    Removing stm32f10x_tim.o(i.TIM_ForcedOC2Config), (172 bytes).
    Removing stm32f10x_tim.o(i.TIM_ForcedOC3Config), (136 bytes).
    Removing stm32f10x_tim.o(i.TIM_ForcedOC4Config), (144 bytes).
    Removing stm32f10x_tim.o(i.TIM_GenerateEvent), (232 bytes).
    Removing stm32f10x_tim.o(i.TIM_GetCapture1), (192 bytes).
    Removing stm32f10x_tim.o(i.TIM_GetCapture2), (132 bytes).
    Removing stm32f10x_tim.o(i.TIM_GetCapture3), (100 bytes).
    Removing stm32f10x_tim.o(i.TIM_GetCapture4), (104 bytes).
    Removing stm32f10x_tim.o(i.TIM_GetCounter), (212 bytes).
    Removing stm32f10x_tim.o(i.TIM_GetFlagStatus), (296 bytes).
    Removing stm32f10x_tim.o(i.TIM_GetITStatus), (292 bytes).
    Removing stm32f10x_tim.o(i.TIM_GetPrescaler), (212 bytes).
    Removing stm32f10x_tim.o(i.TIM_ICInit), (660 bytes).
    Removing stm32f10x_tim.o(i.TIM_ICStructInit), (18 bytes).
    Removing stm32f10x_tim.o(i.TIM_ITConfig), (268 bytes).
    Removing stm32f10x_tim.o(i.TIM_ITRxExternalClockConfig), (172 bytes).
    Removing stm32f10x_tim.o(i.TIM_InternalClockConfig), (140 bytes).
    Removing stm32f10x_tim.o(i.TIM_OC1FastConfig), (224 bytes).
    Removing stm32f10x_tim.o(i.TIM_OC1Init), (516 bytes).
    Removing stm32f10x_tim.o(i.TIM_OC1NPolarityConfig), (128 bytes).
    Removing stm32f10x_tim.o(i.TIM_OC1PolarityConfig), (224 bytes).
    Removing stm32f10x_tim.o(i.TIM_OC1PreloadConfig), (224 bytes).
    Removing stm32f10x_tim.o(i.TIM_OC2FastConfig), (172 bytes).
    Removing stm32f10x_tim.o(i.TIM_OC2Init), (480 bytes).
    Removing stm32f10x_tim.o(i.TIM_OC2NPolarityConfig), (104 bytes).
    Removing stm32f10x_tim.o(i.TIM_OC2PolarityConfig), (172 bytes).
    Removing stm32f10x_tim.o(i.TIM_OC2PreloadConfig), (172 bytes).
    Removing stm32f10x_tim.o(i.TIM_OC3FastConfig), (132 bytes).
    Removing stm32f10x_tim.o(i.TIM_OC3Init), (444 bytes).
    Removing stm32f10x_tim.o(i.TIM_OC3NPolarityConfig), (104 bytes).
    Removing stm32f10x_tim.o(i.TIM_OC3PolarityConfig), (140 bytes).
    Removing stm32f10x_tim.o(i.TIM_OC3PreloadConfig), (132 bytes).
    Removing stm32f10x_tim.o(i.TIM_OC4FastConfig), (140 bytes).
    Removing stm32f10x_tim.o(i.TIM_OC4Init), (336 bytes).
    Removing stm32f10x_tim.o(i.TIM_OC4PolarityConfig), (140 bytes).
    Removing stm32f10x_tim.o(i.TIM_OC4PreloadConfig), (140 bytes).
    Removing stm32f10x_tim.o(i.TIM_OCStructInit), (20 bytes).
    Removing stm32f10x_tim.o(i.TIM_PWMIConfig), (248 bytes).
    Removing stm32f10x_tim.o(i.TIM_PrescalerConfig), (236 bytes).
    Removing stm32f10x_tim.o(i.TIM_SelectCCDMA), (172 bytes).
    Removing stm32f10x_tim.o(i.TIM_SelectCOM), (136 bytes).
    Removing stm32f10x_tim.o(i.TIM_SelectHallSensor), (172 bytes).
    Removing stm32f10x_tim.o(i.TIM_SelectInputTrigger), (188 bytes).
    Removing stm32f10x_tim.o(i.TIM_SelectMasterSlaveMode), (164 bytes).
    Removing stm32f10x_tim.o(i.TIM_SelectOCxM), (344 bytes).
    Removing stm32f10x_tim.o(i.TIM_SelectOnePulseMode), (244 bytes).
    Removing stm32f10x_tim.o(i.TIM_SelectOutputTrigger), (208 bytes).
    Removing stm32f10x_tim.o(i.TIM_SelectSlaveMode), (176 bytes).
    Removing stm32f10x_tim.o(i.TIM_SetAutoreload), (212 bytes).
    Removing stm32f10x_tim.o(i.TIM_SetClockDivision), (232 bytes).
    Removing stm32f10x_tim.o(i.TIM_SetCompare1), (192 bytes).
    Removing stm32f10x_tim.o(i.TIM_SetCompare2), (132 bytes).
    Removing stm32f10x_tim.o(i.TIM_SetCompare3), (104 bytes).
    Removing stm32f10x_tim.o(i.TIM_SetCompare4), (104 bytes).
    Removing stm32f10x_tim.o(i.TIM_SetCounter), (212 bytes).
    Removing stm32f10x_tim.o(i.TIM_SetIC1Prescaler), (232 bytes).
    Removing stm32f10x_tim.o(i.TIM_SetIC2Prescaler), (180 bytes).
    Removing stm32f10x_tim.o(i.TIM_SetIC3Prescaler), (144 bytes).
    Removing stm32f10x_tim.o(i.TIM_SetIC4Prescaler), (152 bytes).
    Removing stm32f10x_tim.o(i.TIM_TIxExternalClockConfig), (244 bytes).
    Removing stm32f10x_tim.o(i.TIM_TimeBaseInit), (396 bytes).
    Removing stm32f10x_tim.o(i.TIM_TimeBaseStructInit), (18 bytes).
    Removing stm32f10x_tim.o(i.TIM_UpdateDisableConfig), (252 bytes).
    Removing stm32f10x_tim.o(i.TIM_UpdateRequestConfig), (252 bytes).
    Removing stm32f10x_usart.o(i.USART_ClearFlag), (164 bytes).
    Removing stm32f10x_usart.o(i.USART_ClearITPendingBit), (200 bytes).
    Removing stm32f10x_usart.o(i.USART_ClockInit), (204 bytes).
    Removing stm32f10x_usart.o(i.USART_ClockStructInit), (12 bytes).
    Removing stm32f10x_usart.o(i.USART_Cmd), (140 bytes).
    Removing stm32f10x_usart.o(i.USART_DMACmd), (156 bytes).
    Removing stm32f10x_usart.o(i.USART_DeInit), (224 bytes).
    Removing stm32f10x_usart.o(i.USART_GetFlagStatus), (208 bytes).
    Removing stm32f10x_usart.o(i.USART_GetITStatus), (300 bytes).
    Removing stm32f10x_usart.o(i.USART_HalfDuplexCmd), (140 bytes).
    Removing stm32f10x_usart.o(i.USART_ITConfig), (296 bytes).
    Removing stm32f10x_usart.o(i.USART_Init), (504 bytes).
    Removing stm32f10x_usart.o(i.USART_IrDACmd), (140 bytes).
    Removing stm32f10x_usart.o(i.USART_IrDAConfig), (132 bytes).
    Removing stm32f10x_usart.o(i.USART_LINBreakDetectLengthConfig), (132 bytes).
    Removing stm32f10x_usart.o(i.USART_LINCmd), (140 bytes).
    Removing stm32f10x_usart.o(i.USART_OneBitMethodCmd), (140 bytes).
    Removing stm32f10x_usart.o(i.USART_OverSampling8Cmd), (136 bytes).
    Removing stm32f10x_usart.o(i.USART_ReceiveData), (104 bytes).
    Removing stm32f10x_usart.o(i.USART_ReceiverWakeUpCmd), (140 bytes).
    Removing stm32f10x_usart.o(i.USART_SendBreak), (104 bytes).
    Removing stm32f10x_usart.o(i.USART_SendData), (124 bytes).
    Removing stm32f10x_usart.o(i.USART_SetAddress), (132 bytes).
    Removing stm32f10x_usart.o(i.USART_SetGuardTime), (92 bytes).
    Removing stm32f10x_usart.o(i.USART_SetPrescaler), (112 bytes).
    Removing stm32f10x_usart.o(i.USART_SmartCardCmd), (120 bytes).
    Removing stm32f10x_usart.o(i.USART_SmartCardNACKCmd), (120 bytes).
    Removing stm32f10x_usart.o(i.USART_StructInit), (24 bytes).
    Removing stm32f10x_usart.o(i.USART_WakeUpConfig), (136 bytes).
    Removing stm32f10x_wwdg.o(i.WWDG_ClearFlag), (12 bytes).
    Removing stm32f10x_wwdg.o(i.WWDG_DeInit), (22 bytes).
    Removing stm32f10x_wwdg.o(i.WWDG_Enable), (64 bytes).
    Removing stm32f10x_wwdg.o(i.WWDG_EnableIT), (12 bytes).
    Removing stm32f10x_wwdg.o(i.WWDG_GetFlagStatus), (12 bytes).
    Removing stm32f10x_wwdg.o(i.WWDG_SetCounter), (64 bytes).
    Removing stm32f10x_wwdg.o(i.WWDG_SetPrescaler), (84 bytes).
    Removing stm32f10x_wwdg.o(i.WWDG_SetWindowValue), (84 bytes).
    Removing core_cm3.o(.emb_text), (32 bytes).
    Removing system_stm32f10x.o(i.SystemCoreClockUpdate), (164 bytes).
    Removing system_stm32f10x.o(.data), (20 bytes).
    Removing adc.o(i.MYADC_GetVoltage), (60 bytes).
    Removing adc.o(i.MYADC_Init), (156 bytes).
    Removing oled.o(i.OLED_SetCursor), (32 bytes).
    Removing pwm.o(i.PWM_GetFrequency), (12 bytes).
    Removing pwm.o(i.PWM_Init), (160 bytes).
    Removing pwm.o(i.PWM_SetAmplitude), (2 bytes).
    Removing pwm.o(i.PWM_SetFrequency), (96 bytes).
    Removing pwm.o(.data), (2 bytes).
    Removing encoder.o(i.Encoder_GetDelta), (128 bytes).
    Removing encoder.o(i.Encoder_Init), (72 bytes).
    Removing encoder.o(i.Encoder_Reset), (12 bytes).
    Removing encoder.o(.data), (3 bytes).
    Removing mcp4131.o(i.MCP4131_Decrease), (28 bytes).
    Removing mcp4131.o(i.MCP4131_GetLevel), (12 bytes).
    Removing mcp4131.o(i.MCP4131_GetVoltageVpp), (24 bytes).
    Removing mcp4131.o(i.MCP4131_Increase), (28 bytes).
    Removing mcp4131.o(i.MCP4131_Init), (72 bytes).
    Removing mcp4131.o(i.MCP4131_SetLevel), (60 bytes).
    Removing mcp4131.o(i.MCP4131_WriteByte), (68 bytes).
    Removing mcp4131.o(.data), (1 bytes).

491 unused section(s) (total 63944 bytes) removed from the image.

==============================================================================

Image Symbol Table

    Local Symbols

    Symbol Name                              Value     Ov Type        Size  Object(Section)

    ../clib/angel/boardlib.s                 0x00000000   Number         0  boardshut.o ABSOLUTE
    ../clib/angel/boardlib.s                 0x00000000   Number         0  boardinit3.o ABSOLUTE
    ../clib/angel/boardlib.s                 0x00000000   Number         0  boardinit2.o ABSOLUTE
    ../clib/angel/boardlib.s                 0x00000000   Number         0  boardinit1.o ABSOLUTE
    ../clib/angel/dclz77c.s                  0x00000000   Number         0  __dclz77c.o ABSOLUTE
    ../clib/angel/handlers.s                 0x00000000   Number         0  __scatter_zi.o ABSOLUTE
    ../clib/angel/kernel.s                   0x00000000   Number         0  __rtentry4.o ABSOLUTE
    ../clib/angel/kernel.s                   0x00000000   Number         0  __rtentry2.o ABSOLUTE
    ../clib/angel/kernel.s                   0x00000000   Number         0  rtexit2.o ABSOLUTE
    ../clib/angel/kernel.s                   0x00000000   Number         0  __rtentry.o ABSOLUTE
    ../clib/angel/kernel.s                   0x00000000   Number         0  rtexit.o ABSOLUTE
    ../clib/angel/rt.s                       0x00000000   Number         0  rt_raise.o ABSOLUTE
    ../clib/angel/scatter.s                  0x00000000   Number         0  __scatter.o ABSOLUTE
    ../clib/angel/startup.s                  0x00000000   Number         0  __main.o ABSOLUTE
    ../clib/angel/sys.s                      0x00000000   Number         0  sys_stackheap_outer.o ABSOLUTE
    ../clib/angel/sys.s                      0x00000000   Number         0  indicate_semi.o ABSOLUTE
    ../clib/angel/sys.s                      0x00000000   Number         0  use_no_semi.o ABSOLUTE
    ../clib/angel/sys.s                      0x00000000   Number         0  libspace.o ABSOLUTE
    ../clib/angel/sysapp.c                   0x00000000   Number         0  sys_command.o ABSOLUTE
    ../clib/angel/sysapp.c                   0x00000000   Number         0  sys_exit.o ABSOLUTE
    ../clib/angel/sysapp.c                   0x00000000   Number         0  sys_wrch.o ABSOLUTE
    ../clib/armsys.c                         0x00000000   Number         0  no_argv.o ABSOLUTE
    ../clib/armsys.c                         0x00000000   Number         0  _get_argv_nomalloc.o ABSOLUTE
    ../clib/armsys.c                         0x00000000   Number         0  argv_veneer.o ABSOLUTE
    ../clib/armsys.c                         0x00000000   Number         0  argv_veneer.o ABSOLUTE
    ../clib/heapalloc.c                      0x00000000   Number         0  hrguard.o ABSOLUTE
    ../clib/heapaux.c                        0x00000000   Number         0  heapauxi.o ABSOLUTE
    ../clib/libinit.s                        0x00000000   Number         0  libshutdown.o ABSOLUTE
    ../clib/libinit.s                        0x00000000   Number         0  libshutdown2.o ABSOLUTE
    ../clib/libinit.s                        0x00000000   Number         0  libinit.o ABSOLUTE
    ../clib/libinit.s                        0x00000000   Number         0  libinit2.o ABSOLUTE
    ../clib/signal.c                         0x00000000   Number         0  defsig_rtmem_formal.o ABSOLUTE
    ../clib/signal.c                         0x00000000   Number         0  defsig_rtmem_outer.o ABSOLUTE
    ../clib/signal.c                         0x00000000   Number         0  defsig_other.o ABSOLUTE
    ../clib/signal.c                         0x00000000   Number         0  defsig_general.o ABSOLUTE
    ../clib/signal.c                         0x00000000   Number         0  defsig_exit.o ABSOLUTE
    ../clib/signal.c                         0x00000000   Number         0  defsig_rtmem_inner.o ABSOLUTE
    ../clib/signal.c                         0x00000000   Number         0  __raise.o ABSOLUTE
    ../clib/signal.c                         0x00000000   Number         0  defsig_abrt_inner.o ABSOLUTE
    ../clib/signal.c                         0x00000000   Number         0  defsig_fpe_inner.o ABSOLUTE
    ../clib/signal.c                         0x00000000   Number         0  defsig_rtred_inner.o ABSOLUTE
    ../clib/signal.c                         0x00000000   Number         0  defsig_stak_inner.o ABSOLUTE
    ../clib/signal.c                         0x00000000   Number         0  defsig_pvfn_inner.o ABSOLUTE
    ../clib/signal.c                         0x00000000   Number         0  defsig_cppl_inner.o ABSOLUTE
    ../clib/signal.c                         0x00000000   Number         0  defsig_segv_inner.o ABSOLUTE
    ../clib/signal.s                         0x00000000   Number         0  defsig.o ABSOLUTE
    ../clib/stdlib.c                         0x00000000   Number         0  exit.o ABSOLUTE
    ../fplib/fdiv.s                          0x00000000   Number         0  fdiv.o ABSOLUTE
    ../fplib/fflt.s                          0x00000000   Number         0  fflt_clz.o ABSOLUTE
    ../fplib/fmul.s                          0x00000000   Number         0  fmul.o ABSOLUTE
    ../fplib/fnaninf.s                       0x00000000   Number         0  fnaninf.o ABSOLUTE
    ../fplib/fpinit.s                        0x00000000   Number         0  fpinit.o ABSOLUTE
    ../fplib/fretinf.s                       0x00000000   Number         0  fretinf.o ABSOLUTE
    ../fplib/usenofp.s                       0x00000000   Number         0  usenofp.o ABSOLUTE
    Hardware\adc.c                           0x00000000   Number         0  adc.o ABSOLUTE
    Hardware\encoder.c                       0x00000000   Number         0  encoder.o ABSOLUTE
    Hardware\font.c                          0x00000000   Number         0  font.o ABSOLUTE
    Hardware\key.c                           0x00000000   Number         0  key.o ABSOLUTE
    Hardware\mcp4131.c                       0x00000000   Number         0  mcp4131.o ABSOLUTE
    Hardware\oled.c                          0x00000000   Number         0  oled.o ABSOLUTE
    Hardware\pwm.c                           0x00000000   Number         0  pwm.o ABSOLUTE
    Library\misc.c                           0x00000000   Number         0  misc.o ABSOLUTE
    Library\stm32f10x_adc.c                  0x00000000   Number         0  stm32f10x_adc.o ABSOLUTE
    Library\stm32f10x_bkp.c                  0x00000000   Number         0  stm32f10x_bkp.o ABSOLUTE
    Library\stm32f10x_can.c                  0x00000000   Number         0  stm32f10x_can.o ABSOLUTE
    Library\stm32f10x_cec.c                  0x00000000   Number         0  stm32f10x_cec.o ABSOLUTE
    Library\stm32f10x_crc.c                  0x00000000   Number         0  stm32f10x_crc.o ABSOLUTE
    Library\stm32f10x_dac.c                  0x00000000   Number         0  stm32f10x_dac.o ABSOLUTE
    Library\stm32f10x_dbgmcu.c               0x00000000   Number         0  stm32f10x_dbgmcu.o ABSOLUTE
    Library\stm32f10x_dma.c                  0x00000000   Number         0  stm32f10x_dma.o ABSOLUTE
    Library\stm32f10x_exti.c                 0x00000000   Number         0  stm32f10x_exti.o ABSOLUTE
    Library\stm32f10x_flash.c                0x00000000   Number         0  stm32f10x_flash.o ABSOLUTE
    Library\stm32f10x_fsmc.c                 0x00000000   Number         0  stm32f10x_fsmc.o ABSOLUTE
    Library\stm32f10x_gpio.c                 0x00000000   Number         0  stm32f10x_gpio.o ABSOLUTE
    Library\stm32f10x_i2c.c                  0x00000000   Number         0  stm32f10x_i2c.o ABSOLUTE
    Library\stm32f10x_iwdg.c                 0x00000000   Number         0  stm32f10x_iwdg.o ABSOLUTE
    Library\stm32f10x_pwr.c                  0x00000000   Number         0  stm32f10x_pwr.o ABSOLUTE
    Library\stm32f10x_rcc.c                  0x00000000   Number         0  stm32f10x_rcc.o ABSOLUTE
    Library\stm32f10x_rtc.c                  0x00000000   Number         0  stm32f10x_rtc.o ABSOLUTE
    Library\stm32f10x_sdio.c                 0x00000000   Number         0  stm32f10x_sdio.o ABSOLUTE
    Library\stm32f10x_spi.c                  0x00000000   Number         0  stm32f10x_spi.o ABSOLUTE
    Library\stm32f10x_tim.c                  0x00000000   Number         0  stm32f10x_tim.o ABSOLUTE
    Library\stm32f10x_usart.c                0x00000000   Number         0  stm32f10x_usart.o ABSOLUTE
    Library\stm32f10x_wwdg.c                 0x00000000   Number         0  stm32f10x_wwdg.o ABSOLUTE
    Startup\\core_cm3.c                      0x00000000   Number         0  core_cm3.o ABSOLUTE
    Startup\core_cm3.c                       0x00000000   Number         0  core_cm3.o ABSOLUTE
    Startup\startup_stm32f10x_md.s           0x00000000   Number         0  startup_stm32f10x_md.o ABSOLUTE
    Startup\system_stm32f10x.c               0x00000000   Number         0  system_stm32f10x.o ABSOLUTE
    User\assert.c                            0x00000000   Number         0  assert.o ABSOLUTE
    User\main.c                              0x00000000   Number         0  main.o ABSOLUTE
    User\stm32f10x_it.c                      0x00000000   Number         0  stm32f10x_it.o ABSOLUTE
    dc.s                                     0x00000000   Number         0  dc.o ABSOLUTE
    RESET                                    0x08000000   Section      236  startup_stm32f10x_md.o(RESET)
    !!!main                                  0x080000ec   Section        8  __main.o(!!!main)
    !!!scatter                               0x080000f4   Section       52  __scatter.o(!!!scatter)
    !!dclz77c                                0x08000128   Section      100  __dclz77c.o(!!dclz77c)
    !!handler_zi                             0x0800018c   Section       28  __scatter_zi.o(!!handler_zi)
    .ARM.Collect$$libinit$$00000000          0x080001a8   Section        2  libinit.o(.ARM.Collect$$libinit$$00000000)
    .ARM.Collect$$libinit$$00000002          0x080001aa   Section        0  libinit2.o(.ARM.Collect$$libinit$$00000002)
    .ARM.Collect$$libinit$$00000004          0x080001aa   Section        0  libinit2.o(.ARM.Collect$$libinit$$00000004)
    .ARM.Collect$$libinit$$0000000A          0x080001aa   Section        0  libinit2.o(.ARM.Collect$$libinit$$0000000A)
    .ARM.Collect$$libinit$$0000000C          0x080001aa   Section        0  libinit2.o(.ARM.Collect$$libinit$$0000000C)
    .ARM.Collect$$libinit$$0000000E          0x080001aa   Section        0  libinit2.o(.ARM.Collect$$libinit$$0000000E)
    .ARM.Collect$$libinit$$00000011          0x080001aa   Section        0  libinit2.o(.ARM.Collect$$libinit$$00000011)
    .ARM.Collect$$libinit$$00000013          0x080001aa   Section        0  libinit2.o(.ARM.Collect$$libinit$$00000013)
    .ARM.Collect$$libinit$$00000015          0x080001aa   Section        0  libinit2.o(.ARM.Collect$$libinit$$00000015)
    .ARM.Collect$$libinit$$00000017          0x080001aa   Section        0  libinit2.o(.ARM.Collect$$libinit$$00000017)
    .ARM.Collect$$libinit$$00000019          0x080001aa   Section        0  libinit2.o(.ARM.Collect$$libinit$$00000019)
    .ARM.Collect$$libinit$$0000001B          0x080001aa   Section        0  libinit2.o(.ARM.Collect$$libinit$$0000001B)
    .ARM.Collect$$libinit$$0000001D          0x080001aa   Section        0  libinit2.o(.ARM.Collect$$libinit$$0000001D)
    .ARM.Collect$$libinit$$0000001F          0x080001aa   Section        0  libinit2.o(.ARM.Collect$$libinit$$0000001F)
    .ARM.Collect$$libinit$$00000021          0x080001aa   Section        0  libinit2.o(.ARM.Collect$$libinit$$00000021)
    .ARM.Collect$$libinit$$00000023          0x080001aa   Section        0  libinit2.o(.ARM.Collect$$libinit$$00000023)
    .ARM.Collect$$libinit$$00000025          0x080001aa   Section        0  libinit2.o(.ARM.Collect$$libinit$$00000025)
    .ARM.Collect$$libinit$$0000002C          0x080001aa   Section        0  libinit2.o(.ARM.Collect$$libinit$$0000002C)
    .ARM.Collect$$libinit$$0000002E          0x080001aa   Section        0  libinit2.o(.ARM.Collect$$libinit$$0000002E)
    .ARM.Collect$$libinit$$00000030          0x080001aa   Section        0  libinit2.o(.ARM.Collect$$libinit$$00000030)
    .ARM.Collect$$libinit$$00000032          0x080001aa   Section        0  libinit2.o(.ARM.Collect$$libinit$$00000032)
    .ARM.Collect$$libinit$$00000033          0x080001aa   Section        2  libinit2.o(.ARM.Collect$$libinit$$00000033)
    .ARM.Collect$$libshutdown$$00000000      0x080001ac   Section        2  libshutdown.o(.ARM.Collect$$libshutdown$$00000000)
    .ARM.Collect$$libshutdown$$00000002      0x080001ae   Section        0  libshutdown2.o(.ARM.Collect$$libshutdown$$00000002)
    .ARM.Collect$$libshutdown$$00000004      0x080001ae   Section        0  libshutdown2.o(.ARM.Collect$$libshutdown$$00000004)
    .ARM.Collect$$libshutdown$$00000006      0x080001ae   Section        0  libshutdown2.o(.ARM.Collect$$libshutdown$$00000006)
    .ARM.Collect$$libshutdown$$00000009      0x080001ae   Section        0  libshutdown2.o(.ARM.Collect$$libshutdown$$00000009)
    .ARM.Collect$$libshutdown$$0000000C      0x080001ae   Section        0  libshutdown2.o(.ARM.Collect$$libshutdown$$0000000C)
    .ARM.Collect$$libshutdown$$0000000E      0x080001ae   Section        0  libshutdown2.o(.ARM.Collect$$libshutdown$$0000000E)
    .ARM.Collect$$libshutdown$$00000011      0x080001ae   Section        0  libshutdown2.o(.ARM.Collect$$libshutdown$$00000011)
    .ARM.Collect$$libshutdown$$00000012      0x080001ae   Section        2  libshutdown2.o(.ARM.Collect$$libshutdown$$00000012)
    .ARM.Collect$$rtentry$$00000000          0x080001b0   Section        0  __rtentry.o(.ARM.Collect$$rtentry$$00000000)
    .ARM.Collect$$rtentry$$00000002          0x080001b0   Section        0  __rtentry2.o(.ARM.Collect$$rtentry$$00000002)
    .ARM.Collect$$rtentry$$00000004          0x080001b0   Section        6  __rtentry4.o(.ARM.Collect$$rtentry$$00000004)
    .ARM.Collect$$rtentry$$00000009          0x080001b6   Section        0  __rtentry2.o(.ARM.Collect$$rtentry$$00000009)
    .ARM.Collect$$rtentry$$0000000A          0x080001b6   Section        4  __rtentry2.o(.ARM.Collect$$rtentry$$0000000A)
    .ARM.Collect$$rtentry$$0000000C          0x080001ba   Section        0  __rtentry2.o(.ARM.Collect$$rtentry$$0000000C)
    .ARM.Collect$$rtentry$$0000000D          0x080001ba   Section        8  __rtentry2.o(.ARM.Collect$$rtentry$$0000000D)
    .ARM.Collect$$rtexit$$00000000           0x080001c2   Section        2  rtexit.o(.ARM.Collect$$rtexit$$00000000)
    .ARM.Collect$$rtexit$$00000002           0x080001c4   Section        0  rtexit2.o(.ARM.Collect$$rtexit$$00000002)
    .ARM.Collect$$rtexit$$00000003           0x080001c4   Section        4  rtexit2.o(.ARM.Collect$$rtexit$$00000003)
    .ARM.Collect$$rtexit$$00000004           0x080001c8   Section        6  rtexit2.o(.ARM.Collect$$rtexit$$00000004)
    .text                                    0x080001d0   Section       64  startup_stm32f10x_md.o(.text)
    .text                                    0x08000210   Section        0  heapauxi.o(.text)
    .text                                    0x08000216   Section       74  sys_stackheap_outer.o(.text)
    .text                                    0x08000260   Section        0  exit.o(.text)
    .text                                    0x08000274   Section        8  libspace.o(.text)
    .text                                    0x0800027c   Section        0  sys_exit.o(.text)
    .text                                    0x08000288   Section        2  use_no_semi.o(.text)
    .text                                    0x0800028a   Section        0  indicate_semi.o(.text)
    i.BusFault_Handler                       0x0800028a   Section        0  stm32f10x_it.o(i.BusFault_Handler)
    i.DebugMon_Handler                       0x0800028e   Section        0  stm32f10x_it.o(i.DebugMon_Handler)
    i.GPIO_Init                              0x08000290   Section        0  stm32f10x_gpio.o(i.GPIO_Init)
    i.GPIO_ReadInputDataBit                  0x08000444   Section        0  stm32f10x_gpio.o(i.GPIO_ReadInputDataBit)
    i.GPIO_ResetBits                         0x08000528   Section        0  stm32f10x_gpio.o(i.GPIO_ResetBits)
    i.GPIO_SetBits                           0x080005b4   Section        0  stm32f10x_gpio.o(i.GPIO_SetBits)
    i.HardFault_Handler                      0x08000640   Section        0  stm32f10x_it.o(i.HardFault_Handler)
    i.I2C_Delay                              0x08000644   Section        0  oled.o(i.I2C_Delay)
    i.I2C_SendByte                           0x08000650   Section        0  oled.o(i.I2C_SendByte)
    i.I2C_Start                              0x0800068e   Section        0  oled.o(i.I2C_Start)
    i.I2C_Stop                               0x080006a2   Section        0  oled.o(i.I2C_Stop)
    i.KEY_Init                               0x080006b8   Section        0  key.o(i.KEY_Init)
    i.KEY_Scan                               0x080006e4   Section        0  key.o(i.KEY_Scan)
    i.Key_DelayMs                            0x080007cc   Section        0  key.o(i.Key_DelayMs)
    i.MemManage_Handler                      0x080007e0   Section        0  stm32f10x_it.o(i.MemManage_Handler)
    i.NMI_Handler                            0x080007e4   Section        0  stm32f10x_it.o(i.NMI_Handler)
    i.OLED_Clear                             0x080007e8   Section        0  oled.o(i.OLED_Clear)
    i.OLED_Init                              0x08000810   Section        0  oled.o(i.OLED_Init)
    i.OLED_Refresh                           0x08000934   Section        0  oled.o(i.OLED_Refresh)
    i.OLED_SCL_Clr                           0x08000978   Section        0  oled.o(i.OLED_SCL_Clr)
    i.OLED_SCL_Set                           0x08000990   Section        0  oled.o(i.OLED_SCL_Set)
    i.OLED_SDA_Clr                           0x080009a8   Section        0  oled.o(i.OLED_SDA_Clr)
    i.OLED_SDA_Set                           0x080009c0   Section        0  oled.o(i.OLED_SDA_Set)
    i.OLED_ShowChar                          0x080009d8   Section        0  oled.o(i.OLED_ShowChar)
    i.OLED_ShowChinese                       0x08000a28   Section        0  oled.o(i.OLED_ShowChinese)
    i.OLED_ShowNum                           0x08000a6c   Section        0  oled.o(i.OLED_ShowNum)
    i.OLED_ShowString                        0x08000ac4   Section        0  oled.o(i.OLED_ShowString)
    i.OLED_WriteCmd                          0x08000ae8   Section        0  oled.o(i.OLED_WriteCmd)
    i.OLED_WriteData                         0x08000b08   Section        0  oled.o(i.OLED_WriteData)
    i.PendSV_Handler                         0x08000b28   Section        0  stm32f10x_it.o(i.PendSV_Handler)
    i.RCC_APB2PeriphClockCmd                 0x08000b2c   Section        0  stm32f10x_rcc.o(i.RCC_APB2PeriphClockCmd)
    i.SVC_Handler                            0x08000b94   Section        0  stm32f10x_it.o(i.SVC_Handler)
    i.SetSysClock                            0x08000b96   Section        0  system_stm32f10x.o(i.SetSysClock)
    SetSysClock                              0x08000b97   Thumb Code     8  system_stm32f10x.o(i.SetSysClock)
    i.SetSysClockTo72                        0x08000ba0   Section        0  system_stm32f10x.o(i.SetSysClockTo72)
    SetSysClockTo72                          0x08000ba1   Thumb Code   214  system_stm32f10x.o(i.SetSysClockTo72)
    i.SysTick_Handler                        0x08000c80   Section        0  stm32f10x_it.o(i.SysTick_Handler)
    i.SystemInit                             0x08000c84   Section        0  system_stm32f10x.o(i.SystemInit)
    i.UsageFault_Handler                     0x08000ce4   Section        0  stm32f10x_it.o(i.UsageFault_Handler)
    i.assert_failed                          0x08000ce8   Section        0  assert.o(i.assert_failed)
    i.main                                   0x08000cec   Section        0  main.o(i.main)
    .constdata                               0x08000e9c   Section     1520  font.o(.constdata)
    .data                                    0x20000000   Section      544  font.o(.data)
    .bss                                     0x20000220   Section     1024  oled.o(.bss)
    oled_buffer                              0x20000220   Data        1024  oled.o(.bss)
    .bss                                     0x20000620   Section       96  libspace.o(.bss)
    HEAP                                     0x20000680   Section      512  startup_stm32f10x_md.o(HEAP)
    Heap_Mem                                 0x20000680   Data         512  startup_stm32f10x_md.o(HEAP)
    STACK                                    0x20000880   Section     1024  startup_stm32f10x_md.o(STACK)
    Stack_Mem                                0x20000880   Data        1024  startup_stm32f10x_md.o(STACK)
    __initial_sp                             0x20000c80   Data           0  startup_stm32f10x_md.o(STACK)

    Global Symbols

    Symbol Name                              Value     Ov Type        Size  Object(Section)

    BuildAttributes$$THM_ISAv4$P$D$K$B$S$PE$A:L22UL41UL21$X:L11$S22US41US21$IEEE1$IW$USESV6$~STKCKD$USESV7$~SHL$OSPACE$ROPI$EBA8$UX$STANDARDLIB$REQ8$PRES8$EABIv2 0x00000000   Number         0  anon$$obj.o ABSOLUTE
    __ARM_use_no_argv                        0x00000000   Number         0  main.o ABSOLUTE
    __ARM_exceptions_init                     - Undefined Weak Reference
    __alloca_initialize                       - Undefined Weak Reference
    __arm_fini_                               - Undefined Weak Reference
    __arm_preinit_                            - Undefined Weak Reference
    __cpp_initialize__aeabi_                  - Undefined Weak Reference
    __cxa_finalize                            - Undefined Weak Reference
    __rt_locale                               - Undefined Weak Reference
    __sigvec_lookup                           - Undefined Weak Reference
    _atexit_init                              - Undefined Weak Reference
    _call_atexit_fns                          - Undefined Weak Reference
    _clock_init                               - Undefined Weak Reference
    _fp_trap_init                             - Undefined Weak Reference
    _fp_trap_shutdown                         - Undefined Weak Reference
    _get_lc_collate                           - Undefined Weak Reference
    _get_lc_ctype                             - Undefined Weak Reference
    _get_lc_monetary                          - Undefined Weak Reference
    _get_lc_numeric                           - Undefined Weak Reference
    _get_lc_time                              - Undefined Weak Reference
    _getenv_init                              - Undefined Weak Reference
    _handle_redirection                       - Undefined Weak Reference
    _init_alloc                               - Undefined Weak Reference
    _init_user_alloc                          - Undefined Weak Reference
    _initio                                   - Undefined Weak Reference
    _rand_init                                - Undefined Weak Reference
    _signal_finish                            - Undefined Weak Reference
    _signal_init                              - Undefined Weak Reference
    _terminate_alloc                          - Undefined Weak Reference
    _terminate_user_alloc                     - Undefined Weak Reference
    _terminateio                              - Undefined Weak Reference
    __Vectors_Size                           0x000000ec   Number         0  startup_stm32f10x_md.o ABSOLUTE
    __Vectors                                0x08000000   Data           4  startup_stm32f10x_md.o(RESET)
    __Vectors_End                            0x080000ec   Data           0  startup_stm32f10x_md.o(RESET)
    __main                                   0x080000ed   Thumb Code     8  __main.o(!!!main)
    __scatterload                            0x080000f5   Thumb Code     0  __scatter.o(!!!scatter)
    __scatterload_rt2                        0x080000f5   Thumb Code    44  __scatter.o(!!!scatter)
    __scatterload_rt2_thumb_only             0x080000f5   Thumb Code     0  __scatter.o(!!!scatter)
    __scatterload_null                       0x08000103   Thumb Code     0  __scatter.o(!!!scatter)
    __decompress                             0x08000129   Thumb Code   100  __dclz77c.o(!!dclz77c)
    __decompress2                            0x08000129   Thumb Code     0  __dclz77c.o(!!dclz77c)
    __scatterload_zeroinit                   0x0800018d   Thumb Code    28  __scatter_zi.o(!!handler_zi)
    __rt_lib_init                            0x080001a9   Thumb Code     0  libinit.o(.ARM.Collect$$libinit$$00000000)
    __rt_lib_init_alloca_1                   0x080001ab   Thumb Code     0  libinit2.o(.ARM.Collect$$libinit$$0000002E)
    __rt_lib_init_argv_1                     0x080001ab   Thumb Code     0  libinit2.o(.ARM.Collect$$libinit$$0000002C)
    __rt_lib_init_atexit_1                   0x080001ab   Thumb Code     0  libinit2.o(.ARM.Collect$$libinit$$0000001B)
    __rt_lib_init_clock_1                    0x080001ab   Thumb Code     0  libinit2.o(.ARM.Collect$$libinit$$00000021)
    __rt_lib_init_cpp_1                      0x080001ab   Thumb Code     0  libinit2.o(.ARM.Collect$$libinit$$00000032)
    __rt_lib_init_exceptions_1               0x080001ab   Thumb Code     0  libinit2.o(.ARM.Collect$$libinit$$00000030)
    __rt_lib_init_fp_1                       0x080001ab   Thumb Code     0  libinit2.o(.ARM.Collect$$libinit$$00000002)
    __rt_lib_init_fp_trap_1                  0x080001ab   Thumb Code     0  libinit2.o(.ARM.Collect$$libinit$$0000001F)
    __rt_lib_init_getenv_1                   0x080001ab   Thumb Code     0  libinit2.o(.ARM.Collect$$libinit$$00000023)
    __rt_lib_init_heap_1                     0x080001ab   Thumb Code     0  libinit2.o(.ARM.Collect$$libinit$$0000000A)
    __rt_lib_init_lc_collate_1               0x080001ab   Thumb Code     0  libinit2.o(.ARM.Collect$$libinit$$00000011)
    __rt_lib_init_lc_ctype_1                 0x080001ab   Thumb Code     0  libinit2.o(.ARM.Collect$$libinit$$00000013)
    __rt_lib_init_lc_monetary_1              0x080001ab   Thumb Code     0  libinit2.o(.ARM.Collect$$libinit$$00000015)
    __rt_lib_init_lc_numeric_1               0x080001ab   Thumb Code     0  libinit2.o(.ARM.Collect$$libinit$$00000017)
    __rt_lib_init_lc_time_1                  0x080001ab   Thumb Code     0  libinit2.o(.ARM.Collect$$libinit$$00000019)
    __rt_lib_init_preinit_1                  0x080001ab   Thumb Code     0  libinit2.o(.ARM.Collect$$libinit$$00000004)
    __rt_lib_init_rand_1                     0x080001ab   Thumb Code     0  libinit2.o(.ARM.Collect$$libinit$$0000000E)
    __rt_lib_init_return                     0x080001ab   Thumb Code     0  libinit2.o(.ARM.Collect$$libinit$$00000033)
    __rt_lib_init_signal_1                   0x080001ab   Thumb Code     0  libinit2.o(.ARM.Collect$$libinit$$0000001D)
    __rt_lib_init_stdio_1                    0x080001ab   Thumb Code     0  libinit2.o(.ARM.Collect$$libinit$$00000025)
    __rt_lib_init_user_alloc_1               0x080001ab   Thumb Code     0  libinit2.o(.ARM.Collect$$libinit$$0000000C)
    __rt_lib_shutdown                        0x080001ad   Thumb Code     0  libshutdown.o(.ARM.Collect$$libshutdown$$00000000)
    __rt_lib_shutdown_cpp_1                  0x080001af   Thumb Code     0  libshutdown2.o(.ARM.Collect$$libshutdown$$00000004)
    __rt_lib_shutdown_fini_1                 0x080001af   Thumb Code     0  libshutdown2.o(.ARM.Collect$$libshutdown$$00000002)
    __rt_lib_shutdown_fp_trap_1              0x080001af   Thumb Code     0  libshutdown2.o(.ARM.Collect$$libshutdown$$00000009)
    __rt_lib_shutdown_heap_1                 0x080001af   Thumb Code     0  libshutdown2.o(.ARM.Collect$$libshutdown$$00000011)
    __rt_lib_shutdown_return                 0x080001af   Thumb Code     0  libshutdown2.o(.ARM.Collect$$libshutdown$$00000012)
    __rt_lib_shutdown_signal_1               0x080001af   Thumb Code     0  libshutdown2.o(.ARM.Collect$$libshutdown$$0000000C)
    __rt_lib_shutdown_stdio_1                0x080001af   Thumb Code     0  libshutdown2.o(.ARM.Collect$$libshutdown$$00000006)
    __rt_lib_shutdown_user_alloc_1           0x080001af   Thumb Code     0  libshutdown2.o(.ARM.Collect$$libshutdown$$0000000E)
    __rt_entry                               0x080001b1   Thumb Code     0  __rtentry.o(.ARM.Collect$$rtentry$$00000000)
    __rt_entry_presh_1                       0x080001b1   Thumb Code     0  __rtentry2.o(.ARM.Collect$$rtentry$$00000002)
    __rt_entry_sh                            0x080001b1   Thumb Code     0  __rtentry4.o(.ARM.Collect$$rtentry$$00000004)
    __rt_entry_li                            0x080001b7   Thumb Code     0  __rtentry2.o(.ARM.Collect$$rtentry$$0000000A)
    __rt_entry_postsh_1                      0x080001b7   Thumb Code     0  __rtentry2.o(.ARM.Collect$$rtentry$$00000009)
    __rt_entry_main                          0x080001bb   Thumb Code     0  __rtentry2.o(.ARM.Collect$$rtentry$$0000000D)
    __rt_entry_postli_1                      0x080001bb   Thumb Code     0  __rtentry2.o(.ARM.Collect$$rtentry$$0000000C)
    __rt_exit                                0x080001c3   Thumb Code     0  rtexit.o(.ARM.Collect$$rtexit$$00000000)
    __rt_exit_ls                             0x080001c5   Thumb Code     0  rtexit2.o(.ARM.Collect$$rtexit$$00000003)
    __rt_exit_prels_1                        0x080001c5   Thumb Code     0  rtexit2.o(.ARM.Collect$$rtexit$$00000002)
    __rt_exit_exit                           0x080001c9   Thumb Code     0  rtexit2.o(.ARM.Collect$$rtexit$$00000004)
    Reset_Handler                            0x080001d1   Thumb Code     8  startup_stm32f10x_md.o(.text)
    ADC1_2_IRQHandler                        0x080001eb   Thumb Code     0  startup_stm32f10x_md.o(.text)
    CAN1_RX1_IRQHandler                      0x080001eb   Thumb Code     0  startup_stm32f10x_md.o(.text)
    CAN1_SCE_IRQHandler                      0x080001eb   Thumb Code     0  startup_stm32f10x_md.o(.text)
    DMA1_Channel1_IRQHandler                 0x080001eb   Thumb Code     0  startup_stm32f10x_md.o(.text)
    DMA1_Channel2_IRQHandler                 0x080001eb   Thumb Code     0  startup_stm32f10x_md.o(.text)
    DMA1_Channel3_IRQHandler                 0x080001eb   Thumb Code     0  startup_stm32f10x_md.o(.text)
    DMA1_Channel4_IRQHandler                 0x080001eb   Thumb Code     0  startup_stm32f10x_md.o(.text)
    DMA1_Channel5_IRQHandler                 0x080001eb   Thumb Code     0  startup_stm32f10x_md.o(.text)
    DMA1_Channel6_IRQHandler                 0x080001eb   Thumb Code     0  startup_stm32f10x_md.o(.text)
    DMA1_Channel7_IRQHandler                 0x080001eb   Thumb Code     0  startup_stm32f10x_md.o(.text)
    EXTI0_IRQHandler                         0x080001eb   Thumb Code     0  startup_stm32f10x_md.o(.text)
    EXTI15_10_IRQHandler                     0x080001eb   Thumb Code     0  startup_stm32f10x_md.o(.text)
    EXTI1_IRQHandler                         0x080001eb   Thumb Code     0  startup_stm32f10x_md.o(.text)
    EXTI2_IRQHandler                         0x080001eb   Thumb Code     0  startup_stm32f10x_md.o(.text)
    EXTI3_IRQHandler                         0x080001eb   Thumb Code     0  startup_stm32f10x_md.o(.text)
    EXTI4_IRQHandler                         0x080001eb   Thumb Code     0  startup_stm32f10x_md.o(.text)
    EXTI9_5_IRQHandler                       0x080001eb   Thumb Code     0  startup_stm32f10x_md.o(.text)
    FLASH_IRQHandler                         0x080001eb   Thumb Code     0  startup_stm32f10x_md.o(.text)
    I2C1_ER_IRQHandler                       0x080001eb   Thumb Code     0  startup_stm32f10x_md.o(.text)
    I2C1_EV_IRQHandler                       0x080001eb   Thumb Code     0  startup_stm32f10x_md.o(.text)
    I2C2_ER_IRQHandler                       0x080001eb   Thumb Code     0  startup_stm32f10x_md.o(.text)
    I2C2_EV_IRQHandler                       0x080001eb   Thumb Code     0  startup_stm32f10x_md.o(.text)
    PVD_IRQHandler                           0x080001eb   Thumb Code     0  startup_stm32f10x_md.o(.text)
    RCC_IRQHandler                           0x080001eb   Thumb Code     0  startup_stm32f10x_md.o(.text)
    RTCAlarm_IRQHandler                      0x080001eb   Thumb Code     0  startup_stm32f10x_md.o(.text)
    RTC_IRQHandler                           0x080001eb   Thumb Code     0  startup_stm32f10x_md.o(.text)
    SPI1_IRQHandler                          0x080001eb   Thumb Code     0  startup_stm32f10x_md.o(.text)
    SPI2_IRQHandler                          0x080001eb   Thumb Code     0  startup_stm32f10x_md.o(.text)
    TAMPER_IRQHandler                        0x080001eb   Thumb Code     0  startup_stm32f10x_md.o(.text)
    TIM1_BRK_IRQHandler                      0x080001eb   Thumb Code     0  startup_stm32f10x_md.o(.text)
    TIM1_CC_IRQHandler                       0x080001eb   Thumb Code     0  startup_stm32f10x_md.o(.text)
    TIM1_TRG_COM_IRQHandler                  0x080001eb   Thumb Code     0  startup_stm32f10x_md.o(.text)
    TIM1_UP_IRQHandler                       0x080001eb   Thumb Code     0  startup_stm32f10x_md.o(.text)
    TIM2_IRQHandler                          0x080001eb   Thumb Code     0  startup_stm32f10x_md.o(.text)
    TIM3_IRQHandler                          0x080001eb   Thumb Code     0  startup_stm32f10x_md.o(.text)
    TIM4_IRQHandler                          0x080001eb   Thumb Code     0  startup_stm32f10x_md.o(.text)
    USART1_IRQHandler                        0x080001eb   Thumb Code     0  startup_stm32f10x_md.o(.text)
    USART2_IRQHandler                        0x080001eb   Thumb Code     0  startup_stm32f10x_md.o(.text)
    USART3_IRQHandler                        0x080001eb   Thumb Code     0  startup_stm32f10x_md.o(.text)
    USBWakeUp_IRQHandler                     0x080001eb   Thumb Code     0  startup_stm32f10x_md.o(.text)
    USB_HP_CAN1_TX_IRQHandler                0x080001eb   Thumb Code     0  startup_stm32f10x_md.o(.text)
    USB_LP_CAN1_RX0_IRQHandler               0x080001eb   Thumb Code     0  startup_stm32f10x_md.o(.text)
    WWDG_IRQHandler                          0x080001eb   Thumb Code     0  startup_stm32f10x_md.o(.text)
    __user_initial_stackheap                 0x080001ed   Thumb Code     0  startup_stm32f10x_md.o(.text)
    __use_two_region_memory                  0x08000211   Thumb Code     2  heapauxi.o(.text)
    __rt_heap_escrow$2region                 0x08000213   Thumb Code     2  heapauxi.o(.text)
    __rt_heap_expand$2region                 0x08000215   Thumb Code     2  heapauxi.o(.text)
    __user_setup_stackheap                   0x08000217   Thumb Code    74  sys_stackheap_outer.o(.text)
    exit                                     0x08000261   Thumb Code    18  exit.o(.text)
    __user_libspace                          0x08000275   Thumb Code     8  libspace.o(.text)
    __user_perproc_libspace                  0x08000275   Thumb Code     0  libspace.o(.text)
    __user_perthread_libspace                0x08000275   Thumb Code     0  libspace.o(.text)
    _sys_exit                                0x0800027d   Thumb Code     8  sys_exit.o(.text)
    __I$use$semihosting                      0x08000289   Thumb Code     0  use_no_semi.o(.text)
    __use_no_semihosting_swi                 0x08000289   Thumb Code     2  use_no_semi.o(.text)
    BusFault_Handler                         0x0800028b   Thumb Code     4  stm32f10x_it.o(i.BusFault_Handler)
    __semihosting_library_function           0x0800028b   Thumb Code     0  indicate_semi.o(.text)
    DebugMon_Handler                         0x0800028f   Thumb Code     2  stm32f10x_it.o(i.DebugMon_Handler)
    GPIO_Init                                0x08000291   Thumb Code   378  stm32f10x_gpio.o(i.GPIO_Init)
    GPIO_ReadInputDataBit                    0x08000445   Thumb Code   170  stm32f10x_gpio.o(i.GPIO_ReadInputDataBit)
    GPIO_ResetBits                           0x08000529   Thumb Code    82  stm32f10x_gpio.o(i.GPIO_ResetBits)
    GPIO_SetBits                             0x080005b5   Thumb Code    82  stm32f10x_gpio.o(i.GPIO_SetBits)
    HardFault_Handler                        0x08000641   Thumb Code     4  stm32f10x_it.o(i.HardFault_Handler)
    I2C_Delay                                0x08000645   Thumb Code    12  oled.o(i.I2C_Delay)
    I2C_SendByte                             0x08000651   Thumb Code    62  oled.o(i.I2C_SendByte)
    I2C_Start                                0x0800068f   Thumb Code    20  oled.o(i.I2C_Start)
    I2C_Stop                                 0x080006a3   Thumb Code    20  oled.o(i.I2C_Stop)
    KEY_Init                                 0x080006b9   Thumb Code    40  key.o(i.KEY_Init)
    KEY_Scan                                 0x080006e5   Thumb Code   226  key.o(i.KEY_Scan)
    Key_DelayMs                              0x080007cd   Thumb Code    20  key.o(i.Key_DelayMs)
    MemManage_Handler                        0x080007e1   Thumb Code     4  stm32f10x_it.o(i.MemManage_Handler)
    NMI_Handler                              0x080007e5   Thumb Code     2  stm32f10x_it.o(i.NMI_Handler)
    OLED_Clear                               0x080007e9   Thumb Code    36  oled.o(i.OLED_Clear)
    OLED_Init                                0x08000811   Thumb Code   282  oled.o(i.OLED_Init)
    OLED_Refresh                             0x08000935   Thumb Code    62  oled.o(i.OLED_Refresh)
    OLED_SCL_Clr                             0x08000979   Thumb Code    18  oled.o(i.OLED_SCL_Clr)
    OLED_SCL_Set                             0x08000991   Thumb Code    18  oled.o(i.OLED_SCL_Set)
    OLED_SDA_Clr                             0x080009a9   Thumb Code    18  oled.o(i.OLED_SDA_Clr)
    OLED_SDA_Set                             0x080009c1   Thumb Code    18  oled.o(i.OLED_SDA_Set)
    OLED_ShowChar                            0x080009d9   Thumb Code    72  oled.o(i.OLED_ShowChar)
    OLED_ShowChinese                         0x08000a29   Thumb Code    58  oled.o(i.OLED_ShowChinese)
    OLED_ShowNum                             0x08000a6d   Thumb Code    88  oled.o(i.OLED_ShowNum)
    OLED_ShowString                          0x08000ac5   Thumb Code    36  oled.o(i.OLED_ShowString)
    OLED_WriteCmd                            0x08000ae9   Thumb Code    32  oled.o(i.OLED_WriteCmd)
    OLED_WriteData                           0x08000b09   Thumb Code    32  oled.o(i.OLED_WriteData)
    PendSV_Handler                           0x08000b29   Thumb Code     2  stm32f10x_it.o(i.PendSV_Handler)
    RCC_APB2PeriphClockCmd                   0x08000b2d   Thumb Code    70  stm32f10x_rcc.o(i.RCC_APB2PeriphClockCmd)
    SVC_Handler                              0x08000b95   Thumb Code     2  stm32f10x_it.o(i.SVC_Handler)
    SysTick_Handler                          0x08000c81   Thumb Code     2  stm32f10x_it.o(i.SysTick_Handler)
    SystemInit                               0x08000c85   Thumb Code    78  system_stm32f10x.o(i.SystemInit)
    UsageFault_Handler                       0x08000ce5   Thumb Code     4  stm32f10x_it.o(i.UsageFault_Handler)
    assert_failed                            0x08000ce9   Thumb Code     4  assert.o(i.assert_failed)
    main                                     0x08000ced   Thumb Code   390  main.o(i.main)
    OLED_F8x16                               0x08000e9c   Data        1520  font.o(.constdata)
    Region$$Table$$Base                      0x0800148c   Number         0  anon$$obj.o(Region$$Table)
    Region$$Table$$Limit                     0x080014ac   Number         0  anon$$obj.o(Region$$Table)
    ChineseFont                              0x20000000   Data         544  font.o(.data)
    __libspace_start                         0x20000620   Data          96  libspace.o(.bss)
    __temporary_stack_top$libspace           0x20000680   Data           0  libspace.o(.bss)



==============================================================================

Memory Map of the image

  Image Entry point : 0x080000ed

  Load Region LR_IROM1 (Base: 0x08000000, Size: 0x000016cc, Max: 0x00010000, ABSOLUTE, COMPRESSED[0x00001620])

    Execution Region ER_IROM1 (Exec base: 0x08000000, Load base: 0x08000000, Size: 0x000014ac, Max: 0x00010000, ABSOLUTE)

    Exec Addr    Load Addr    Size         Type   Attr      Idx    E Section Name        Object

    0x08000000   0x08000000   0x000000ec   Data   RO         3265    RESET               startup_stm32f10x_md.o
    0x080000ec   0x080000ec   0x00000008   Code   RO         3575  * !!!main             c_w.l(__main.o)
    0x080000f4   0x080000f4   0x00000034   Code   RO         3753    !!!scatter          c_w.l(__scatter.o)
    0x08000128   0x08000128   0x00000064   Code   RO         3751    !!dclz77c           c_w.l(__dclz77c.o)
    0x0800018c   0x0800018c   0x0000001c   Code   RO         3755    !!handler_zi        c_w.l(__scatter_zi.o)
    0x080001a8   0x080001a8   0x00000002   Code   RO         3619    .ARM.Collect$$libinit$$00000000  c_w.l(libinit.o)
    0x080001aa   0x080001aa   0x00000000   Code   RO         3626    .ARM.Collect$$libinit$$00000002  c_w.l(libinit2.o)
    0x080001aa   0x080001aa   0x00000000   Code   RO         3628    .ARM.Collect$$libinit$$00000004  c_w.l(libinit2.o)
    0x080001aa   0x080001aa   0x00000000   Code   RO         3631    .ARM.Collect$$libinit$$0000000A  c_w.l(libinit2.o)
    0x080001aa   0x080001aa   0x00000000   Code   RO         3633    .ARM.Collect$$libinit$$0000000C  c_w.l(libinit2.o)
    0x080001aa   0x080001aa   0x00000000   Code   RO         3635    .ARM.Collect$$libinit$$0000000E  c_w.l(libinit2.o)
    0x080001aa   0x080001aa   0x00000000   Code   RO         3638    .ARM.Collect$$libinit$$00000011  c_w.l(libinit2.o)
    0x080001aa   0x080001aa   0x00000000   Code   RO         3640    .ARM.Collect$$libinit$$00000013  c_w.l(libinit2.o)
    0x080001aa   0x080001aa   0x00000000   Code   RO         3642    .ARM.Collect$$libinit$$00000015  c_w.l(libinit2.o)
    0x080001aa   0x080001aa   0x00000000   Code   RO         3644    .ARM.Collect$$libinit$$00000017  c_w.l(libinit2.o)
    0x080001aa   0x080001aa   0x00000000   Code   RO         3646    .ARM.Collect$$libinit$$00000019  c_w.l(libinit2.o)
    0x080001aa   0x080001aa   0x00000000   Code   RO         3648    .ARM.Collect$$libinit$$0000001B  c_w.l(libinit2.o)
    0x080001aa   0x080001aa   0x00000000   Code   RO         3650    .ARM.Collect$$libinit$$0000001D  c_w.l(libinit2.o)
    0x080001aa   0x080001aa   0x00000000   Code   RO         3652    .ARM.Collect$$libinit$$0000001F  c_w.l(libinit2.o)
    0x080001aa   0x080001aa   0x00000000   Code   RO         3654    .ARM.Collect$$libinit$$00000021  c_w.l(libinit2.o)
    0x080001aa   0x080001aa   0x00000000   Code   RO         3656    .ARM.Collect$$libinit$$00000023  c_w.l(libinit2.o)
    0x080001aa   0x080001aa   0x00000000   Code   RO         3658    .ARM.Collect$$libinit$$00000025  c_w.l(libinit2.o)
    0x080001aa   0x080001aa   0x00000000   Code   RO         3662    .ARM.Collect$$libinit$$0000002C  c_w.l(libinit2.o)
    0x080001aa   0x080001aa   0x00000000   Code   RO         3664    .ARM.Collect$$libinit$$0000002E  c_w.l(libinit2.o)
    0x080001aa   0x080001aa   0x00000000   Code   RO         3666    .ARM.Collect$$libinit$$00000030  c_w.l(libinit2.o)
    0x080001aa   0x080001aa   0x00000000   Code   RO         3668    .ARM.Collect$$libinit$$00000032  c_w.l(libinit2.o)
    0x080001aa   0x080001aa   0x00000002   Code   RO         3669    .ARM.Collect$$libinit$$00000033  c_w.l(libinit2.o)
    0x080001ac   0x080001ac   0x00000002   Code   RO         3689    .ARM.Collect$$libshutdown$$00000000  c_w.l(libshutdown.o)
    0x080001ae   0x080001ae   0x00000000   Code   RO         3702    .ARM.Collect$$libshutdown$$00000002  c_w.l(libshutdown2.o)
    0x080001ae   0x080001ae   0x00000000   Code   RO         3704    .ARM.Collect$$libshutdown$$00000004  c_w.l(libshutdown2.o)
    0x080001ae   0x080001ae   0x00000000   Code   RO         3706    .ARM.Collect$$libshutdown$$00000006  c_w.l(libshutdown2.o)
    0x080001ae   0x080001ae   0x00000000   Code   RO         3709    .ARM.Collect$$libshutdown$$00000009  c_w.l(libshutdown2.o)
    0x080001ae   0x080001ae   0x00000000   Code   RO         3712    .ARM.Collect$$libshutdown$$0000000C  c_w.l(libshutdown2.o)
    0x080001ae   0x080001ae   0x00000000   Code   RO         3714    .ARM.Collect$$libshutdown$$0000000E  c_w.l(libshutdown2.o)
    0x080001ae   0x080001ae   0x00000000   Code   RO         3717    .ARM.Collect$$libshutdown$$00000011  c_w.l(libshutdown2.o)
    0x080001ae   0x080001ae   0x00000002   Code   RO         3718    .ARM.Collect$$libshutdown$$00000012  c_w.l(libshutdown2.o)
    0x080001b0   0x080001b0   0x00000000   Code   RO         3589    .ARM.Collect$$rtentry$$00000000  c_w.l(__rtentry.o)
    0x080001b0   0x080001b0   0x00000000   Code   RO         3596    .ARM.Collect$$rtentry$$00000002  c_w.l(__rtentry2.o)
    0x080001b0   0x080001b0   0x00000006   Code   RO         3608    .ARM.Collect$$rtentry$$00000004  c_w.l(__rtentry4.o)
    0x080001b6   0x080001b6   0x00000000   Code   RO         3598    .ARM.Collect$$rtentry$$00000009  c_w.l(__rtentry2.o)
    0x080001b6   0x080001b6   0x00000004   Code   RO         3599    .ARM.Collect$$rtentry$$0000000A  c_w.l(__rtentry2.o)
    0x080001ba   0x080001ba   0x00000000   Code   RO         3601    .ARM.Collect$$rtentry$$0000000C  c_w.l(__rtentry2.o)
    0x080001ba   0x080001ba   0x00000008   Code   RO         3602    .ARM.Collect$$rtentry$$0000000D  c_w.l(__rtentry2.o)
    0x080001c2   0x080001c2   0x00000002   Code   RO         3623    .ARM.Collect$$rtexit$$00000000  c_w.l(rtexit.o)
    0x080001c4   0x080001c4   0x00000000   Code   RO         3671    .ARM.Collect$$rtexit$$00000002  c_w.l(rtexit2.o)
    0x080001c4   0x080001c4   0x00000004   Code   RO         3672    .ARM.Collect$$rtexit$$00000003  c_w.l(rtexit2.o)
    0x080001c8   0x080001c8   0x00000006   Code   RO         3673    .ARM.Collect$$rtexit$$00000004  c_w.l(rtexit2.o)
    0x080001ce   0x080001ce   0x00000002   PAD
    0x080001d0   0x080001d0   0x00000040   Code   RO         3266    .text               startup_stm32f10x_md.o
    0x08000210   0x08000210   0x00000006   Code   RO         3573    .text               c_w.l(heapauxi.o)
    0x08000216   0x08000216   0x0000004a   Code   RO         3610    .text               c_w.l(sys_stackheap_outer.o)
    0x08000260   0x08000260   0x00000012   Code   RO         3612    .text               c_w.l(exit.o)
    0x08000272   0x08000272   0x00000002   PAD
    0x08000274   0x08000274   0x00000008   Code   RO         3620    .text               c_w.l(libspace.o)
    0x0800027c   0x0800027c   0x0000000c   Code   RO         3681    .text               c_w.l(sys_exit.o)
    0x08000288   0x08000288   0x00000002   Code   RO         3692    .text               c_w.l(use_no_semi.o)
    0x0800028a   0x0800028a   0x00000000   Code   RO         3694    .text               c_w.l(indicate_semi.o)
    0x0800028a   0x0800028a   0x00000004   Code   RO            1    i.BusFault_Handler  stm32f10x_it.o
    0x0800028e   0x0800028e   0x00000002   Code   RO            2    i.DebugMon_Handler  stm32f10x_it.o
    0x08000290   0x08000290   0x000001b4   Code   RO         1356    i.GPIO_Init         stm32f10x_gpio.o
    0x08000444   0x08000444   0x000000e4   Code   RO         1360    i.GPIO_ReadInputDataBit  stm32f10x_gpio.o
    0x08000528   0x08000528   0x0000008c   Code   RO         1363    i.GPIO_ResetBits    stm32f10x_gpio.o
    0x080005b4   0x080005b4   0x0000008c   Code   RO         1364    i.GPIO_SetBits      stm32f10x_gpio.o
    0x08000640   0x08000640   0x00000004   Code   RO            3    i.HardFault_Handler  stm32f10x_it.o
    0x08000644   0x08000644   0x0000000c   Code   RO         3331    i.I2C_Delay         oled.o
    0x08000650   0x08000650   0x0000003e   Code   RO         3332    i.I2C_SendByte      oled.o
    0x0800068e   0x0800068e   0x00000014   Code   RO         3333    i.I2C_Start         oled.o
    0x080006a2   0x080006a2   0x00000014   Code   RO         3334    i.I2C_Stop          oled.o
    0x080006b6   0x080006b6   0x00000002   PAD
    0x080006b8   0x080006b8   0x0000002c   Code   RO         3304    i.KEY_Init          key.o
    0x080006e4   0x080006e4   0x000000e8   Code   RO         3305    i.KEY_Scan          key.o
    0x080007cc   0x080007cc   0x00000014   Code   RO         3306    i.Key_DelayMs       key.o
    0x080007e0   0x080007e0   0x00000004   Code   RO            4    i.MemManage_Handler  stm32f10x_it.o
    0x080007e4   0x080007e4   0x00000002   Code   RO            5    i.NMI_Handler       stm32f10x_it.o
    0x080007e6   0x080007e6   0x00000002   PAD
    0x080007e8   0x080007e8   0x00000028   Code   RO         3335    i.OLED_Clear        oled.o
    0x08000810   0x08000810   0x00000124   Code   RO         3336    i.OLED_Init         oled.o
    0x08000934   0x08000934   0x00000044   Code   RO         3337    i.OLED_Refresh      oled.o
    0x08000978   0x08000978   0x00000018   Code   RO         3338    i.OLED_SCL_Clr      oled.o
    0x08000990   0x08000990   0x00000018   Code   RO         3339    i.OLED_SCL_Set      oled.o
    0x080009a8   0x080009a8   0x00000018   Code   RO         3340    i.OLED_SDA_Clr      oled.o
    0x080009c0   0x080009c0   0x00000018   Code   RO         3341    i.OLED_SDA_Set      oled.o
    0x080009d8   0x080009d8   0x00000050   Code   RO         3343    i.OLED_ShowChar     oled.o
    0x08000a28   0x08000a28   0x00000044   Code   RO         3344    i.OLED_ShowChinese  oled.o
    0x08000a6c   0x08000a6c   0x00000058   Code   RO         3345    i.OLED_ShowNum      oled.o
    0x08000ac4   0x08000ac4   0x00000024   Code   RO         3346    i.OLED_ShowString   oled.o
    0x08000ae8   0x08000ae8   0x00000020   Code   RO         3347    i.OLED_WriteCmd     oled.o
    0x08000b08   0x08000b08   0x00000020   Code   RO         3348    i.OLED_WriteData    oled.o
    0x08000b28   0x08000b28   0x00000002   Code   RO            6    i.PendSV_Handler    stm32f10x_it.o
    0x08000b2a   0x08000b2a   0x00000002   PAD
    0x08000b2c   0x08000b2c   0x00000068   Code   RO         1786    i.RCC_APB2PeriphClockCmd  stm32f10x_rcc.o
    0x08000b94   0x08000b94   0x00000002   Code   RO            7    i.SVC_Handler       stm32f10x_it.o
    0x08000b96   0x08000b96   0x00000008   Code   RO         3216    i.SetSysClock       system_stm32f10x.o
    0x08000b9e   0x08000b9e   0x00000002   PAD
    0x08000ba0   0x08000ba0   0x000000e0   Code   RO         3217    i.SetSysClockTo72   system_stm32f10x.o
    0x08000c80   0x08000c80   0x00000002   Code   RO            8    i.SysTick_Handler   stm32f10x_it.o
    0x08000c82   0x08000c82   0x00000002   PAD
    0x08000c84   0x08000c84   0x00000060   Code   RO         3219    i.SystemInit        system_stm32f10x.o
    0x08000ce4   0x08000ce4   0x00000004   Code   RO            9    i.UsageFault_Handler  stm32f10x_it.o
    0x08000ce8   0x08000ce8   0x00000004   Code   RO          157    i.assert_failed     assert.o
    0x08000cec   0x08000cec   0x000001b0   Code   RO          101    i.main              main.o
    0x08000e9c   0x08000e9c   0x000005f0   Data   RO         3291    .constdata          font.o
    0x0800148c   0x0800148c   0x00000020   Data   RO         3749    Region$$Table       anon$$obj.o


    Execution Region RW_IRAM1 (Exec base: 0x20000000, Load base: 0x080014ac, Size: 0x00000c80, Max: 0x00005000, ABSOLUTE, COMPRESSED[0x00000174])

    Exec Addr    Load Addr    Size         Type   Attr      Idx    E Section Name        Object

    0x20000000   COMPRESSED   0x00000220   Data   RW         3292    .data               font.o
    0x20000220        -       0x00000400   Zero   RW         3349    .bss                oled.o
    0x20000620        -       0x00000060   Zero   RW         3621    .bss                c_w.l(libspace.o)
    0x20000680        -       0x00000200   Zero   RW         3264    HEAP                startup_stm32f10x_md.o
    0x20000880        -       0x00000400   Zero   RW         3263    STACK               startup_stm32f10x_md.o


==============================================================================

Image component sizes


      Code (inc. data)   RO Data    RW Data    ZI Data      Debug   Object Name

         4          0          0          0          0        632   assert.o
         0          0          0          0          0         32   core_cm3.o
         0          0       1520        544          0        509   font.o
       296         10          0          0          0       1836   key.o
       432         48          0          0          0       9527   main.o
       946         62          0          0       1024       8935   oled.o
        64         26        236          0       1536        772   startup_stm32f10x_md.o
       944        232          0          0          0      12092   stm32f10x_gpio.o
        26          0          0          0          0     218066   stm32f10x_it.o
       104         34          0          0          0        573   stm32f10x_rcc.o
       328         28          0          0          0       1737   system_stm32f10x.o

    ----------------------------------------------------------------------
      3154        440       1788        544       2560     254711   Object Totals
         0          0         32          0          0          0   (incl. Generated)
        10          0          0          0          0          0   (incl. Padding)

    ----------------------------------------------------------------------

      Code (inc. data)   RO Data    RW Data    ZI Data      Debug   Library Member Name

       100          0          0          0          0          0   __dclz77c.o
         8          0          0          0          0         68   __main.o
         0          0          0          0          0          0   __rtentry.o
        12          0          0          0          0          0   __rtentry2.o
         6          0          0          0          0          0   __rtentry4.o
        52          8          0          0          0          0   __scatter.o
        28          0          0          0          0          0   __scatter_zi.o
        18          0          0          0          0         80   exit.o
         6          0          0          0          0        152   heapauxi.o
         0          0          0          0          0          0   indicate_semi.o
         2          0          0          0          0          0   libinit.o
         2          0          0          0          0          0   libinit2.o
         2          0          0          0          0          0   libshutdown.o
         2          0          0          0          0          0   libshutdown2.o
         8          4          0          0         96         68   libspace.o
         2          0          0          0          0          0   rtexit.o
        10          0          0          0          0          0   rtexit2.o
        12          4          0          0          0         68   sys_exit.o
        74          0          0          0          0         80   sys_stackheap_outer.o
         2          0          0          0          0         68   use_no_semi.o

    ----------------------------------------------------------------------
       350         16          0          0         96        584   Library Totals
         4          0          0          0          0          0   (incl. Padding)

    ----------------------------------------------------------------------

      Code (inc. data)   RO Data    RW Data    ZI Data      Debug   Library Name

       346         16          0          0         96        584   c_w.l

    ----------------------------------------------------------------------
       350         16          0          0         96        584   Library Totals

    ----------------------------------------------------------------------

==============================================================================


      Code (inc. data)   RO Data    RW Data    ZI Data      Debug   

      3504        456       1788        544       2656     253315   Grand Totals
      3504        456       1788        372       2656     253315   ELF Image Totals (compressed)
      3504        456       1788        372          0          0   ROM Totals

==============================================================================

    Total RO  Size (Code + RO Data)                 5292 (   5.17kB)
    Total RW  Size (RW Data + ZI Data)              3200 (   3.13kB)
    Total ROM Size (Code + RO Data + RW Data)       5664 (   5.53kB)

==============================================================================

